******************************************************************************
                  TI ARM Linker Unix v16.9.3                   
******************************************************************************
>> Linked Sun Feb 11 00:04:27 2018

OUTPUT FILE NAME:   <tm4c_operatingSys.out>
ENTRY POINT SYMBOL: "_c_int00"  address: 00003541


MEMORY CONFIGURATION

         name            origin    length      used     unused   attr    fill
----------------------  --------  ---------  --------  --------  ----  --------
  FLASH                 00000000   00100000  0000425a  000fbda6  R  X
  SRAM                  20000000   00040000  000016ee  0003e912  RW X


SEGMENT ALLOCATION MAP

run origin  load origin   length   init length attrs members
----------  ----------- ---------- ----------- ----- -------
00000000    00000000    00004260   00004260    r-x
  00000000    00000000    00000208   00000208    r-- .intvecs
  00000208    00000208    00003aee   00003aee    r-x .text
  00003cf8    00003cf8    0000050c   0000050c    r-- .const
  00004208    00004208    00000058   00000058    r-- .cinit
20000000    20000000    000016f6   00000000    rw-
  20000000    20000000    0000026c   00000000    rw- .vtable
  2000026c    2000026c    00000800   00000000    rw- .stack
  20000a70    20000a70    00000800   00000000    rw- .sysmem
  20001270    20001270    0000040c   00000000    rw- .bss
  20001680    20001680    00000076   00000000    rw- .data


SECTION ALLOCATION MAP

 output                                  attributes/
section   page    origin      length       input sections
--------  ----  ----------  ----------   ----------------
.intvecs   0    00000000    00000208     
                  00000000    00000208     tm4c1294ncpdt_startup_ccs.obj (.intvecs)

.text      0    00000208    00003aee     
                  00000208    0000069c     main.obj (.text)
                  000008a4    00000558     taskScheduler.obj (.text)
                  00000dfc    000004e0     eventLog.obj (.text)
                  000012dc    0000049c     uartstdio.obj (.text)
                  00001778    000003d6     linkedList.obj (.text)
                  00001b4e    00000002     rtsv7M4_T_le_v4SPD16_eabi.lib : i_div0.obj (.text)
                  00001b50    000003d0                                   : memory.obj (.text)
                  00001f20    00000330     testModule.obj (.text)
                  00002250    000002e6     taskEntry.obj (.text)
                  00002536    00000002     rtsv7M4_T_le_v4SPD16_eabi.lib : mpu_init.obj (.text)
                  00002538    00000200     driverlib.lib : sysctl.obj (.text:SysCtlClockFreqSet)
                  00002738    000001b6     rtsv7M4_T_le_v4SPD16_eabi.lib : fd_add_t2.obj (.text)
                  000028ee    00000002                                   : newhandler.obj (.text)
                  000028f0    00000170     uartHW.obj (.text)
                  00002a60    00000136     rtsv7M4_T_le_v4SPD16_eabi.lib : fd_div_t2.obj (.text)
                  00002b96    00000132     driverlib.lib : gpio.obj (.text:GPIOPadConfigSet)
                  00002cc8    0000010c     hal_common_tm4c.obj (.text)
                  00002dd4    000000fc     rtsv7M4_T_le_v4SPD16_eabi.lib : fd_mul_t2.obj (.text)
                  00002ed0    000000f4                                   : dtor_list.obj (.text)
                  00002fc4    000000bc                                   : s_trunc.obj (.text)
                  00003080    000000b4     hal_ts_tm4c.obj (.text)
                  00003134    0000009c     rtsv7M4_T_le_v4SPD16_eabi.lib : memcpy_t2.obj (.text)
                  000031d0    00000086                                   : fd_cmp_t2.obj (.text:__aeabi_cdrcmple)
                  00003256    0000007a                                   : memset_t2.obj (.text)
                  000032d0    00000070                                   : autoinit.obj (.text)
                  00003340    0000006e                                   : fd_tos_t2.obj (.text)
                  000033ae    00000002                                   : startup.obj (.text)
                  000033b0    00000068     driverlib.lib : interrupt.obj (.text:IntEnable)
                  00003418    00000068     rtsv7M4_T_le_v4SPD16_eabi.lib : copy_decompress_lzss.obj (.text:decompress:lzss)
                  00003480    00000064     taskScheduler.obj (.text:_ZN11Performance11TaskEndHookERKy)
                  000034e4    0000005c     taskScheduler.obj (.text:_ZN11Performance13TaskStartHookERKyS1_S1_)
                  00003540    00000054     rtsv7M4_T_le_v4SPD16_eabi.lib : boot.obj (.text)
                  00003594    00000054                                   : exit.obj (.text)
                  000035e8    0000004c                                   : cpy_tbl.obj (.text)
                  00003634    00000048     driverlib.lib : gpio.obj (.text:GPIOPinConfigure)
                  0000367c    00000048                   : sysctl.obj (.text:_SysCtlFrequencyGet)
                  000036c4    00000048     rtsv7M4_T_le_v4SPD16_eabi.lib : fd_toi_t2.obj (.text)
                  0000370c    00000046     driverlib.lib : uart.obj (.text:UARTConfigSetExpClk)
                  00003752    00000002     --HOLE-- [fill = 0]
                  00003754    00000040                   : uart.obj (.text:_UARTIntNumberGet)
                  00003794    00000040     rtsv7M4_T_le_v4SPD16_eabi.lib : u_divt2.obj (.text)
                  000037d4    0000003e     taskEntry.obj (.text:_ZN11PerformanceaSERVKS_)
                  00003812    0000003e     taskEntry.obj (.text:_ZNV11PerformanceaSERVS_)
                  00003850    0000003c     taskEntry.obj (.text:_ZN11PerformanceC1Ev)
                  0000388c    00000038     driverlib.lib : sysctl.obj (.text:SysCtlPeripheralPresent)
                  000038c4    00000038     rtsv7M4_T_le_v4SPD16_eabi.lib : fs_tod_t2.obj (.text)
                  000038fc    00000034     driverlib.lib : interrupt.obj (.text:IntRegister)
                  00003930    00000034                   : sysctl.obj (.text:SysCtlPeripheralEnable)
                  00003964    00000030     rtsv7M4_T_le_v4SPD16_eabi.lib : new_.obj (.text)
                  00003994    0000002a     driverlib.lib : gpio.obj (.text:GPIODirModeSet)
                  000039be    0000002a     main.obj (.text:_ZNV13TaskScheduler6AddArgIfEEvT_)
                  000039e8    0000002a     main.obj (.text:_ZNV13TaskScheduler6AddArgIhEEvT_)
                  00003a12    0000002a     main.obj (.text:_ZNV13TaskScheduler6AddArgIsEEvT_)
                  00003a3c    00000024     driverlib.lib : interrupt.obj (.text:IntPrioritySet)
                  00003a60    00000020                   : uart.obj (.text:UARTDisable)
                  00003a80    00000020                   : sysctl.obj (.text:_SysCtlMemTimingGet)
                  00003aa0    00000020     linkedList.obj (.text:_ZNV10LinkedList7IsEmptyEv)
                  00003ac0    00000020     rtsv7M4_T_le_v4SPD16_eabi.lib : guard.obj (.text)
                  00003ae0    0000001e     driverlib.lib : pwm.obj (.text:PWMPulseWidthGet)
                  00003afe    0000001e                   : pwm.obj (.text:PWMPulseWidthSet)
                  00003b1c    0000001c                   : systick.obj (.text:SysTickIntRegister)
                  00003b38    00000018                   : uart.obj (.text:UARTIntRegister)
                  00003b50    00000018     rtsv7M4_T_le_v4SPD16_eabi.lib : args_main.obj (.text)
                  00003b68    00000014     driverlib.lib : fpu.obj (.text:FPUStackingEnable)
                  00003b7c    00000014                   : systick.obj (.text:SysTickDisable)
                  00003b90    00000014                   : systick.obj (.text:SysTickEnable)
                  00003ba4    00000014                   : systick.obj (.text:SysTickIntEnable)
                  00003bb8    00000014                   : uart.obj (.text:UARTEnable)
                  00003bcc    00000014     rtsv7M4_T_le_v4SPD16_eabi.lib : _lock.obj (.text)
                  00003be0    00000012     driverlib.lib : gpio.obj (.text:GPIOPinTypeUART)
                  00003bf2    00000002     --HOLE-- [fill = 0]
                  00003bf4    00000010                   : fpu.obj (.text:FPUEnable)
                  00003c04    00000010                   : interrupt.obj (.text:IntMasterDisable)
                  00003c14    00000010                   : interrupt.obj (.text:IntMasterEnable)
                  00003c24    00000010                   : sysctl.obj (.text:SysCtlReset)
                  00003c34    00000010                   : systick.obj (.text:SysTickPeriodSet)
                  00003c44    00000010     linkedList.obj (.text:_ZN7_llnodeD1Ev)
                  00003c54    0000000e     driverlib.lib : uart.obj (.text:UARTCharsAvail)
                  00003c62    0000000e     rtsv7M4_T_le_v4SPD16_eabi.lib : copy_decompress_none.obj (.text:decompress:none)
                  00003c70    0000000c     driverlib.lib : cpu.obj (.text:CPUcpsid)
                  00003c7c    0000000c                   : cpu.obj (.text:CPUcpsie)
                  00003c88    0000000c     taskEntry.obj (.text:_ZN11PerformanceD1Ev)
                  00003c94    0000000c     taskScheduler.obj (.text:_ZNV13TaskScheduler7IsEmptyEv)
                  00003ca0    0000000c     rtsv7M4_T_le_v4SPD16_eabi.lib : copy_zero_init.obj (.text:decompress:ZI)
                  00003cac    0000000c     tm4c1294ncpdt_startup_ccs.obj (.text)
                  00003cb8    0000000a     driverlib.lib : uart.obj (.text:UARTCharGet)
                  00003cc2    0000000a                   : uart.obj (.text:UARTCharPut)
                  00003ccc    00000008                   : uart.obj (.text:UARTIntEnable)
                  00003cd4    00000008     rtsv7M4_T_le_v4SPD16_eabi.lib : delete.obj (.text)
                  00003cdc    00000006     driverlib.lib : sysctl.obj (.text:SysCtlDelay)
                  00003ce2    00000006                   : uart.obj (.text:UARTClockSourceSet)
                  00003ce8    00000006                   : uart.obj (.text:UARTFIFOLevelSet)
                  00003cee    00000004                   : uart.obj (.text:UARTIntClear)
                  00003cf2    00000004     rtsv7M4_T_le_v4SPD16_eabi.lib : pre_init.obj (.text)

.const     0    00003cf8    0000050c     
                  00003cf8    000001b0     driverlib.lib : sysctl.obj (.const:g_pppui32XTALtoVCO)
                  00003ea8    0000009c                   : interrupt.obj (.const:g_pui32Regs)
                  00003f44    00000090                   : gpio.obj (.const:g_pui32GPIOBaseAddrs)
                  00003fd4    00000070                   : interrupt.obj (.const)
                  00004044    0000006c                   : sysctl.obj (.const:g_pui32Xtals)
                  000040b0    00000069     main.obj (.const:evName$1)
                  00004119    00000003     --HOLE-- [fill = 0]
                  0000411c    00000040     driverlib.lib : uart.obj (.const:g_ppui32UARTIntMap)
                  0000415c    00000040                   : uart.obj (.const:g_ppui32UARTIntMapSnowflake)
                  0000419c    00000030                   : sysctl.obj (.const:g_sXTALtoMEMTIM)
                  000041cc    00000012     uartstdio.obj (.const:.string)
                  000041de    00000002     --HOLE-- [fill = 0]
                  000041e0    0000000c     uartstdio.obj (.const:g_ui32UARTBase)
                  000041ec    0000000c     uartstdio.obj (.const:g_ui32UARTPeriph)
                  000041f8    00000008     driverlib.lib : sysctl.obj (.const)
                  00004200    00000004     uartstdio.obj (.const)

.cinit     0    00004208    00000058     
                  00004208    00000024     (.cinit..data.load) [load image, compression = lzss]
                  0000422c    0000000c     (__TI_handler_table)
                  00004238    00000008     (.cinit..bss.load) [load image, compression = zero_init]
                  00004240    00000008     (.cinit..vtable.load) [load image, compression = zero_init]
                  00004248    00000018     (__TI_cinit_table)

.init_array 
*          0    00000000    00000000     UNINITIALIZED

.vtable    0    20000000    0000026c     UNINITIALIZED
                  20000000    0000026c     driverlib.lib : interrupt.obj (.vtable)

.stack     0    2000026c    00000800     UNINITIALIZED
                  2000026c    00000800     --HOLE--

.sysmem    0    20000a70    00000800     UNINITIALIZED
                  20000a70    00000008     rtsv7M4_T_le_v4SPD16_eabi.lib : memory.obj (.sysmem)
                  20000a78    000007f8     --HOLE--

.bss       0    20001270    0000040c     UNINITIALIZED
                  20001270    00000200     uartHW.obj (.bss:txBuffer$1)
                  20001470    00000168     eventLog.obj (.bss:_ZZN8EventLog4GetIEvE17singletonInstance)
                  200015d8    00000060     taskScheduler.obj (.bss:_ZZN13TaskScheduler4GetIEvE17singletonInstance)
                  20001638    00000014     testModule.obj (.bss:_ZZN7TestMod4GetIEvE17singletonInstance)
                  2000164c    00000014     (.common:_kerInterface)
                  20001660    00000004     uartHW.obj (.bss:_ZZN10SerialPort4GetIEvE17singletonInstance)
                  20001664    00000004     eventLog.obj (.bss)
                  20001668    00000004     taskScheduler.obj (.bss)
                  2000166c    00000004     testModule.obj (.bss)
                  20001670    00000004     uartHW.obj (.bss)
                  20001674    00000004     (.common:__dso_handle)
                  20001678    00000004     (.common:g_ui32SysClock)

.data      0    20001680    00000076     UNINITIALIZED
                  20001680    00000028     taskScheduler.obj (.data:__kernelVector)
                  200016a8    0000000c     rtsv7M4_T_le_v4SPD16_eabi.lib : exit.obj (.data:$O1$$)
                  200016b4    0000000c                                   : memory.obj (.data:$O1$$)
                  200016c0    0000000c     taskScheduler.obj (.data)
                  200016cc    00000008     rtsv7M4_T_le_v4SPD16_eabi.lib : _lock.obj (.data:$O1$$)
                  200016d4    00000008     hal_ts_tm4c.obj (.data)
                  200016dc    00000005     uartstdio.obj (.data)
                  200016e1    00000001     --HOLE--
                  200016e2    00000002     linkedList.obj (.data)
                  200016e4    00000004     eventLog.obj (.data)
                  200016e8    00000004     rtsv7M4_T_le_v4SPD16_eabi.lib : dtor_list.obj (.data)
                  200016ec    00000004                                   : stkdepth_vars.obj (.data)
                  200016f0    00000004                                   : vars.obj (.data)
                  200016f4    00000002     uartHW.obj (.data)

MODULE SUMMARY

       Module                          code    ro data   rw data
       ------                          ----    -------   -------
    ./
       main.obj                        1818    105       20     
       uartstdio.obj                   1180    46        5      
       tm4c1294ncpdt_startup_ccs.obj   12      520       0      
    +--+-------------------------------+-------+---------+---------+
       Total:                          3010    671       25     
                                                                
    ./HAL/tm4c1294/
       hal_common_tm4c.obj             268     0         4      
       hal_ts_tm4c.obj                 180     0         8      
    +--+-------------------------------+-------+---------+---------+
       Total:                          448     0         12     
                                                                
    ./init/
       eventLog.obj                    1248    0         368    
    +--+-------------------------------+-------+---------+---------+
       Total:                          1248    0         368    
                                                                
    ./serialPort/
       uartHW.obj                      368     0         522    
    +--+-------------------------------+-------+---------+---------+
       Total:                          368     0         522    
                                                                
    ./taskScheduler/
       taskScheduler.obj               1572    0         152    
       linkedList.obj                  1030    0         2      
       taskEntry.obj                   938     0         0      
    +--+-------------------------------+-------+---------+---------+
       Total:                          3540    0         154    
                                                                
    ./testModule/
       testModule.obj                  816     0         24     
    +--+-------------------------------+-------+---------+---------+
       Total:                          816     0         24     
                                                                
    /home/v125/Programming/ti/ccsv7/tools/compiler/ti-cgt-arm_16.9.3.LTS/lib/rtsv7M4_T_le_v4SPD16_eabi.lib
       memory.obj                      976     0         12     
       fd_add_t2.obj                   438     0         0      
       fd_div_t2.obj                   310     0         0      
       dtor_list.obj                   244     0         8      
       fd_mul_t2.obj                   252     0         0      
       s_trunc.obj                     188     0         0      
       memcpy_t2.obj                   156     0         0      
       fd_cmp_t2.obj                   134     0         0      
       memset_t2.obj                   122     0         0      
       autoinit.obj                    112     0         0      
       fd_tos_t2.obj                   110     0         0      
       copy_decompress_lzss.obj        104     0         0      
       exit.obj                        84      0         12     
       boot.obj                        84      0         0      
       cpy_tbl.obj                     76      0         0      
       fd_toi_t2.obj                   72      0         0      
       u_divt2.obj                     64      0         0      
       fs_tod_t2.obj                   56      0         0      
       new_.obj                        48      0         0      
       guard.obj                       32      0         0      
       _lock.obj                       20      0         8      
       args_main.obj                   24      0         0      
       copy_decompress_none.obj        14      0         0      
       copy_zero_init.obj              12      0         0      
       delete.obj                      8       0         0      
       pre_init.obj                    4       0         0      
       stkdepth_vars.obj               0       0         4      
       vars.obj                        0       0         4      
       i_div0.obj                      2       0         0      
       mpu_init.obj                    2       0         0      
       newhandler.obj                  2       0         0      
       startup.obj                     2       0         0      
    +--+-------------------------------+-------+---------+---------+
       Total:                          3752    0         48     
                                                                
    /media/v125/shared/Programming/ti/TivaWare_C_Series-2.1.4.178/driverlib/ccs/Debug/driverlib.lib
       sysctl.obj                      746     596       0      
       interrupt.obj                   224     268       620    
       gpio.obj                        438     144       0      
       uart.obj                        268     128       0      
       systick.obj                     104     0         0      
       pwm.obj                         60      0         0      
       fpu.obj                         36      0         0      
       cpu.obj                         24      0         0      
    +--+-------------------------------+-------+---------+---------+
       Total:                          1900    1136      620    
                                                                
       Heap:                           0       0         2048   
       Stack:                          0       0         2048   
       Linker Generated:               0       88        0      
    +--+-------------------------------+-------+---------+---------+
       Grand Total:                    15082   1895      5869   


LINKER GENERATED COPY TABLES

__TI_cinit_table @ 00004248 records: 3, size/record: 8, table size: 24
	.data: load addr=00004208, load size=00000024 bytes, run addr=20001680, run size=00000076 bytes, compression=lzss
	.bss: load addr=00004238, load size=00000008 bytes, run addr=20001270, run size=0000040c bytes, compression=zero_init
	.vtable: load addr=00004240, load size=00000008 bytes, run addr=20000000, run size=0000026c bytes, compression=zero_init


LINKER GENERATED HANDLER TABLE

__TI_handler_table @ 0000422c records: 3, size/record: 4, table size: 12
	index: 0, handler: __TI_zero_init
	index: 1, handler: __TI_decompress_lzss
	index: 2, handler: __TI_decompress_none


GLOBAL SYMBOLS: SORTED ALPHABETICALLY BY Name 

address   name                                     
-------   ----                                     
00003595  C$$EXIT                                  
00003c71  CPUcpsid                                 
00003c7d  CPUcpsie                                 
00003bf5  FPUEnable                                
00003b69  FPUStackingEnable                        
00003995  GPIODirModeSet                           
00002b97  GPIOPadConfigSet                         
00003635  GPIOPinConfigure                         
00003be1  GPIOPinTypeUART                          
00002cd3  HAL_BOARD_CLOCK_Init                     
00002d81  HAL_BOARD_InterruptEnable                
00002cef  HAL_BOARD_Reset                          
00002cf7  HAL_DelayUS                              
00002dab  HAL_GetPWM                               
00002d99  HAL_SetPWM                               
00003123  HAL_TS_GetTimeStepMS                     
00003081  HAL_TS_InitSysTick                       
000030f7  HAL_TS_StartSysTick                      
0000310d  HAL_TS_StopSysTick                       
000033b1  IntEnable                                
00003c05  IntMasterDisable                         
00003c15  IntMasterEnable                          
00003a3d  IntPrioritySet                           
000038fd  IntRegister                              
00003ae1  PWMPulseWidthGet                         
00003aff  PWMPulseWidthSet                         
00003cad  ResetISR                                 
UNDEFED   SHT$$INIT_ARRAY$$Base                    
UNDEFED   SHT$$INIT_ARRAY$$Limit                   
00002539  SysCtlClockFreqSet                       
00003cdd  SysCtlDelay                              
00003931  SysCtlPeripheralEnable                   
0000388d  SysCtlPeripheralPresent                  
00003c25  SysCtlReset                              
00003b7d  SysTickDisable                           
00003b91  SysTickEnable                            
00003ba5  SysTickIntEnable                         
00003b1d  SysTickIntRegister                       
00003c35  SysTickPeriodSet                         
000028f1  UART0RxIntHandler                        
00003cb9  UARTCharGet                              
00003cc3  UARTCharPut                              
00003c55  UARTCharsAvail                           
00003ce3  UARTClockSourceSet                       
0000370d  UARTConfigSetExpClk                      
00003a61  UARTDisable                              
00003bb9  UARTEnable                               
00003ce9  UARTFIFOLevelSet                         
00003cef  UARTIntClear                             
00003ccd  UARTIntEnable                            
00003b39  UARTIntRegister                          
000012dd  UARTStdioConfig                          
00001423  UARTgetc                                 
00001369  UARTgets                                 
00001743  UARTprintf                               
00001449  UARTvprintf                              
00001323  UARTwrite                                
00002cc9  UNUSED                                   
00002d67  _TM4CMsToCycles                          
000004cd  _Z11STAT_InitSWv                         
00000967  _Z14TS_GlobalCheckv                      
000008a5  _Z14TS_RegCallbackP12_kernelEntryh       
0000094d  _Z15_TSSyncCallbackv                     
000008bf  _Z18_TS_KernelCallbackv                  
00000dfd  _Z21_EVLOG_KernelCallbackv               
000028ef  _Z21__default_new_handlerv               
00000209  _Z22STATISTICS_KerCallbackv              
00001f21  _Z23_TESTMOD_KernelCallbackv             
000017db  _ZN10LinkedListC1Ev                      
000017db  _ZN10LinkedListC2Ev                      
000017bf  _ZN10LinkedListD1Ev                      
000017bf  _ZN10LinkedListD2Ev                      
00002941  _ZN10SerialPort4GetIEv                   
0000296d  _ZN10SerialPort4GetPEv                   
000029e3  _ZN10SerialPort4SendEPKcz                
00002975  _ZN10SerialPort6InitHWEv                 
00002a0b  _ZN10SerialPort7AddHookEPFvPhPtE         
00002a1d  _ZN10SerialPortC1Ev                      
00002a1d  _ZN10SerialPortC2Ev                      
00002a29  _ZN10SerialPortD1Ev                      
00002a29  _ZN10SerialPortD2Ev                      
00003481  _ZN11Performance11TaskEndHookERKy        
000034e5  _ZN11Performance13TaskStartHookERKyS1_S1_
00003851  _ZN11PerformanceC1Ev                     
00003c89  _ZN11PerformanceD1Ev                     
000037d5  _ZN11PerformanceaSERVKS_                 
00000ac7  _ZN13TaskScheduler15ValidKernModuleEh    
00000a93  _ZN13TaskScheduler4GetIEv                
00000abf  _ZN13TaskScheduler4GetPEv                
00000db7  _ZN13TaskSchedulerC1Ev                   
00000db7  _ZN13TaskSchedulerC2Ev                   
00000de1  _ZN13TaskSchedulerD1Ev                   
00000de1  _ZN13TaskSchedulerD2Ev                   
000020e1  _ZN7TestMod10PrintFloatEf                
00002035  _ZN7TestMod10PrintInt16Esh               
00002071  _ZN7TestMod11PrintStringEPc              
00001fcf  _ZN7TestMod4GetIEv                       
00001ffb  _ZN7TestMod4GetPEv                       
00002003  _ZN7TestMod6InitHWEv                     
00002015  _ZN7TestMod6InitSWEv                     
00002157  _ZN7TestModC1Ev                          
00002157  _ZN7TestModC2Ev                          
0000216b  _ZN7TestModD1Ev                          
0000216b  _ZN7TestModD2Ev                          
00001795  _ZN7_llnodeC1ERV9TaskEntryPVS_S4_        
00001779  _ZN7_llnodeC1Ev                          
00001795  _ZN7_llnodeC2ERV9TaskEntryPVS_S4_        
00001779  _ZN7_llnodeC2Ev                          
00003c45  _ZN7_llnodeD1Ev                          
000010a7  _ZN8EventLog10DropBeforeEj               
000011f5  _ZN8EventLog10EventCountEv               
000011d1  _ZN8EventLog10SoftRebootEh               
00001211  _ZN8EventLog11GetLastEvAtEh              
0000124d  _ZN8EventLog12GetPrioInvAtEh             
00000f1b  _ZN8EventLog12RecordEventsEb             
0000122d  _ZN8EventLog14GetHigPrioEvAtEh           
00000eb5  _ZN8EventLog4GetIEv                      
00000ee1  _ZN8EventLog4GetPEv                      
00001109  _ZN8EventLog5ResetEv                     
00000ee9  _ZN8EventLog6InitSWEv                    
00001203  _ZN8EventLog7GetHeadEv                   
00000f31  _ZN8EventLog9EmitEventEha6Events         
0000126d  _ZN8EventLogC1Ev                         
0000126d  _ZN8EventLogC2Ev                         
000012cb  _ZN8EventLogD1Ev                         
000012cb  _ZN8EventLogD2Ev                         
00002287  _ZN9TaskEntryC1ERKS_                     
000022ab  _ZN9TaskEntryC1ERVKS_                    
000022cf  _ZN9TaskEntryC1Ehhjii                    
00002251  _ZN9TaskEntryC1Ev                        
00002287  _ZN9TaskEntryC2ERKS_                     
000022ab  _ZN9TaskEntryC2ERVKS_                    
000022cf  _ZN9TaskEntryC2Ehhjii                    
00002251  _ZN9TaskEntryC2Ev                        
0000231f  _ZN9TaskEntryD1Ev                        
0000231f  _ZN9TaskEntryD2Ev                        
000023ed  _ZN9TaskEntryaSERKS_                     
0000245b  _ZN9TaskEntryaSERVKS_                    
000018d9  _ZNV10LinkedList11RemoveEntryER9TaskEntry
000019d9  _ZNV10LinkedList11RemoveEntryEt          
00001a6d  _ZNV10LinkedList4DropEv                  
000017fd  _ZNV10LinkedList7AddSortER9TaskEntry     
00003aa1  _ZNV10LinkedList7IsEmptyEv               
00001acb  _ZNV10LinkedList8PopFrontEv              
00003813  _ZNV11PerformanceaSERVS_                 
00000b1f  _ZNV13TaskScheduler10NumOfTasksEv        
00000ccf  _ZNV13TaskScheduler10RemoveTaskEhhPvt    
00000d23  _ZNV13TaskScheduler10RemoveTaskEt        
00000bfd  _ZNV13TaskScheduler11SyncTaskPerEhhxii   
00000b2d  _ZNV13TaskScheduler13FetchNextTaskEb     
000039bf  _ZNV13TaskScheduler6AddArgIfEEvT_        
000039e9  _ZNV13TaskScheduler6AddArgIhEEvT_        
00003a13  _ZNV13TaskScheduler6AddArgIsEEvT_        
00000ae3  _ZNV13TaskScheduler6InitHWEj             
00000ca1  _ZNV13TaskScheduler7AddArgsEPvt          
00003c95  _ZNV13TaskScheduler7IsEmptyEv            
00000d5d  _ZNV13TaskScheduler8PopFrontEv           
00000c81  _ZNV13TaskScheduler8SyncTaskE9TaskEntry  
00000b69  _ZNV13TaskScheduler8SyncTaskEhhxbi       
00000da7  _ZNV13TaskScheduler9PeekFrontEv          
0000233b  _ZNV9TaskEntry6AddArgEPvt                
000024c9  _ZNV9TaskEntryaSERVS_                    
000023b3  _ZNVK9TaskEntry10GetTaskUIDEv            
000023df  _ZNVK9TaskEntry12GetTimeStampEv          
000023c3  _ZNVK9TaskEntry6GetPIDEv                 
000023a3  _ZNVK9TaskEntry9GetLibUIDEv              
000023d1  _ZNVK9TaskEntry9GetPeriodEv              
00003cd5  _ZdaPv                                   
00003cd5  _ZdlPv                                   
00003965  _Znaj                                    
00003965  _Znwj                                    
20000a6c  __STACK_END                              
00000800  __STACK_SIZE                             
2000046c  __STACK_TOP                              
00000800  __SYSMEM_SIZE                            
00004248  __TI_CINIT_Base                          
00004260  __TI_CINIT_Limit                         
0000422c  __TI_Handler_Table_Base                  
00004238  __TI_Handler_Table_Limit                 
000032d1  __TI_auto_init                           
200016a8  __TI_cleanup_ptr                         
00003419  __TI_decompress_lzss                     
00003c63  __TI_decompress_none                     
200016ac  __TI_dtors_ptr                           
200016b0  __TI_enable_exit_profile_output          
ffffffff  __TI_pprof_out_hndl                      
ffffffff  __TI_prof_data_size                      
ffffffff  __TI_prof_data_start                     
00000000  __TI_static_base__                       
00003ca1  __TI_zero_init                           
00002f6b  __aeabi_atexit                           
000031d1  __aeabi_cdrcmple                         
00003341  __aeabi_d2f                              
000036c5  __aeabi_d2iz                             
00002743  __aeabi_dadd                             
00002a61  __aeabi_ddiv                             
00002dd5  __aeabi_dmul                             
00002739  __aeabi_dsub                             
000038c5  __aeabi_f2d                              
00001b4f  __aeabi_idiv0                            
00003257  __aeabi_memclr                           
00003257  __aeabi_memclr4                          
00003257  __aeabi_memclr8                          
00003135  __aeabi_memcpy                           
00003135  __aeabi_memcpy4                          
00003135  __aeabi_memcpy8                          
00003259  __aeabi_memset                           
00003259  __aeabi_memset4                          
00003259  __aeabi_memset8                          
00003795  __aeabi_uidiv                            
00003795  __aeabi_uidivmod                         
ffffffff  __binit__                                
ffffffff  __c_args__                               
00002f19  __cxa_atexit                             
00002ed1  __cxa_finalize                           
00003ad7  __cxa_guard_abort                        
00003acb  __cxa_guard_acquire                      
00003ac1  __cxa_guard_release                      
00002f13  __cxa_ia64_exit                          
20001674  __dso_handle                             
00002537  __mpu_init                               
2000026c  __stack                                  
00003b51  _args_main                               
00003541  _c_int00                                 
2000164c  _kerInterface                            
200016cc  _lock                                    
200016f0  _new_handler                             
00003bdb  _nop                                     
200016d8  _periodMS                                
00003bd3  _register_lock                           
00003bcd  _register_unlock                         
20000a70  _sys_memory                              
000033af  _system_post_cinit                       
00003cf3  _system_pre_init                         
200016d4  _systickSet                              
200016d0  _unlock                                  
00003599  abort                                    
00002f5d  atexit                                   
ffffffff  binit                                    
00001ef1  calloc                                   
000035e9  copy_in                                  
000035a1  exit                                     
00001c3b  free                                     
20000000  g_pfnRAMVectors                          
00000000  g_pfnVectors                             
20001678  g_ui32SysClock                           
000005fd  main                                     
200016ec  main_func_sp                             
00001bd1  malloc                                   
00001e05  memalign                                 
00003135  memcpy                                   
0000325f  memset                                   
00001b51  minit                                    
200016c0  msSinceStartup                           
00001cfd  realloc                                  
00002fc5  trunc                                    
00002fc5  truncl                                   


GLOBAL SYMBOLS: SORTED BY Symbol Address 

address   name                                     
-------   ----                                     
00000000  __TI_static_base__                       
00000000  g_pfnVectors                             
00000209  _Z22STATISTICS_KerCallbackv              
000004cd  _Z11STAT_InitSWv                         
000005fd  main                                     
00000800  __STACK_SIZE                             
00000800  __SYSMEM_SIZE                            
000008a5  _Z14TS_RegCallbackP12_kernelEntryh       
000008bf  _Z18_TS_KernelCallbackv                  
0000094d  _Z15_TSSyncCallbackv                     
00000967  _Z14TS_GlobalCheckv                      
00000a93  _ZN13TaskScheduler4GetIEv                
00000abf  _ZN13TaskScheduler4GetPEv                
00000ac7  _ZN13TaskScheduler15ValidKernModuleEh    
00000ae3  _ZNV13TaskScheduler6InitHWEj             
00000b1f  _ZNV13TaskScheduler10NumOfTasksEv        
00000b2d  _ZNV13TaskScheduler13FetchNextTaskEb     
00000b69  _ZNV13TaskScheduler8SyncTaskEhhxbi       
00000bfd  _ZNV13TaskScheduler11SyncTaskPerEhhxii   
00000c81  _ZNV13TaskScheduler8SyncTaskE9TaskEntry  
00000ca1  _ZNV13TaskScheduler7AddArgsEPvt          
00000ccf  _ZNV13TaskScheduler10RemoveTaskEhhPvt    
00000d23  _ZNV13TaskScheduler10RemoveTaskEt        
00000d5d  _ZNV13TaskScheduler8PopFrontEv           
00000da7  _ZNV13TaskScheduler9PeekFrontEv          
00000db7  _ZN13TaskSchedulerC1Ev                   
00000db7  _ZN13TaskSchedulerC2Ev                   
00000de1  _ZN13TaskSchedulerD1Ev                   
00000de1  _ZN13TaskSchedulerD2Ev                   
00000dfd  _Z21_EVLOG_KernelCallbackv               
00000eb5  _ZN8EventLog4GetIEv                      
00000ee1  _ZN8EventLog4GetPEv                      
00000ee9  _ZN8EventLog6InitSWEv                    
00000f1b  _ZN8EventLog12RecordEventsEb             
00000f31  _ZN8EventLog9EmitEventEha6Events         
000010a7  _ZN8EventLog10DropBeforeEj               
00001109  _ZN8EventLog5ResetEv                     
000011d1  _ZN8EventLog10SoftRebootEh               
000011f5  _ZN8EventLog10EventCountEv               
00001203  _ZN8EventLog7GetHeadEv                   
00001211  _ZN8EventLog11GetLastEvAtEh              
0000122d  _ZN8EventLog14GetHigPrioEvAtEh           
0000124d  _ZN8EventLog12GetPrioInvAtEh             
0000126d  _ZN8EventLogC1Ev                         
0000126d  _ZN8EventLogC2Ev                         
000012cb  _ZN8EventLogD1Ev                         
000012cb  _ZN8EventLogD2Ev                         
000012dd  UARTStdioConfig                          
00001323  UARTwrite                                
00001369  UARTgets                                 
00001423  UARTgetc                                 
00001449  UARTvprintf                              
00001743  UARTprintf                               
00001779  _ZN7_llnodeC1Ev                          
00001779  _ZN7_llnodeC2Ev                          
00001795  _ZN7_llnodeC1ERV9TaskEntryPVS_S4_        
00001795  _ZN7_llnodeC2ERV9TaskEntryPVS_S4_        
000017bf  _ZN10LinkedListD1Ev                      
000017bf  _ZN10LinkedListD2Ev                      
000017db  _ZN10LinkedListC1Ev                      
000017db  _ZN10LinkedListC2Ev                      
000017fd  _ZNV10LinkedList7AddSortER9TaskEntry     
000018d9  _ZNV10LinkedList11RemoveEntryER9TaskEntry
000019d9  _ZNV10LinkedList11RemoveEntryEt          
00001a6d  _ZNV10LinkedList4DropEv                  
00001acb  _ZNV10LinkedList8PopFrontEv              
00001b4f  __aeabi_idiv0                            
00001b51  minit                                    
00001bd1  malloc                                   
00001c3b  free                                     
00001cfd  realloc                                  
00001e05  memalign                                 
00001ef1  calloc                                   
00001f21  _Z23_TESTMOD_KernelCallbackv             
00001fcf  _ZN7TestMod4GetIEv                       
00001ffb  _ZN7TestMod4GetPEv                       
00002003  _ZN7TestMod6InitHWEv                     
00002015  _ZN7TestMod6InitSWEv                     
00002035  _ZN7TestMod10PrintInt16Esh               
00002071  _ZN7TestMod11PrintStringEPc              
000020e1  _ZN7TestMod10PrintFloatEf                
00002157  _ZN7TestModC1Ev                          
00002157  _ZN7TestModC2Ev                          
0000216b  _ZN7TestModD1Ev                          
0000216b  _ZN7TestModD2Ev                          
00002251  _ZN9TaskEntryC1Ev                        
00002251  _ZN9TaskEntryC2Ev                        
00002287  _ZN9TaskEntryC1ERKS_                     
00002287  _ZN9TaskEntryC2ERKS_                     
000022ab  _ZN9TaskEntryC1ERVKS_                    
000022ab  _ZN9TaskEntryC2ERVKS_                    
000022cf  _ZN9TaskEntryC1Ehhjii                    
000022cf  _ZN9TaskEntryC2Ehhjii                    
0000231f  _ZN9TaskEntryD1Ev                        
0000231f  _ZN9TaskEntryD2Ev                        
0000233b  _ZNV9TaskEntry6AddArgEPvt                
000023a3  _ZNVK9TaskEntry9GetLibUIDEv              
000023b3  _ZNVK9TaskEntry10GetTaskUIDEv            
000023c3  _ZNVK9TaskEntry6GetPIDEv                 
000023d1  _ZNVK9TaskEntry9GetPeriodEv              
000023df  _ZNVK9TaskEntry12GetTimeStampEv          
000023ed  _ZN9TaskEntryaSERKS_                     
0000245b  _ZN9TaskEntryaSERVKS_                    
000024c9  _ZNV9TaskEntryaSERVS_                    
00002537  __mpu_init                               
00002539  SysCtlClockFreqSet                       
00002739  __aeabi_dsub                             
00002743  __aeabi_dadd                             
000028ef  _Z21__default_new_handlerv               
000028f1  UART0RxIntHandler                        
00002941  _ZN10SerialPort4GetIEv                   
0000296d  _ZN10SerialPort4GetPEv                   
00002975  _ZN10SerialPort6InitHWEv                 
000029e3  _ZN10SerialPort4SendEPKcz                
00002a0b  _ZN10SerialPort7AddHookEPFvPhPtE         
00002a1d  _ZN10SerialPortC1Ev                      
00002a1d  _ZN10SerialPortC2Ev                      
00002a29  _ZN10SerialPortD1Ev                      
00002a29  _ZN10SerialPortD2Ev                      
00002a61  __aeabi_ddiv                             
00002b97  GPIOPadConfigSet                         
00002cc9  UNUSED                                   
00002cd3  HAL_BOARD_CLOCK_Init                     
00002cef  HAL_BOARD_Reset                          
00002cf7  HAL_DelayUS                              
00002d67  _TM4CMsToCycles                          
00002d81  HAL_BOARD_InterruptEnable                
00002d99  HAL_SetPWM                               
00002dab  HAL_GetPWM                               
00002dd5  __aeabi_dmul                             
00002ed1  __cxa_finalize                           
00002f13  __cxa_ia64_exit                          
00002f19  __cxa_atexit                             
00002f5d  atexit                                   
00002f6b  __aeabi_atexit                           
00002fc5  trunc                                    
00002fc5  truncl                                   
00003081  HAL_TS_InitSysTick                       
000030f7  HAL_TS_StartSysTick                      
0000310d  HAL_TS_StopSysTick                       
00003123  HAL_TS_GetTimeStepMS                     
00003135  __aeabi_memcpy                           
00003135  __aeabi_memcpy4                          
00003135  __aeabi_memcpy8                          
00003135  memcpy                                   
000031d1  __aeabi_cdrcmple                         
00003257  __aeabi_memclr                           
00003257  __aeabi_memclr4                          
00003257  __aeabi_memclr8                          
00003259  __aeabi_memset                           
00003259  __aeabi_memset4                          
00003259  __aeabi_memset8                          
0000325f  memset                                   
000032d1  __TI_auto_init                           
00003341  __aeabi_d2f                              
000033af  _system_post_cinit                       
000033b1  IntEnable                                
00003419  __TI_decompress_lzss                     
00003481  _ZN11Performance11TaskEndHookERKy        
000034e5  _ZN11Performance13TaskStartHookERKyS1_S1_
00003541  _c_int00                                 
00003595  C$$EXIT                                  
00003599  abort                                    
000035a1  exit                                     
000035e9  copy_in                                  
00003635  GPIOPinConfigure                         
000036c5  __aeabi_d2iz                             
0000370d  UARTConfigSetExpClk                      
00003795  __aeabi_uidiv                            
00003795  __aeabi_uidivmod                         
000037d5  _ZN11PerformanceaSERVKS_                 
00003813  _ZNV11PerformanceaSERVS_                 
00003851  _ZN11PerformanceC1Ev                     
0000388d  SysCtlPeripheralPresent                  
000038c5  __aeabi_f2d                              
000038fd  IntRegister                              
00003931  SysCtlPeripheralEnable                   
00003965  _Znaj                                    
00003965  _Znwj                                    
00003995  GPIODirModeSet                           
000039bf  _ZNV13TaskScheduler6AddArgIfEEvT_        
000039e9  _ZNV13TaskScheduler6AddArgIhEEvT_        
00003a13  _ZNV13TaskScheduler6AddArgIsEEvT_        
00003a3d  IntPrioritySet                           
00003a61  UARTDisable                              
00003aa1  _ZNV10LinkedList7IsEmptyEv               
00003ac1  __cxa_guard_release                      
00003acb  __cxa_guard_acquire                      
00003ad7  __cxa_guard_abort                        
00003ae1  PWMPulseWidthGet                         
00003aff  PWMPulseWidthSet                         
00003b1d  SysTickIntRegister                       
00003b39  UARTIntRegister                          
00003b51  _args_main                               
00003b69  FPUStackingEnable                        
00003b7d  SysTickDisable                           
00003b91  SysTickEnable                            
00003ba5  SysTickIntEnable                         
00003bb9  UARTEnable                               
00003bcd  _register_unlock                         
00003bd3  _register_lock                           
00003bdb  _nop                                     
00003be1  GPIOPinTypeUART                          
00003bf5  FPUEnable                                
00003c05  IntMasterDisable                         
00003c15  IntMasterEnable                          
00003c25  SysCtlReset                              
00003c35  SysTickPeriodSet                         
00003c45  _ZN7_llnodeD1Ev                          
00003c55  UARTCharsAvail                           
00003c63  __TI_decompress_none                     
00003c71  CPUcpsid                                 
00003c7d  CPUcpsie                                 
00003c89  _ZN11PerformanceD1Ev                     
00003c95  _ZNV13TaskScheduler7IsEmptyEv            
00003ca1  __TI_zero_init                           
00003cad  ResetISR                                 
00003cb9  UARTCharGet                              
00003cc3  UARTCharPut                              
00003ccd  UARTIntEnable                            
00003cd5  _ZdaPv                                   
00003cd5  _ZdlPv                                   
00003cdd  SysCtlDelay                              
00003ce3  UARTClockSourceSet                       
00003ce9  UARTFIFOLevelSet                         
00003cef  UARTIntClear                             
00003cf3  _system_pre_init                         
0000422c  __TI_Handler_Table_Base                  
00004238  __TI_Handler_Table_Limit                 
00004248  __TI_CINIT_Base                          
00004260  __TI_CINIT_Limit                         
20000000  g_pfnRAMVectors                          
2000026c  __stack                                  
2000046c  __STACK_TOP                              
20000a6c  __STACK_END                              
20000a70  _sys_memory                              
2000164c  _kerInterface                            
20001674  __dso_handle                             
20001678  g_ui32SysClock                           
200016a8  __TI_cleanup_ptr                         
200016ac  __TI_dtors_ptr                           
200016b0  __TI_enable_exit_profile_output          
200016c0  msSinceStartup                           
200016cc  _lock                                    
200016d0  _unlock                                  
200016d4  _systickSet                              
200016d8  _periodMS                                
200016ec  main_func_sp                             
200016f0  _new_handler                             
ffffffff  __TI_pprof_out_hndl                      
ffffffff  __TI_prof_data_size                      
ffffffff  __TI_prof_data_start                     
ffffffff  __binit__                                
ffffffff  __c_args__                               
ffffffff  binit                                    
UNDEFED   SHT$$INIT_ARRAY$$Base                    
UNDEFED   SHT$$INIT_ARRAY$$Limit                   

[257 symbols]
