<?xml version="1.0"?>
<link_info>
   <banner>TI ARM Linker Unix v16.9.3.LTS</banner>
   <copyright>Copyright (c) 1996-2017 Texas Instruments Incorporated</copyright>
   <link_time>0x5a7f7a7b</link_time>
   <link_errors>0x0</link_errors>
   <output_file>tm4c_operatingSys.out</output_file>
   <entry_point>
      <name>_c_int00</name>
      <address>0x3541</address>
   </entry_point>
   <input_file_list>
      <input_file id="fl-2">
         <path>./</path>
         <kind>object</kind>
         <file>main.obj</file>
         <name>main.obj</name>
      </input_file>
      <input_file id="fl-3">
         <path>./</path>
         <kind>object</kind>
         <file>tm4c1294ncpdt_startup_ccs.obj</file>
         <name>tm4c1294ncpdt_startup_ccs.obj</name>
      </input_file>
      <input_file id="fl-4">
         <path>./</path>
         <kind>object</kind>
         <file>uartstdio.obj</file>
         <name>uartstdio.obj</name>
      </input_file>
      <input_file id="fl-5">
         <path>./HAL/tm4c1294/</path>
         <kind>object</kind>
         <file>hal_common_tm4c.obj</file>
         <name>hal_common_tm4c.obj</name>
      </input_file>
      <input_file id="fl-6">
         <path>./HAL/tm4c1294/</path>
         <kind>object</kind>
         <file>hal_ts_tm4c.obj</file>
         <name>hal_ts_tm4c.obj</name>
      </input_file>
      <input_file id="fl-7">
         <path>./init/</path>
         <kind>object</kind>
         <file>eventLog.obj</file>
         <name>eventLog.obj</name>
      </input_file>
      <input_file id="fl-8">
         <path>./libs/</path>
         <kind>object</kind>
         <file>myLib.obj</file>
         <name>myLib.obj</name>
      </input_file>
      <input_file id="fl-9">
         <path>./serialPort/</path>
         <kind>object</kind>
         <file>uartHW.obj</file>
         <name>uartHW.obj</name>
      </input_file>
      <input_file id="fl-a">
         <path>./taskScheduler/</path>
         <kind>object</kind>
         <file>linkedList.obj</file>
         <name>linkedList.obj</name>
      </input_file>
      <input_file id="fl-b">
         <path>./taskScheduler/</path>
         <kind>object</kind>
         <file>taskEntry.obj</file>
         <name>taskEntry.obj</name>
      </input_file>
      <input_file id="fl-c">
         <path>./taskScheduler/</path>
         <kind>object</kind>
         <file>taskScheduler.obj</file>
         <name>taskScheduler.obj</name>
      </input_file>
      <input_file id="fl-d">
         <path>./testModule/</path>
         <kind>object</kind>
         <file>testModule.obj</file>
         <name>testModule.obj</name>
      </input_file>
      <input_file id="fl-12">
         <kind>object</kind>
         <file>&lt;internal&gt;</file>
         <name>&lt;internal&gt;</name>
      </input_file>
      <input_file id="fl-c8">
         <path>/home/v125/Programming/ti/ccsv7/tools/compiler/ti-cgt-arm_16.9.3.LTS/lib/</path>
         <kind>archive</kind>
         <file>rtsv7M4_T_le_v4SPD16_eabi.lib</file>
         <name>array_del.obj</name>
      </input_file>
      <input_file id="fl-c9">
         <path>/home/v125/Programming/ti/ccsv7/tools/compiler/ti-cgt-arm_16.9.3.LTS/lib/</path>
         <kind>archive</kind>
         <file>rtsv7M4_T_le_v4SPD16_eabi.lib</file>
         <name>array_new.obj</name>
      </input_file>
      <input_file id="fl-ca">
         <path>/home/v125/Programming/ti/ccsv7/tools/compiler/ti-cgt-arm_16.9.3.LTS/lib/</path>
         <kind>archive</kind>
         <file>rtsv7M4_T_le_v4SPD16_eabi.lib</file>
         <name>boot.obj</name>
      </input_file>
      <input_file id="fl-cb">
         <path>/home/v125/Programming/ti/ccsv7/tools/compiler/ti-cgt-arm_16.9.3.LTS/lib/</path>
         <kind>archive</kind>
         <file>rtsv7M4_T_le_v4SPD16_eabi.lib</file>
         <name>copy_decompress_lzss.obj</name>
      </input_file>
      <input_file id="fl-cc">
         <path>/home/v125/Programming/ti/ccsv7/tools/compiler/ti-cgt-arm_16.9.3.LTS/lib/</path>
         <kind>archive</kind>
         <file>rtsv7M4_T_le_v4SPD16_eabi.lib</file>
         <name>copy_decompress_none.obj</name>
      </input_file>
      <input_file id="fl-cd">
         <path>/home/v125/Programming/ti/ccsv7/tools/compiler/ti-cgt-arm_16.9.3.LTS/lib/</path>
         <kind>archive</kind>
         <file>rtsv7M4_T_le_v4SPD16_eabi.lib</file>
         <name>copy_zero_init.obj</name>
      </input_file>
      <input_file id="fl-ce">
         <path>/home/v125/Programming/ti/ccsv7/tools/compiler/ti-cgt-arm_16.9.3.LTS/lib/</path>
         <kind>archive</kind>
         <file>rtsv7M4_T_le_v4SPD16_eabi.lib</file>
         <name>delete.obj</name>
      </input_file>
      <input_file id="fl-cf">
         <path>/home/v125/Programming/ti/ccsv7/tools/compiler/ti-cgt-arm_16.9.3.LTS/lib/</path>
         <kind>archive</kind>
         <file>rtsv7M4_T_le_v4SPD16_eabi.lib</file>
         <name>dtor_list.obj</name>
      </input_file>
      <input_file id="fl-d0">
         <path>/home/v125/Programming/ti/ccsv7/tools/compiler/ti-cgt-arm_16.9.3.LTS/lib/</path>
         <kind>archive</kind>
         <file>rtsv7M4_T_le_v4SPD16_eabi.lib</file>
         <name>e_powf.obj</name>
      </input_file>
      <input_file id="fl-d1">
         <path>/home/v125/Programming/ti/ccsv7/tools/compiler/ti-cgt-arm_16.9.3.LTS/lib/</path>
         <kind>archive</kind>
         <file>rtsv7M4_T_le_v4SPD16_eabi.lib</file>
         <name>e_sqrtf.obj</name>
      </input_file>
      <input_file id="fl-d2">
         <path>/home/v125/Programming/ti/ccsv7/tools/compiler/ti-cgt-arm_16.9.3.LTS/lib/</path>
         <kind>archive</kind>
         <file>rtsv7M4_T_le_v4SPD16_eabi.lib</file>
         <name>errno.obj</name>
      </input_file>
      <input_file id="fl-d3">
         <path>/home/v125/Programming/ti/ccsv7/tools/compiler/ti-cgt-arm_16.9.3.LTS/lib/</path>
         <kind>archive</kind>
         <file>rtsv7M4_T_le_v4SPD16_eabi.lib</file>
         <name>exit.obj</name>
      </input_file>
      <input_file id="fl-d4">
         <path>/home/v125/Programming/ti/ccsv7/tools/compiler/ti-cgt-arm_16.9.3.LTS/lib/</path>
         <kind>archive</kind>
         <file>rtsv7M4_T_le_v4SPD16_eabi.lib</file>
         <name>fd_add_t2.obj</name>
      </input_file>
      <input_file id="fl-d5">
         <path>/home/v125/Programming/ti/ccsv7/tools/compiler/ti-cgt-arm_16.9.3.LTS/lib/</path>
         <kind>archive</kind>
         <file>rtsv7M4_T_le_v4SPD16_eabi.lib</file>
         <name>fd_div_t2.obj</name>
      </input_file>
      <input_file id="fl-d6">
         <path>/home/v125/Programming/ti/ccsv7/tools/compiler/ti-cgt-arm_16.9.3.LTS/lib/</path>
         <kind>archive</kind>
         <file>rtsv7M4_T_le_v4SPD16_eabi.lib</file>
         <name>fd_mul_t2.obj</name>
      </input_file>
      <input_file id="fl-d7">
         <path>/home/v125/Programming/ti/ccsv7/tools/compiler/ti-cgt-arm_16.9.3.LTS/lib/</path>
         <kind>archive</kind>
         <file>rtsv7M4_T_le_v4SPD16_eabi.lib</file>
         <name>fd_toi_t2.obj</name>
      </input_file>
      <input_file id="fl-d8">
         <path>/home/v125/Programming/ti/ccsv7/tools/compiler/ti-cgt-arm_16.9.3.LTS/lib/</path>
         <kind>archive</kind>
         <file>rtsv7M4_T_le_v4SPD16_eabi.lib</file>
         <name>fd_tos_t2.obj</name>
      </input_file>
      <input_file id="fl-d9">
         <path>/home/v125/Programming/ti/ccsv7/tools/compiler/ti-cgt-arm_16.9.3.LTS/lib/</path>
         <kind>archive</kind>
         <file>rtsv7M4_T_le_v4SPD16_eabi.lib</file>
         <name>fs_tod_t2.obj</name>
      </input_file>
      <input_file id="fl-da">
         <path>/home/v125/Programming/ti/ccsv7/tools/compiler/ti-cgt-arm_16.9.3.LTS/lib/</path>
         <kind>archive</kind>
         <file>rtsv7M4_T_le_v4SPD16_eabi.lib</file>
         <name>guard.obj</name>
      </input_file>
      <input_file id="fl-db">
         <path>/home/v125/Programming/ti/ccsv7/tools/compiler/ti-cgt-arm_16.9.3.LTS/lib/</path>
         <kind>archive</kind>
         <file>rtsv7M4_T_le_v4SPD16_eabi.lib</file>
         <name>memcpy_t2.obj</name>
      </input_file>
      <input_file id="fl-dc">
         <path>/home/v125/Programming/ti/ccsv7/tools/compiler/ti-cgt-arm_16.9.3.LTS/lib/</path>
         <kind>archive</kind>
         <file>rtsv7M4_T_le_v4SPD16_eabi.lib</file>
         <name>memory.obj</name>
      </input_file>
      <input_file id="fl-dd">
         <path>/home/v125/Programming/ti/ccsv7/tools/compiler/ti-cgt-arm_16.9.3.LTS/lib/</path>
         <kind>archive</kind>
         <file>rtsv7M4_T_le_v4SPD16_eabi.lib</file>
         <name>memset_t2.obj</name>
      </input_file>
      <input_file id="fl-de">
         <path>/home/v125/Programming/ti/ccsv7/tools/compiler/ti-cgt-arm_16.9.3.LTS/lib/</path>
         <kind>archive</kind>
         <file>rtsv7M4_T_le_v4SPD16_eabi.lib</file>
         <name>mpu_init.obj</name>
      </input_file>
      <input_file id="fl-df">
         <path>/home/v125/Programming/ti/ccsv7/tools/compiler/ti-cgt-arm_16.9.3.LTS/lib/</path>
         <kind>archive</kind>
         <file>rtsv7M4_T_le_v4SPD16_eabi.lib</file>
         <name>new_.obj</name>
      </input_file>
      <input_file id="fl-e0">
         <path>/home/v125/Programming/ti/ccsv7/tools/compiler/ti-cgt-arm_16.9.3.LTS/lib/</path>
         <kind>archive</kind>
         <file>rtsv7M4_T_le_v4SPD16_eabi.lib</file>
         <name>newhandler.obj</name>
      </input_file>
      <input_file id="fl-e1">
         <path>/home/v125/Programming/ti/ccsv7/tools/compiler/ti-cgt-arm_16.9.3.LTS/lib/</path>
         <kind>archive</kind>
         <file>rtsv7M4_T_le_v4SPD16_eabi.lib</file>
         <name>pre_init.obj</name>
      </input_file>
      <input_file id="fl-e2">
         <path>/home/v125/Programming/ti/ccsv7/tools/compiler/ti-cgt-arm_16.9.3.LTS/lib/</path>
         <kind>archive</kind>
         <file>rtsv7M4_T_le_v4SPD16_eabi.lib</file>
         <name>s_scalbnf.obj</name>
      </input_file>
      <input_file id="fl-e3">
         <path>/home/v125/Programming/ti/ccsv7/tools/compiler/ti-cgt-arm_16.9.3.LTS/lib/</path>
         <kind>archive</kind>
         <file>rtsv7M4_T_le_v4SPD16_eabi.lib</file>
         <name>s_trunc.obj</name>
      </input_file>
      <input_file id="fl-e4">
         <path>/home/v125/Programming/ti/ccsv7/tools/compiler/ti-cgt-arm_16.9.3.LTS/lib/</path>
         <kind>archive</kind>
         <file>rtsv7M4_T_le_v4SPD16_eabi.lib</file>
         <name>stkdepth_vars.obj</name>
      </input_file>
      <input_file id="fl-e5">
         <path>/home/v125/Programming/ti/ccsv7/tools/compiler/ti-cgt-arm_16.9.3.LTS/lib/</path>
         <kind>archive</kind>
         <file>rtsv7M4_T_le_v4SPD16_eabi.lib</file>
         <name>u_divt2.obj</name>
      </input_file>
      <input_file id="fl-e6">
         <path>/home/v125/Programming/ti/ccsv7/tools/compiler/ti-cgt-arm_16.9.3.LTS/lib/</path>
         <kind>archive</kind>
         <file>rtsv7M4_T_le_v4SPD16_eabi.lib</file>
         <name>vars.obj</name>
      </input_file>
      <input_file id="fl-e7">
         <path>/home/v125/Programming/ti/ccsv7/tools/compiler/ti-cgt-arm_16.9.3.LTS/lib/</path>
         <kind>archive</kind>
         <file>rtsv7M4_T_le_v4SPD16_eabi.lib</file>
         <name>_lock.obj</name>
      </input_file>
      <input_file id="fl-e8">
         <path>/home/v125/Programming/ti/ccsv7/tools/compiler/ti-cgt-arm_16.9.3.LTS/lib/</path>
         <kind>archive</kind>
         <file>rtsv7M4_T_le_v4SPD16_eabi.lib</file>
         <name>args_main.obj</name>
      </input_file>
      <input_file id="fl-e9">
         <path>/home/v125/Programming/ti/ccsv7/tools/compiler/ti-cgt-arm_16.9.3.LTS/lib/</path>
         <kind>archive</kind>
         <file>rtsv7M4_T_le_v4SPD16_eabi.lib</file>
         <name>autoinit.obj</name>
      </input_file>
      <input_file id="fl-ea">
         <path>/home/v125/Programming/ti/ccsv7/tools/compiler/ti-cgt-arm_16.9.3.LTS/lib/</path>
         <kind>archive</kind>
         <file>rtsv7M4_T_le_v4SPD16_eabi.lib</file>
         <name>cpy_tbl.obj</name>
      </input_file>
      <input_file id="fl-eb">
         <path>/home/v125/Programming/ti/ccsv7/tools/compiler/ti-cgt-arm_16.9.3.LTS/lib/</path>
         <kind>archive</kind>
         <file>rtsv7M4_T_le_v4SPD16_eabi.lib</file>
         <name>fd_cmp_t2.obj</name>
      </input_file>
      <input_file id="fl-ec">
         <path>/home/v125/Programming/ti/ccsv7/tools/compiler/ti-cgt-arm_16.9.3.LTS/lib/</path>
         <kind>archive</kind>
         <file>rtsv7M4_T_le_v4SPD16_eabi.lib</file>
         <name>i_div0.obj</name>
      </input_file>
      <input_file id="fl-ed">
         <path>/home/v125/Programming/ti/ccsv7/tools/compiler/ti-cgt-arm_16.9.3.LTS/lib/</path>
         <kind>archive</kind>
         <file>rtsv7M4_T_le_v4SPD16_eabi.lib</file>
         <name>s_copysignf.obj</name>
      </input_file>
      <input_file id="fl-ee">
         <path>/home/v125/Programming/ti/ccsv7/tools/compiler/ti-cgt-arm_16.9.3.LTS/lib/</path>
         <kind>archive</kind>
         <file>rtsv7M4_T_le_v4SPD16_eabi.lib</file>
         <name>startup.obj</name>
      </input_file>
      <input_file id="fl-ef">
         <path>/media/v125/shared/Programming/ti/TivaWare_C_Series-2.1.4.178/driverlib/ccs/Debug/</path>
         <kind>archive</kind>
         <file>driverlib.lib</file>
         <name>fpu.obj</name>
      </input_file>
      <input_file id="fl-f0">
         <path>/media/v125/shared/Programming/ti/TivaWare_C_Series-2.1.4.178/driverlib/ccs/Debug/</path>
         <kind>archive</kind>
         <file>driverlib.lib</file>
         <name>gpio.obj</name>
      </input_file>
      <input_file id="fl-f1">
         <path>/media/v125/shared/Programming/ti/TivaWare_C_Series-2.1.4.178/driverlib/ccs/Debug/</path>
         <kind>archive</kind>
         <file>driverlib.lib</file>
         <name>interrupt.obj</name>
      </input_file>
      <input_file id="fl-f2">
         <path>/media/v125/shared/Programming/ti/TivaWare_C_Series-2.1.4.178/driverlib/ccs/Debug/</path>
         <kind>archive</kind>
         <file>driverlib.lib</file>
         <name>pwm.obj</name>
      </input_file>
      <input_file id="fl-f3">
         <path>/media/v125/shared/Programming/ti/TivaWare_C_Series-2.1.4.178/driverlib/ccs/Debug/</path>
         <kind>archive</kind>
         <file>driverlib.lib</file>
         <name>sysctl.obj</name>
      </input_file>
      <input_file id="fl-f4">
         <path>/media/v125/shared/Programming/ti/TivaWare_C_Series-2.1.4.178/driverlib/ccs/Debug/</path>
         <kind>archive</kind>
         <file>driverlib.lib</file>
         <name>systick.obj</name>
      </input_file>
      <input_file id="fl-f5">
         <path>/media/v125/shared/Programming/ti/TivaWare_C_Series-2.1.4.178/driverlib/ccs/Debug/</path>
         <kind>archive</kind>
         <file>driverlib.lib</file>
         <name>uart.obj</name>
      </input_file>
      <input_file id="fl-f6">
         <path>/media/v125/shared/Programming/ti/TivaWare_C_Series-2.1.4.178/driverlib/ccs/Debug/</path>
         <kind>archive</kind>
         <file>driverlib.lib</file>
         <name>cpu.obj</name>
      </input_file>
   </input_file_list>
   <object_component_list>
      <object_component id="oc-f">
         <name>.intvecs</name>
         <load_address>0x0</load_address>
         <run_address>0x0</run_address>
         <size>0x208</size>
         <input_file_ref idref="fl-3"/>
      </object_component>
      <object_component id="oc-ae">
         <name>.text</name>
         <load_address>0x208</load_address>
         <run_address>0x208</run_address>
         <size>0x69c</size>
         <input_file_ref idref="fl-2"/>
      </object_component>
      <object_component id="oc-e3">
         <name>.text</name>
         <load_address>0x8a4</load_address>
         <run_address>0x8a4</run_address>
         <size>0x558</size>
         <input_file_ref idref="fl-c"/>
      </object_component>
      <object_component id="oc-10f">
         <name>.text</name>
         <load_address>0xdfc</load_address>
         <run_address>0xdfc</run_address>
         <size>0x4e0</size>
         <input_file_ref idref="fl-7"/>
      </object_component>
      <object_component id="oc-1d9">
         <name>.text</name>
         <load_address>0x12dc</load_address>
         <run_address>0x12dc</run_address>
         <size>0x49c</size>
         <input_file_ref idref="fl-4"/>
      </object_component>
      <object_component id="oc-18f">
         <name>.text</name>
         <load_address>0x1778</load_address>
         <run_address>0x1778</run_address>
         <size>0x3d6</size>
         <input_file_ref idref="fl-a"/>
      </object_component>
      <object_component id="oc-41b">
         <name>.text</name>
         <load_address>0x1b4e</load_address>
         <run_address>0x1b4e</run_address>
         <size>0x2</size>
         <input_file_ref idref="fl-ec"/>
      </object_component>
      <object_component id="oc-2f9">
         <name>.text</name>
         <load_address>0x1b50</load_address>
         <run_address>0x1b50</run_address>
         <size>0x3d0</size>
         <input_file_ref idref="fl-dc"/>
      </object_component>
      <object_component id="oc-123">
         <name>.text</name>
         <load_address>0x1f20</load_address>
         <run_address>0x1f20</run_address>
         <size>0x330</size>
         <input_file_ref idref="fl-d"/>
      </object_component>
      <object_component id="oc-ef">
         <name>.text</name>
         <load_address>0x2250</load_address>
         <run_address>0x2250</run_address>
         <size>0x2e6</size>
         <input_file_ref idref="fl-b"/>
      </object_component>
      <object_component id="oc-5a">
         <name>.text</name>
         <load_address>0x2536</load_address>
         <run_address>0x2536</run_address>
         <size>0x2</size>
         <input_file_ref idref="fl-de"/>
      </object_component>
      <object_component id="oc-27f">
         <name>.text:SysCtlClockFreqSet</name>
         <load_address>0x2538</load_address>
         <run_address>0x2538</run_address>
         <size>0x200</size>
         <input_file_ref idref="fl-f3"/>
      </object_component>
      <object_component id="oc-105">
         <name>.text</name>
         <load_address>0x2738</load_address>
         <run_address>0x2738</run_address>
         <size>0x1b6</size>
         <input_file_ref idref="fl-d4"/>
      </object_component>
      <object_component id="oc-3a3">
         <name>.text</name>
         <load_address>0x28ee</load_address>
         <run_address>0x28ee</run_address>
         <size>0x2</size>
         <input_file_ref idref="fl-e0"/>
      </object_component>
      <object_component id="oc-e9">
         <name>.text</name>
         <load_address>0x28f0</load_address>
         <run_address>0x28f0</run_address>
         <size>0x170</size>
         <input_file_ref idref="fl-9"/>
      </object_component>
      <object_component id="oc-297">
         <name>.text</name>
         <load_address>0x2a60</load_address>
         <run_address>0x2a60</run_address>
         <size>0x136</size>
         <input_file_ref idref="fl-d5"/>
      </object_component>
      <object_component id="oc-34e">
         <name>.text:GPIOPadConfigSet</name>
         <load_address>0x2b96</load_address>
         <run_address>0x2b96</run_address>
         <size>0x132</size>
         <input_file_ref idref="fl-f0"/>
      </object_component>
      <object_component id="oc-11d">
         <name>.text</name>
         <load_address>0x2cc8</load_address>
         <run_address>0x2cc8</run_address>
         <size>0x10c</size>
         <input_file_ref idref="fl-5"/>
      </object_component>
      <object_component id="oc-10a">
         <name>.text</name>
         <load_address>0x2dd4</load_address>
         <run_address>0x2dd4</run_address>
         <size>0xfc</size>
         <input_file_ref idref="fl-d6"/>
      </object_component>
      <object_component id="oc-186">
         <name>.text</name>
         <load_address>0x2ed0</load_address>
         <run_address>0x2ed0</run_address>
         <size>0xf4</size>
         <input_file_ref idref="fl-cf"/>
      </object_component>
      <object_component id="oc-fa">
         <name>.text</name>
         <load_address>0x2fc4</load_address>
         <run_address>0x2fc4</run_address>
         <size>0xbc</size>
         <input_file_ref idref="fl-e3"/>
      </object_component>
      <object_component id="oc-165">
         <name>.text</name>
         <load_address>0x3080</load_address>
         <run_address>0x3080</run_address>
         <size>0xb4</size>
         <input_file_ref idref="fl-6"/>
      </object_component>
      <object_component id="oc-42">
         <name>.text</name>
         <load_address>0x3134</load_address>
         <run_address>0x3134</run_address>
         <size>0x9c</size>
         <input_file_ref idref="fl-db"/>
      </object_component>
      <object_component id="oc-241">
         <name>.text:__aeabi_cdrcmple</name>
         <load_address>0x31d0</load_address>
         <run_address>0x31d0</run_address>
         <size>0x86</size>
         <input_file_ref idref="fl-eb"/>
      </object_component>
      <object_component id="oc-4e">
         <name>.text</name>
         <load_address>0x3256</load_address>
         <run_address>0x3256</run_address>
         <size>0x7a</size>
         <input_file_ref idref="fl-dd"/>
      </object_component>
      <object_component id="oc-66">
         <name>.text</name>
         <load_address>0x32d0</load_address>
         <run_address>0x32d0</run_address>
         <size>0x70</size>
         <input_file_ref idref="fl-e9"/>
      </object_component>
      <object_component id="oc-29c">
         <name>.text</name>
         <load_address>0x3340</load_address>
         <run_address>0x3340</run_address>
         <size>0x6e</size>
         <input_file_ref idref="fl-d8"/>
      </object_component>
      <object_component id="oc-a6">
         <name>.text</name>
         <load_address>0x33ae</load_address>
         <run_address>0x33ae</run_address>
         <size>0x2</size>
         <input_file_ref idref="fl-ee"/>
      </object_component>
      <object_component id="oc-1f1">
         <name>.text:IntEnable</name>
         <load_address>0x33b0</load_address>
         <run_address>0x33b0</run_address>
         <size>0x68</size>
         <input_file_ref idref="fl-f1"/>
      </object_component>
      <object_component id="oc-12">
         <name>.text:decompress:lzss</name>
         <load_address>0x3418</load_address>
         <run_address>0x3418</run_address>
         <size>0x68</size>
         <input_file_ref idref="fl-cb"/>
      </object_component>
      <object_component id="oc-179">
         <name>.text:_ZN11Performance11TaskEndHookERKy</name>
         <load_address>0x3480</load_address>
         <run_address>0x3480</run_address>
         <size>0x64</size>
         <input_file_ref idref="fl-c"/>
      </object_component>
      <object_component id="oc-172">
         <name>.text:_ZN11Performance13TaskStartHookERKyS1_S1_</name>
         <load_address>0x34e4</load_address>
         <run_address>0x34e4</run_address>
         <size>0x5c</size>
         <input_file_ref idref="fl-c"/>
      </object_component>
      <object_component id="oc-24">
         <name>.text</name>
         <load_address>0x3540</load_address>
         <run_address>0x3540</run_address>
         <size>0x54</size>
         <input_file_ref idref="fl-ca"/>
      </object_component>
      <object_component id="oc-72">
         <name>.text</name>
         <load_address>0x3594</load_address>
         <run_address>0x3594</run_address>
         <size>0x54</size>
         <input_file_ref idref="fl-d3"/>
      </object_component>
      <object_component id="oc-a0">
         <name>.text</name>
         <load_address>0x35e8</load_address>
         <run_address>0x35e8</run_address>
         <size>0x4c</size>
         <input_file_ref idref="fl-ea"/>
      </object_component>
      <object_component id="oc-1c7">
         <name>.text:GPIOPinConfigure</name>
         <load_address>0x3634</load_address>
         <run_address>0x3634</run_address>
         <size>0x48</size>
         <input_file_ref idref="fl-f0"/>
      </object_component>
      <object_component id="oc-3bf">
         <name>.text:_SysCtlFrequencyGet</name>
         <load_address>0x367c</load_address>
         <run_address>0x367c</run_address>
         <size>0x48</size>
         <input_file_ref idref="fl-f3"/>
      </object_component>
      <object_component id="oc-100">
         <name>.text</name>
         <load_address>0x36c4</load_address>
         <run_address>0x36c4</run_address>
         <size>0x48</size>
         <input_file_ref idref="fl-d7"/>
      </object_component>
      <object_component id="oc-35b">
         <name>.text:UARTConfigSetExpClk</name>
         <load_address>0x370c</load_address>
         <run_address>0x370c</run_address>
         <size>0x46</size>
         <input_file_ref idref="fl-f5"/>
      </object_component>
      <object_component id="oc-381">
         <name>.text:_UARTIntNumberGet</name>
         <load_address>0x3754</load_address>
         <run_address>0x3754</run_address>
         <size>0x40</size>
         <input_file_ref idref="fl-f5"/>
      </object_component>
      <object_component id="oc-370">
         <name>.text</name>
         <load_address>0x3794</load_address>
         <run_address>0x3794</run_address>
         <size>0x40</size>
         <input_file_ref idref="fl-e5"/>
      </object_component>
      <object_component id="oc-22a">
         <name>.text:_ZN11PerformanceaSERVKS_</name>
         <load_address>0x37d4</load_address>
         <run_address>0x37d4</run_address>
         <size>0x3e</size>
         <input_file_ref idref="fl-b"/>
      </object_component>
      <object_component id="oc-231">
         <name>.text:_ZNV11PerformanceaSERVS_</name>
         <load_address>0x3812</load_address>
         <run_address>0x3812</run_address>
         <size>0x3e</size>
         <input_file_ref idref="fl-b"/>
      </object_component>
      <object_component id="oc-210">
         <name>.text:_ZN11PerformanceC1Ev</name>
         <load_address>0x3850</load_address>
         <run_address>0x3850</run_address>
         <size>0x3c</size>
         <input_file_ref idref="fl-b"/>
      </object_component>
      <object_component id="oc-355">
         <name>.text:SysCtlPeripheralPresent</name>
         <load_address>0x388c</load_address>
         <run_address>0x388c</run_address>
         <size>0x38</size>
         <input_file_ref idref="fl-f3"/>
      </object_component>
      <object_component id="oc-f5">
         <name>.text</name>
         <load_address>0x38c4</load_address>
         <run_address>0x38c4</run_address>
         <size>0x38</size>
         <input_file_ref idref="fl-d9"/>
      </object_component>
      <object_component id="oc-387">
         <name>.text:IntRegister</name>
         <load_address>0x38fc</load_address>
         <run_address>0x38fc</run_address>
         <size>0x34</size>
         <input_file_ref idref="fl-f1"/>
      </object_component>
      <object_component id="oc-1c1">
         <name>.text:SysCtlPeripheralEnable</name>
         <load_address>0x3930</load_address>
         <run_address>0x3930</run_address>
         <size>0x34</size>
         <input_file_ref idref="fl-f3"/>
      </object_component>
      <object_component id="oc-224">
         <name>.text</name>
         <load_address>0x3964</load_address>
         <run_address>0x3964</run_address>
         <size>0x30</size>
         <input_file_ref idref="fl-df"/>
      </object_component>
      <object_component id="oc-348">
         <name>.text:GPIODirModeSet</name>
         <load_address>0x3994</load_address>
         <run_address>0x3994</run_address>
         <size>0x2a</size>
         <input_file_ref idref="fl-f0"/>
      </object_component>
      <object_component id="oc-129">
         <name>.text:_ZNV13TaskScheduler6AddArgIfEEvT_</name>
         <load_address>0x39be</load_address>
         <run_address>0x39be</run_address>
         <size>0x2a</size>
         <input_file_ref idref="fl-2"/>
      </object_component>
      <object_component id="oc-137">
         <name>.text:_ZNV13TaskScheduler6AddArgIhEEvT_</name>
         <load_address>0x39e8</load_address>
         <run_address>0x39e8</run_address>
         <size>0x2a</size>
         <input_file_ref idref="fl-2"/>
      </object_component>
      <object_component id="oc-130">
         <name>.text:_ZNV13TaskScheduler6AddArgIsEEvT_</name>
         <load_address>0x3a12</load_address>
         <run_address>0x3a12</run_address>
         <size>0x2a</size>
         <input_file_ref idref="fl-2"/>
      </object_component>
      <object_component id="oc-2d0">
         <name>.text:IntPrioritySet</name>
         <load_address>0x3a3c</load_address>
         <run_address>0x3a3c</run_address>
         <size>0x24</size>
         <input_file_ref idref="fl-f1"/>
      </object_component>
      <object_component id="oc-40d">
         <name>.text:UARTDisable</name>
         <load_address>0x3a60</load_address>
         <run_address>0x3a60</run_address>
         <size>0x20</size>
         <input_file_ref idref="fl-f5"/>
      </object_component>
      <object_component id="oc-3b9">
         <name>.text:_SysCtlMemTimingGet</name>
         <load_address>0x3a80</load_address>
         <run_address>0x3a80</run_address>
         <size>0x20</size>
         <input_file_ref idref="fl-f3"/>
      </object_component>
      <object_component id="oc-2ec">
         <name>.text:_ZNV10LinkedList7IsEmptyEv</name>
         <load_address>0x3aa0</load_address>
         <run_address>0x3aa0</run_address>
         <size>0x20</size>
         <input_file_ref idref="fl-a"/>
      </object_component>
      <object_component id="oc-180">
         <name>.text</name>
         <load_address>0x3ac0</load_address>
         <run_address>0x3ac0</run_address>
         <size>0x20</size>
         <input_file_ref idref="fl-da"/>
      </object_component>
      <object_component id="oc-2ae">
         <name>.text:PWMPulseWidthGet</name>
         <load_address>0x3ae0</load_address>
         <run_address>0x3ae0</run_address>
         <size>0x1e</size>
         <input_file_ref idref="fl-f2"/>
      </object_component>
      <object_component id="oc-2a8">
         <name>.text:PWMPulseWidthSet</name>
         <load_address>0x3afe</load_address>
         <run_address>0x3afe</run_address>
         <size>0x1e</size>
         <input_file_ref idref="fl-f2"/>
      </object_component>
      <object_component id="oc-2ca">
         <name>.text:SysTickIntRegister</name>
         <load_address>0x3b1c</load_address>
         <run_address>0x3b1c</run_address>
         <size>0x1c</size>
         <input_file_ref idref="fl-f4"/>
      </object_component>
      <object_component id="oc-1eb">
         <name>.text:UARTIntRegister</name>
         <load_address>0x3b38</load_address>
         <run_address>0x3b38</run_address>
         <size>0x18</size>
         <input_file_ref idref="fl-f5"/>
      </object_component>
      <object_component id="oc-6c">
         <name>.text</name>
         <load_address>0x3b50</load_address>
         <run_address>0x3b50</run_address>
         <size>0x18</size>
         <input_file_ref idref="fl-e8"/>
      </object_component>
      <object_component id="oc-28b">
         <name>.text:FPUStackingEnable</name>
         <load_address>0x3b68</load_address>
         <run_address>0x3b68</run_address>
         <size>0x14</size>
         <input_file_ref idref="fl-ef"/>
      </object_component>
      <object_component id="oc-2e2">
         <name>.text:SysTickDisable</name>
         <load_address>0x3b7c</load_address>
         <run_address>0x3b7c</run_address>
         <size>0x14</size>
         <input_file_ref idref="fl-f4"/>
      </object_component>
      <object_component id="oc-2dc">
         <name>.text:SysTickEnable</name>
         <load_address>0x3b90</load_address>
         <run_address>0x3b90</run_address>
         <size>0x14</size>
         <input_file_ref idref="fl-f4"/>
      </object_component>
      <object_component id="oc-2d6">
         <name>.text:SysTickIntEnable</name>
         <load_address>0x3ba4</load_address>
         <run_address>0x3ba4</run_address>
         <size>0x14</size>
         <input_file_ref idref="fl-f4"/>
      </object_component>
      <object_component id="oc-361">
         <name>.text:UARTEnable</name>
         <load_address>0x3bb8</load_address>
         <run_address>0x3bb8</run_address>
         <size>0x14</size>
         <input_file_ref idref="fl-f5"/>
      </object_component>
      <object_component id="oc-14d">
         <name>.text</name>
         <load_address>0x3bcc</load_address>
         <run_address>0x3bcc</run_address>
         <size>0x14</size>
         <input_file_ref idref="fl-e7"/>
      </object_component>
      <object_component id="oc-1d3">
         <name>.text:GPIOPinTypeUART</name>
         <load_address>0x3be0</load_address>
         <run_address>0x3be0</run_address>
         <size>0x12</size>
         <input_file_ref idref="fl-f0"/>
      </object_component>
      <object_component id="oc-285">
         <name>.text:FPUEnable</name>
         <load_address>0x3bf4</load_address>
         <run_address>0x3bf4</run_address>
         <size>0x10</size>
         <input_file_ref idref="fl-ef"/>
      </object_component>
      <object_component id="oc-2a2">
         <name>.text:IntMasterDisable</name>
         <load_address>0x3c04</load_address>
         <run_address>0x3c04</run_address>
         <size>0x10</size>
         <input_file_ref idref="fl-f1"/>
      </object_component>
      <object_component id="oc-1f7">
         <name>.text:IntMasterEnable</name>
         <load_address>0x3c14</load_address>
         <run_address>0x3c14</run_address>
         <size>0x10</size>
         <input_file_ref idref="fl-f1"/>
      </object_component>
      <object_component id="oc-291">
         <name>.text:SysCtlReset</name>
         <load_address>0x3c24</load_address>
         <run_address>0x3c24</run_address>
         <size>0x10</size>
         <input_file_ref idref="fl-f3"/>
      </object_component>
      <object_component id="oc-2c4">
         <name>.text:SysTickPeriodSet</name>
         <load_address>0x3c34</load_address>
         <run_address>0x3c34</run_address>
         <size>0x10</size>
         <input_file_ref idref="fl-f4"/>
      </object_component>
      <object_component id="oc-30f">
         <name>.text:_ZN7_llnodeD1Ev</name>
         <load_address>0x3c44</load_address>
         <run_address>0x3c44</run_address>
         <size>0x10</size>
         <input_file_ref idref="fl-a"/>
      </object_component>
      <object_component id="oc-1bb">
         <name>.text:UARTCharsAvail</name>
         <load_address>0x3c54</load_address>
         <run_address>0x3c54</run_address>
         <size>0xe</size>
         <input_file_ref idref="fl-f5"/>
      </object_component>
      <object_component id="oc-18">
         <name>.text:decompress:none</name>
         <load_address>0x3c62</load_address>
         <run_address>0x3c62</run_address>
         <size>0xe</size>
         <input_file_ref idref="fl-cc"/>
      </object_component>
      <object_component id="oc-3d4">
         <name>.text:CPUcpsid</name>
         <load_address>0x3c70</load_address>
         <run_address>0x3c70</run_address>
         <size>0xc</size>
         <input_file_ref idref="fl-f6"/>
      </object_component>
      <object_component id="oc-393">
         <name>.text:CPUcpsie</name>
         <load_address>0x3c7c</load_address>
         <run_address>0x3c7c</run_address>
         <size>0xc</size>
         <input_file_ref idref="fl-f6"/>
      </object_component>
      <object_component id="oc-21d">
         <name>.text:_ZN11PerformanceD1Ev</name>
         <load_address>0x3c88</load_address>
         <run_address>0x3c88</run_address>
         <size>0xc</size>
         <input_file_ref idref="fl-b"/>
      </object_component>
      <object_component id="oc-16b">
         <name>.text:_ZNV13TaskScheduler7IsEmptyEv</name>
         <load_address>0x3c94</load_address>
         <run_address>0x3c94</run_address>
         <size>0xc</size>
         <input_file_ref idref="fl-c"/>
      </object_component>
      <object_component id="oc-1e">
         <name>.text:decompress:ZI</name>
         <load_address>0x3ca0</load_address>
         <run_address>0x3ca0</run_address>
         <size>0xc</size>
         <input_file_ref idref="fl-cd"/>
      </object_component>
      <object_component id="oc-2e">
         <name>.text</name>
         <load_address>0x3cac</load_address>
         <run_address>0x3cac</run_address>
         <size>0xc</size>
         <input_file_ref idref="fl-3"/>
      </object_component>
      <object_component id="oc-1af">
         <name>.text:UARTCharGet</name>
         <load_address>0x3cb8</load_address>
         <run_address>0x3cb8</run_address>
         <size>0xa</size>
         <input_file_ref idref="fl-f5"/>
      </object_component>
      <object_component id="oc-1b5">
         <name>.text:UARTCharPut</name>
         <load_address>0x3cc2</load_address>
         <run_address>0x3cc2</run_address>
         <size>0xa</size>
         <input_file_ref idref="fl-f5"/>
      </object_component>
      <object_component id="oc-1e5">
         <name>.text:UARTIntEnable</name>
         <load_address>0x3ccc</load_address>
         <run_address>0x3ccc</run_address>
         <size>0x8</size>
         <input_file_ref idref="fl-f5"/>
      </object_component>
      <object_component id="oc-217">
         <name>.text</name>
         <load_address>0x3cd4</load_address>
         <run_address>0x3cd4</run_address>
         <size>0x8</size>
         <input_file_ref idref="fl-ce"/>
      </object_component>
      <object_component id="oc-2a1">
         <name>.text:SysCtlDelay</name>
         <load_address>0x3cdc</load_address>
         <run_address>0x3cdc</run_address>
         <size>0x6</size>
         <input_file_ref idref="fl-f3"/>
      </object_component>
      <object_component id="oc-1cd">
         <name>.text:UARTClockSourceSet</name>
         <load_address>0x3ce2</load_address>
         <run_address>0x3ce2</run_address>
         <size>0x6</size>
         <input_file_ref idref="fl-f5"/>
      </object_component>
      <object_component id="oc-1df">
         <name>.text:UARTFIFOLevelSet</name>
         <load_address>0x3ce8</load_address>
         <run_address>0x3ce8</run_address>
         <size>0x6</size>
         <input_file_ref idref="fl-f5"/>
      </object_component>
      <object_component id="oc-1a9">
         <name>.text:UARTIntClear</name>
         <load_address>0x3cee</load_address>
         <run_address>0x3cee</run_address>
         <size>0x4</size>
         <input_file_ref idref="fl-f5"/>
      </object_component>
      <object_component id="oc-60">
         <name>.text</name>
         <load_address>0x3cf2</load_address>
         <run_address>0x3cf2</run_address>
         <size>0x4</size>
         <input_file_ref idref="fl-e1"/>
      </object_component>
      <object_component id="oc-3c8">
         <name>.const:g_pppui32XTALtoVCO</name>
         <load_address>0x3cf8</load_address>
         <run_address>0x3cf8</run_address>
         <size>0x1b0</size>
         <input_file_ref idref="fl-f3"/>
      </object_component>
      <object_component id="oc-3e9">
         <name>.const:g_pui32Regs</name>
         <load_address>0x3ea8</load_address>
         <run_address>0x3ea8</run_address>
         <size>0x9c</size>
         <input_file_ref idref="fl-f1"/>
      </object_component>
      <object_component id="oc-342">
         <name>.const:g_pui32GPIOBaseAddrs</name>
         <load_address>0x3f44</load_address>
         <run_address>0x3f44</run_address>
         <size>0x90</size>
         <input_file_ref idref="fl-f0"/>
      </object_component>
      <object_component id="oc-38e">
         <name>.const</name>
         <load_address>0x3fd4</load_address>
         <run_address>0x3fd4</run_address>
         <size>0x70</size>
         <input_file_ref idref="fl-f1"/>
      </object_component>
      <object_component id="oc-3c5">
         <name>.const:g_pui32Xtals</name>
         <load_address>0x4044</load_address>
         <run_address>0x4044</run_address>
         <size>0x6c</size>
         <input_file_ref idref="fl-f3"/>
      </object_component>
      <object_component id="oc-118">
         <name>.const:evName$1</name>
         <load_address>0x40b0</load_address>
         <run_address>0x40b0</run_address>
         <size>0x69</size>
         <input_file_ref idref="fl-2"/>
      </object_component>
      <object_component id="oc-427">
         <name>.const:g_ppui32UARTIntMap</name>
         <load_address>0x411c</load_address>
         <run_address>0x411c</run_address>
         <size>0x40</size>
         <input_file_ref idref="fl-f5"/>
      </object_component>
      <object_component id="oc-42a">
         <name>.const:g_ppui32UARTIntMapSnowflake</name>
         <load_address>0x415c</load_address>
         <run_address>0x415c</run_address>
         <size>0x40</size>
         <input_file_ref idref="fl-f5"/>
      </object_component>
      <object_component id="oc-43e">
         <name>.const:g_sXTALtoMEMTIM</name>
         <load_address>0x419c</load_address>
         <run_address>0x419c</run_address>
         <size>0x30</size>
         <input_file_ref idref="fl-f3"/>
      </object_component>
      <object_component id="oc-422">
         <name>.const:.string</name>
         <load_address>0x41cc</load_address>
         <run_address>0x41cc</run_address>
         <size>0x12</size>
         <input_file_ref idref="fl-4"/>
      </object_component>
      <object_component id="oc-36d">
         <name>.const:g_ui32UARTBase</name>
         <load_address>0x41e0</load_address>
         <run_address>0x41e0</run_address>
         <size>0xc</size>
         <input_file_ref idref="fl-4"/>
      </object_component>
      <object_component id="oc-367">
         <name>.const:g_ui32UARTPeriph</name>
         <load_address>0x41ec</load_address>
         <run_address>0x41ec</run_address>
         <size>0xc</size>
         <input_file_ref idref="fl-4"/>
      </object_component>
      <object_component id="oc-3cb">
         <name>.const</name>
         <load_address>0x41f8</load_address>
         <run_address>0x41f8</run_address>
         <size>0x8</size>
         <input_file_ref idref="fl-f3"/>
      </object_component>
      <object_component id="oc-375">
         <name>.const</name>
         <load_address>0x4200</load_address>
         <run_address>0x4200</run_address>
         <size>0x4</size>
         <input_file_ref idref="fl-4"/>
      </object_component>
      <object_component id="oc-480">
         <name>.cinit..data.load</name>
         <load_address>0x4208</load_address>
         <run_address>0x4208</run_address>
         <size>0x24</size>
      </object_component>
      <object_component id="oc-47d">
         <name>__TI_handler_table</name>
         <load_address>0x422c</load_address>
         <run_address>0x422c</run_address>
         <size>0xc</size>
      </object_component>
      <object_component id="oc-481">
         <name>.cinit..bss.load</name>
         <load_address>0x4238</load_address>
         <run_address>0x4238</run_address>
         <size>0x8</size>
      </object_component>
      <object_component id="oc-47f">
         <name>.cinit..vtable.load</name>
         <load_address>0x4240</load_address>
         <run_address>0x4240</run_address>
         <size>0x8</size>
      </object_component>
      <object_component id="oc-47e">
         <name>__TI_cinit_table</name>
         <load_address>0x4248</load_address>
         <run_address>0x4248</run_address>
         <size>0x18</size>
      </object_component>
      <object_component id="oc-42e">
         <name>.vtable</name>
         <uninitialized>true</uninitialized>
         <run_address>0x20000000</run_address>
         <size>0x26c</size>
         <input_file_ref idref="fl-f1"/>
      </object_component>
      <object_component id="oc-36a">
         <name>.data</name>
         <load_address>0x200016dc</load_address>
         <run_address>0x200016dc</run_address>
         <size>0x5</size>
         <input_file_ref idref="fl-4"/>
      </object_component>
      <object_component id="oc-2e8">
         <name>.data</name>
         <load_address>0x200016d4</load_address>
         <run_address>0x200016d4</run_address>
         <size>0x8</size>
         <input_file_ref idref="fl-6"/>
      </object_component>
      <object_component id="oc-254">
         <name>.data</name>
         <load_address>0x200016e4</load_address>
         <run_address>0x200016e4</run_address>
         <size>0x4</size>
         <input_file_ref idref="fl-7"/>
      </object_component>
      <object_component id="oc-1fe">
         <name>.data</name>
         <load_address>0x200016f4</load_address>
         <run_address>0x200016f4</run_address>
         <size>0x2</size>
         <input_file_ref idref="fl-9"/>
      </object_component>
      <object_component id="oc-316">
         <name>.data</name>
         <load_address>0x200016e2</load_address>
         <run_address>0x200016e2</run_address>
         <size>0x2</size>
         <input_file_ref idref="fl-a"/>
      </object_component>
      <object_component id="oc-18c">
         <name>.data:__kernelVector</name>
         <load_address>0x20001680</load_address>
         <run_address>0x20001680</run_address>
         <size>0x28</size>
         <input_file_ref idref="fl-c"/>
      </object_component>
      <object_component id="oc-115">
         <name>.data</name>
         <load_address>0x200016c0</load_address>
         <run_address>0x200016c0</run_address>
         <size>0xc</size>
         <input_file_ref idref="fl-c"/>
      </object_component>
      <object_component id="oc-2ff">
         <name>.data</name>
         <load_address>0x200016e8</load_address>
         <run_address>0x200016e8</run_address>
         <size>0x4</size>
         <input_file_ref idref="fl-cf"/>
      </object_component>
      <object_component id="oc-b6">
         <name>.data:$O1$$</name>
         <load_address>0x200016a8</load_address>
         <run_address>0x200016a8</run_address>
         <size>0xc</size>
         <input_file_ref idref="fl-d3"/>
      </object_component>
      <object_component id="oc-3f3">
         <name>.data:$O1$$</name>
         <load_address>0x200016b4</load_address>
         <run_address>0x200016b4</run_address>
         <size>0xc</size>
         <input_file_ref idref="fl-dc"/>
      </object_component>
      <object_component id="oc-78">
         <name>.data</name>
         <load_address>0x200016ec</load_address>
         <run_address>0x200016ec</run_address>
         <size>0x4</size>
         <input_file_ref idref="fl-e4"/>
      </object_component>
      <object_component id="oc-3a0">
         <name>.data</name>
         <load_address>0x200016f0</load_address>
         <run_address>0x200016f0</run_address>
         <size>0x4</size>
         <input_file_ref idref="fl-e6"/>
      </object_component>
      <object_component id="oc-b9">
         <name>.data:$O1$$</name>
         <load_address>0x200016cc</load_address>
         <run_address>0x200016cc</run_address>
         <size>0x8</size>
         <input_file_ref idref="fl-e7"/>
      </object_component>
      <object_component id="oc-251">
         <name>.bss:_ZZN8EventLog4GetIEvE17singletonInstance</name>
         <uninitialized>true</uninitialized>
         <run_address>0x20001470</run_address>
         <size>0x168</size>
         <input_file_ref idref="fl-7"/>
      </object_component>
      <object_component id="oc-250">
         <name>.bss</name>
         <uninitialized>true</uninitialized>
         <run_address>0x20001664</run_address>
         <size>0x4</size>
         <input_file_ref idref="fl-7"/>
      </object_component>
      <object_component id="oc-200">
         <name>.bss:_ZZN10SerialPort4GetIEvE17singletonInstance</name>
         <uninitialized>true</uninitialized>
         <run_address>0x20001660</run_address>
         <size>0x4</size>
         <input_file_ref idref="fl-9"/>
      </object_component>
      <object_component id="oc-1fd">
         <name>.bss:txBuffer$1</name>
         <uninitialized>true</uninitialized>
         <run_address>0x20001270</run_address>
         <size>0x200</size>
         <input_file_ref idref="fl-9"/>
      </object_component>
      <object_component id="oc-1ff">
         <name>.bss</name>
         <uninitialized>true</uninitialized>
         <run_address>0x20001670</run_address>
         <size>0x4</size>
         <input_file_ref idref="fl-9"/>
      </object_component>
      <object_component id="oc-196">
         <name>.bss:_ZZN13TaskScheduler4GetIEvE17singletonInstance</name>
         <uninitialized>true</uninitialized>
         <run_address>0x200015d8</run_address>
         <size>0x60</size>
         <input_file_ref idref="fl-c"/>
      </object_component>
      <object_component id="oc-195">
         <name>.bss</name>
         <uninitialized>true</uninitialized>
         <run_address>0x20001668</run_address>
         <size>0x4</size>
         <input_file_ref idref="fl-c"/>
      </object_component>
      <object_component id="oc-2bb">
         <name>.bss:_ZZN7TestMod4GetIEvE17singletonInstance</name>
         <uninitialized>true</uninitialized>
         <run_address>0x20001638</run_address>
         <size>0x14</size>
         <input_file_ref idref="fl-d"/>
      </object_component>
      <object_component id="oc-2ba">
         <name>.bss</name>
         <uninitialized>true</uninitialized>
         <run_address>0x2000166c</run_address>
         <size>0x4</size>
         <input_file_ref idref="fl-d"/>
      </object_component>
      <object_component id="oc-119">
         <name>.common:_kerInterface</name>
         <uninitialized>true</uninitialized>
         <run_address>0x2000164c</run_address>
         <size>0x14</size>
      </object_component>
      <object_component id="oc-2b4">
         <name>.common:g_ui32SysClock</name>
         <uninitialized>true</uninitialized>
         <run_address>0x20001678</run_address>
         <size>0x4</size>
      </object_component>
      <object_component id="oc-199">
         <name>.common:__dso_handle</name>
         <uninitialized>true</uninitialized>
         <run_address>0x20001674</run_address>
         <size>0x4</size>
      </object_component>
      <object_component id="oc-2b">
         <name>.sysmem</name>
         <uninitialized>true</uninitialized>
         <run_address>0x20000a70</run_address>
         <size>0x8</size>
         <input_file_ref idref="fl-dc"/>
      </object_component>
      <object_component id="oc-483">
         <name>.sysmem</name>
         <uninitialized>true</uninitialized>
         <run_address>0x20000a70</run_address>
         <size>0x0</size>
      </object_component>
      <object_component id="oc-2a">
         <name>.stack</name>
         <uninitialized>true</uninitialized>
         <run_address>0x2000026c</run_address>
         <size>0x0</size>
         <input_file_ref idref="fl-ca"/>
      </object_component>
      <object_component id="oc-482">
         <name>.stack</name>
         <uninitialized>true</uninitialized>
         <run_address>0x2000026c</run_address>
         <size>0x0</size>
      </object_component>
      <object_component id="oc-11a">
         <name>.debug_info</name>
         <load_address>0x0</load_address>
         <run_address>0x0</run_address>
         <size>0xf4a</size>
         <input_file_ref idref="fl-2"/>
      </object_component>
      <object_component id="oc-12a">
         <name>.debug_info</name>
         <load_address>0xf4a</load_address>
         <run_address>0xf4a</run_address>
         <size>0x25a</size>
         <input_file_ref idref="fl-2"/>
      </object_component>
      <object_component id="oc-131">
         <name>.debug_info</name>
         <load_address>0x11a4</load_address>
         <run_address>0x11a4</run_address>
         <size>0x259</size>
         <input_file_ref idref="fl-2"/>
      </object_component>
      <object_component id="oc-138">
         <name>.debug_info</name>
         <load_address>0x13fd</load_address>
         <run_address>0x13fd</run_address>
         <size>0x259</size>
         <input_file_ref idref="fl-2"/>
      </object_component>
      <object_component id="oc-af">
         <name>.debug_info</name>
         <load_address>0x1656</load_address>
         <run_address>0x1656</run_address>
         <size>0xd6e</size>
         <input_file_ref idref="fl-2"/>
      </object_component>
      <object_component id="oc-258">
         <name>.debug_info</name>
         <load_address>0x23c4</load_address>
         <run_address>0x23c4</run_address>
         <size>0x2dc</size>
         <input_file_ref idref="fl-2"/>
      </object_component>
      <object_component id="oc-261">
         <name>.debug_info</name>
         <load_address>0x26a0</load_address>
         <run_address>0x26a0</run_address>
         <size>0x252</size>
         <input_file_ref idref="fl-2"/>
      </object_component>
      <object_component id="oc-266">
         <name>.debug_info</name>
         <load_address>0x28f2</load_address>
         <run_address>0x28f2</run_address>
         <size>0x15f</size>
         <input_file_ref idref="fl-2"/>
      </object_component>
      <object_component id="oc-204">
         <name>.debug_info</name>
         <load_address>0x2a51</load_address>
         <run_address>0x2a51</run_address>
         <size>0xdf</size>
         <input_file_ref idref="fl-2"/>
      </object_component>
      <object_component id="oc-26b">
         <name>.debug_info</name>
         <load_address>0x2b30</load_address>
         <run_address>0x2b30</run_address>
         <size>0x2a2</size>
         <input_file_ref idref="fl-2"/>
      </object_component>
      <object_component id="oc-270">
         <name>.debug_info</name>
         <load_address>0x2dd2</load_address>
         <run_address>0x2dd2</run_address>
         <size>0x2e0</size>
         <input_file_ref idref="fl-2"/>
      </object_component>
      <object_component id="oc-275">
         <name>.debug_info</name>
         <load_address>0x30b2</load_address>
         <run_address>0x30b2</run_address>
         <size>0x107</size>
         <input_file_ref idref="fl-2"/>
      </object_component>
      <object_component id="oc-cf">
         <name>.debug_info</name>
         <load_address>0x31b9</load_address>
         <run_address>0x31b9</run_address>
         <size>0x8b</size>
         <input_file_ref idref="fl-2"/>
      </object_component>
      <object_component id="oc-27a">
         <name>.debug_info</name>
         <load_address>0x3244</load_address>
         <run_address>0x3244</run_address>
         <size>0x14d</size>
         <input_file_ref idref="fl-2"/>
      </object_component>
      <object_component id="oc-13f">
         <name>.debug_info</name>
         <load_address>0x3391</load_address>
         <run_address>0x3391</run_address>
         <size>0x18b</size>
         <input_file_ref idref="fl-2"/>
      </object_component>
      <object_component id="oc-336">
         <name>.debug_info</name>
         <load_address>0x351c</load_address>
         <run_address>0x351c</run_address>
         <size>0x2c</size>
         <input_file_ref idref="fl-2"/>
      </object_component>
      <object_component id="oc-36">
         <name>.debug_info</name>
         <load_address>0x3548</load_address>
         <run_address>0x3548</run_address>
         <size>0x2a7</size>
         <input_file_ref idref="fl-3"/>
      </object_component>
      <object_component id="oc-10">
         <name>.debug_info</name>
         <load_address>0x37ef</load_address>
         <run_address>0x37ef</run_address>
         <size>0xf8</size>
         <input_file_ref idref="fl-3"/>
      </object_component>
      <object_component id="oc-2f">
         <name>.debug_info</name>
         <load_address>0x38e7</load_address>
         <run_address>0x38e7</run_address>
         <size>0x277</size>
         <input_file_ref idref="fl-3"/>
      </object_component>
      <object_component id="oc-3d">
         <name>.debug_info</name>
         <load_address>0x3b5e</load_address>
         <run_address>0x3b5e</run_address>
         <size>0x84</size>
         <input_file_ref idref="fl-3"/>
      </object_component>
      <object_component id="oc-83">
         <name>.debug_info</name>
         <load_address>0x3be2</load_address>
         <run_address>0x3be2</run_address>
         <size>0x18b</size>
         <input_file_ref idref="fl-3"/>
      </object_component>
      <object_component id="oc-379">
         <name>.debug_info</name>
         <load_address>0x3d6d</load_address>
         <run_address>0x3d6d</run_address>
         <size>0x421</size>
         <input_file_ref idref="fl-4"/>
      </object_component>
      <object_component id="oc-36b">
         <name>.debug_info</name>
         <load_address>0x418e</load_address>
         <run_address>0x418e</run_address>
         <size>0x124</size>
         <input_file_ref idref="fl-4"/>
      </object_component>
      <object_component id="oc-376">
         <name>.debug_info</name>
         <load_address>0x42b2</load_address>
         <run_address>0x42b2</run_address>
         <size>0x11e</size>
         <input_file_ref idref="fl-4"/>
      </object_component>
      <object_component id="oc-36e">
         <name>.debug_info</name>
         <load_address>0x43d0</load_address>
         <run_address>0x43d0</run_address>
         <size>0x12c</size>
         <input_file_ref idref="fl-4"/>
      </object_component>
      <object_component id="oc-368">
         <name>.debug_info</name>
         <load_address>0x44fc</load_address>
         <run_address>0x44fc</run_address>
         <size>0x130</size>
         <input_file_ref idref="fl-4"/>
      </object_component>
      <object_component id="oc-1da">
         <name>.debug_info</name>
         <load_address>0x462c</load_address>
         <run_address>0x462c</run_address>
         <size>0xad9</size>
         <input_file_ref idref="fl-4"/>
      </object_component>
      <object_component id="oc-37a">
         <name>.debug_info</name>
         <load_address>0x5105</load_address>
         <run_address>0x5105</run_address>
         <size>0x4e</size>
         <input_file_ref idref="fl-4"/>
      </object_component>
      <object_component id="oc-2b5">
         <name>.debug_info</name>
         <load_address>0x5153</load_address>
         <run_address>0x5153</run_address>
         <size>0x4b1</size>
         <input_file_ref idref="fl-5"/>
      </object_component>
      <object_component id="oc-11e">
         <name>.debug_info</name>
         <load_address>0x5604</load_address>
         <run_address>0x5604</run_address>
         <size>0x6ed</size>
         <input_file_ref idref="fl-5"/>
      </object_component>
      <object_component id="oc-97">
         <name>.debug_info</name>
         <load_address>0x5cf1</load_address>
         <run_address>0x5cf1</run_address>
         <size>0x2c</size>
         <input_file_ref idref="fl-5"/>
      </object_component>
      <object_component id="oc-2b7">
         <name>.debug_info</name>
         <load_address>0x5d1d</load_address>
         <run_address>0x5d1d</run_address>
         <size>0x41b</size>
         <input_file_ref idref="fl-6"/>
      </object_component>
      <object_component id="oc-2e9">
         <name>.debug_info</name>
         <load_address>0x6138</load_address>
         <run_address>0x6138</run_address>
         <size>0x118</size>
         <input_file_ref idref="fl-6"/>
      </object_component>
      <object_component id="oc-166">
         <name>.debug_info</name>
         <load_address>0x6250</load_address>
         <run_address>0x6250</run_address>
         <size>0x3d3</size>
         <input_file_ref idref="fl-6"/>
      </object_component>
      <object_component id="oc-256">
         <name>.debug_info</name>
         <load_address>0x6623</load_address>
         <run_address>0x6623</run_address>
         <size>0x907</size>
         <input_file_ref idref="fl-7"/>
      </object_component>
      <object_component id="oc-252">
         <name>.debug_info</name>
         <load_address>0x6f2a</load_address>
         <run_address>0x6f2a</run_address>
         <size>0x10b</size>
         <input_file_ref idref="fl-7"/>
      </object_component>
      <object_component id="oc-110">
         <name>.debug_info</name>
         <load_address>0x7035</load_address>
         <run_address>0x7035</run_address>
         <size>0xf6d</size>
         <input_file_ref idref="fl-7"/>
      </object_component>
      <object_component id="oc-331">
         <name>.debug_info</name>
         <load_address>0x7fa2</load_address>
         <run_address>0x7fa2</run_address>
         <size>0x252</size>
         <input_file_ref idref="fl-7"/>
      </object_component>
      <object_component id="oc-1a4">
         <name>.debug_info</name>
         <load_address>0x81f4</load_address>
         <run_address>0x81f4</run_address>
         <size>0x2a2</size>
         <input_file_ref idref="fl-7"/>
      </object_component>
      <object_component id="oc-19f">
         <name>.debug_info</name>
         <load_address>0x8496</load_address>
         <run_address>0x8496</run_address>
         <size>0x2a1</size>
         <input_file_ref idref="fl-7"/>
      </object_component>
      <object_component id="oc-209">
         <name>.debug_info</name>
         <load_address>0x8737</load_address>
         <run_address>0x8737</run_address>
         <size>0x7a3</size>
         <input_file_ref idref="fl-9"/>
      </object_component>
      <object_component id="oc-201">
         <name>.debug_info</name>
         <load_address>0x8eda</load_address>
         <run_address>0x8eda</run_address>
         <size>0x114</size>
         <input_file_ref idref="fl-9"/>
      </object_component>
      <object_component id="oc-ea">
         <name>.debug_info</name>
         <load_address>0x8fee</load_address>
         <run_address>0x8fee</run_address>
         <size>0x82e</size>
         <input_file_ref idref="fl-9"/>
      </object_component>
      <object_component id="oc-20b">
         <name>.debug_info</name>
         <load_address>0x981c</load_address>
         <run_address>0x981c</run_address>
         <size>0x67</size>
         <input_file_ref idref="fl-9"/>
      </object_component>
      <object_component id="oc-31f">
         <name>.debug_info</name>
         <load_address>0x9883</load_address>
         <run_address>0x9883</run_address>
         <size>0x685</size>
         <input_file_ref idref="fl-a"/>
      </object_component>
      <object_component id="oc-317">
         <name>.debug_info</name>
         <load_address>0x9f08</load_address>
         <run_address>0x9f08</run_address>
         <size>0xf2</size>
         <input_file_ref idref="fl-a"/>
      </object_component>
      <object_component id="oc-310">
         <name>.debug_info</name>
         <load_address>0x9ffa</load_address>
         <run_address>0x9ffa</run_address>
         <size>0x145</size>
         <input_file_ref idref="fl-a"/>
      </object_component>
      <object_component id="oc-2ed">
         <name>.debug_info</name>
         <load_address>0xa13f</load_address>
         <run_address>0xa13f</run_address>
         <size>0x17a</size>
         <input_file_ref idref="fl-a"/>
      </object_component>
      <object_component id="oc-190">
         <name>.debug_info</name>
         <load_address>0xa2b9</load_address>
         <run_address>0xa2b9</run_address>
         <size>0xa8b</size>
         <input_file_ref idref="fl-a"/>
      </object_component>
      <object_component id="oc-31a">
         <name>.debug_info</name>
         <load_address>0xad44</load_address>
         <run_address>0xad44</run_address>
         <size>0x252</size>
         <input_file_ref idref="fl-a"/>
      </object_component>
      <object_component id="oc-321">
         <name>.debug_info</name>
         <load_address>0xaf96</load_address>
         <run_address>0xaf96</run_address>
         <size>0x2ab</size>
         <input_file_ref idref="fl-a"/>
      </object_component>
      <object_component id="oc-23e">
         <name>.debug_info</name>
         <load_address>0xb241</load_address>
         <run_address>0xb241</run_address>
         <size>0x533</size>
         <input_file_ref idref="fl-b"/>
      </object_component>
      <object_component id="oc-211">
         <name>.debug_info</name>
         <load_address>0xb774</load_address>
         <run_address>0xb774</run_address>
         <size>0x177</size>
         <input_file_ref idref="fl-b"/>
      </object_component>
      <object_component id="oc-21e">
         <name>.debug_info</name>
         <load_address>0xb8eb</load_address>
         <run_address>0xb8eb</run_address>
         <size>0x178</size>
         <input_file_ref idref="fl-b"/>
      </object_component>
      <object_component id="oc-232">
         <name>.debug_info</name>
         <load_address>0xba63</load_address>
         <run_address>0xba63</run_address>
         <size>0x199</size>
         <input_file_ref idref="fl-b"/>
      </object_component>
      <object_component id="oc-22b">
         <name>.debug_info</name>
         <load_address>0xbbfc</load_address>
         <run_address>0xbbfc</run_address>
         <size>0x199</size>
         <input_file_ref idref="fl-b"/>
      </object_component>
      <object_component id="oc-f0">
         <name>.debug_info</name>
         <load_address>0xbd95</load_address>
         <run_address>0xbd95</run_address>
         <size>0xcf2</size>
         <input_file_ref idref="fl-b"/>
      </object_component>
      <object_component id="oc-239">
         <name>.debug_info</name>
         <load_address>0xca87</load_address>
         <run_address>0xca87</run_address>
         <size>0x2b4</size>
         <input_file_ref idref="fl-b"/>
      </object_component>
      <object_component id="oc-19d">
         <name>.debug_info</name>
         <load_address>0xcd3b</load_address>
         <run_address>0xcd3b</run_address>
         <size>0xcc0</size>
         <input_file_ref idref="fl-c"/>
      </object_component>
      <object_component id="oc-18d">
         <name>.debug_info</name>
         <load_address>0xd9fb</load_address>
         <run_address>0xd9fb</run_address>
         <size>0xff</size>
         <input_file_ref idref="fl-c"/>
      </object_component>
      <object_component id="oc-197">
         <name>.debug_info</name>
         <load_address>0xdafa</load_address>
         <run_address>0xdafa</run_address>
         <size>0x124</size>
         <input_file_ref idref="fl-c"/>
      </object_component>
      <object_component id="oc-116">
         <name>.debug_info</name>
         <load_address>0xdc1e</load_address>
         <run_address>0xdc1e</run_address>
         <size>0x101</size>
         <input_file_ref idref="fl-c"/>
      </object_component>
      <object_component id="oc-173">
         <name>.debug_info</name>
         <load_address>0xdd1f</load_address>
         <run_address>0xdd1f</run_address>
         <size>0x243</size>
         <input_file_ref idref="fl-c"/>
      </object_component>
      <object_component id="oc-17a">
         <name>.debug_info</name>
         <load_address>0xdf62</load_address>
         <run_address>0xdf62</run_address>
         <size>0x1cd</size>
         <input_file_ref idref="fl-c"/>
      </object_component>
      <object_component id="oc-16c">
         <name>.debug_info</name>
         <load_address>0xe12f</load_address>
         <run_address>0xe12f</run_address>
         <size>0x1a7</size>
         <input_file_ref idref="fl-c"/>
      </object_component>
      <object_component id="oc-e4">
         <name>.debug_info</name>
         <load_address>0xe2d6</load_address>
         <run_address>0xe2d6</run_address>
         <size>0x1b9e</size>
         <input_file_ref idref="fl-c"/>
      </object_component>
      <object_component id="oc-2bf">
         <name>.debug_info</name>
         <load_address>0xfe74</load_address>
         <run_address>0xfe74</run_address>
         <size>0xa45</size>
         <input_file_ref idref="fl-d"/>
      </object_component>
      <object_component id="oc-2bc">
         <name>.debug_info</name>
         <load_address>0x108b9</load_address>
         <run_address>0x108b9</run_address>
         <size>0x111</size>
         <input_file_ref idref="fl-d"/>
      </object_component>
      <object_component id="oc-124">
         <name>.debug_info</name>
         <load_address>0x109ca</load_address>
         <run_address>0x109ca</run_address>
         <size>0xc25</size>
         <input_file_ref idref="fl-d"/>
      </object_component>
      <object_component id="oc-32a">
         <name>.debug_info</name>
         <load_address>0x115ef</load_address>
         <run_address>0x115ef</run_address>
         <size>0x2c</size>
         <input_file_ref idref="fl-c9"/>
      </object_component>
      <object_component id="oc-25">
         <name>.debug_info</name>
         <load_address>0x1161b</load_address>
         <run_address>0x1161b</run_address>
         <size>0x160</size>
         <input_file_ref idref="fl-ca"/>
      </object_component>
      <object_component id="oc-8d">
         <name>.debug_info</name>
         <load_address>0x1177b</load_address>
         <run_address>0x1177b</run_address>
         <size>0x293</size>
         <input_file_ref idref="fl-cb"/>
      </object_component>
      <object_component id="oc-13">
         <name>.debug_info</name>
         <load_address>0x11a0e</load_address>
         <run_address>0x11a0e</run_address>
         <size>0x245</size>
         <input_file_ref idref="fl-cb"/>
      </object_component>
      <object_component id="oc-38">
         <name>.debug_info</name>
         <load_address>0x11c53</load_address>
         <run_address>0x11c53</run_address>
         <size>0x60</size>
         <input_file_ref idref="fl-cb"/>
      </object_component>
      <object_component id="oc-88">
         <name>.debug_info</name>
         <load_address>0x11cb3</load_address>
         <run_address>0x11cb3</run_address>
         <size>0x46</size>
         <input_file_ref idref="fl-cb"/>
      </object_component>
      <object_component id="oc-4d">
         <name>.debug_info</name>
         <load_address>0x11cf9</load_address>
         <run_address>0x11cf9</run_address>
         <size>0x2da</size>
         <input_file_ref idref="fl-cc"/>
      </object_component>
      <object_component id="oc-19">
         <name>.debug_info</name>
         <load_address>0x11fd3</load_address>
         <run_address>0x11fd3</run_address>
         <size>0x1df</size>
         <input_file_ref idref="fl-cc"/>
      </object_component>
      <object_component id="oc-48">
         <name>.debug_info</name>
         <load_address>0x121b2</load_address>
         <run_address>0x121b2</run_address>
         <size>0x46</size>
         <input_file_ref idref="fl-cc"/>
      </object_component>
      <object_component id="oc-8f">
         <name>.debug_info</name>
         <load_address>0x121f8</load_address>
         <run_address>0x121f8</run_address>
         <size>0x2c</size>
         <input_file_ref idref="fl-cc"/>
      </object_component>
      <object_component id="oc-59">
         <name>.debug_info</name>
         <load_address>0x12224</load_address>
         <run_address>0x12224</run_address>
         <size>0x2c9</size>
         <input_file_ref idref="fl-cd"/>
      </object_component>
      <object_component id="oc-1f">
         <name>.debug_info</name>
         <load_address>0x124ed</load_address>
         <run_address>0x124ed</run_address>
         <size>0x1aa</size>
         <input_file_ref idref="fl-cd"/>
      </object_component>
      <object_component id="oc-54">
         <name>.debug_info</name>
         <load_address>0x12697</load_address>
         <run_address>0x12697</run_address>
         <size>0x46</size>
         <input_file_ref idref="fl-cd"/>
      </object_component>
      <object_component id="oc-39f">
         <name>.debug_info</name>
         <load_address>0x126dd</load_address>
         <run_address>0x126dd</run_address>
         <size>0x296</size>
         <input_file_ref idref="fl-ce"/>
      </object_component>
      <object_component id="oc-218">
         <name>.debug_info</name>
         <load_address>0x12973</load_address>
         <run_address>0x12973</run_address>
         <size>0x164</size>
         <input_file_ref idref="fl-ce"/>
      </object_component>
      <object_component id="oc-19a">
         <name>.debug_info</name>
         <load_address>0x12ad7</load_address>
         <run_address>0x12ad7</run_address>
         <size>0x3ab</size>
         <input_file_ref idref="fl-cf"/>
      </object_component>
      <object_component id="oc-300">
         <name>.debug_info</name>
         <load_address>0x12e82</load_address>
         <run_address>0x12e82</run_address>
         <size>0x11d</size>
         <input_file_ref idref="fl-cf"/>
      </object_component>
      <object_component id="oc-187">
         <name>.debug_info</name>
         <load_address>0x12f9f</load_address>
         <run_address>0x12f9f</run_address>
         <size>0x596</size>
         <input_file_ref idref="fl-cf"/>
      </object_component>
      <object_component id="oc-303">
         <name>.debug_info</name>
         <load_address>0x13535</load_address>
         <run_address>0x13535</run_address>
         <size>0x46</size>
         <input_file_ref idref="fl-cf"/>
      </object_component>
      <object_component id="oc-308">
         <name>.debug_info</name>
         <load_address>0x1357b</load_address>
         <run_address>0x1357b</run_address>
         <size>0xa3</size>
         <input_file_ref idref="fl-cf"/>
      </object_component>
      <object_component id="oc-248">
         <name>.debug_info</name>
         <load_address>0x1361e</load_address>
         <run_address>0x1361e</run_address>
         <size>0x39</size>
         <input_file_ref idref="fl-d0"/>
      </object_component>
      <object_component id="oc-bd">
         <name>.debug_info</name>
         <load_address>0x13657</load_address>
         <run_address>0x13657</run_address>
         <size>0x3ce</size>
         <input_file_ref idref="fl-d3"/>
      </object_component>
      <object_component id="oc-b7">
         <name>.debug_info</name>
         <load_address>0x13a25</load_address>
         <run_address>0x13a25</run_address>
         <size>0x185</size>
         <input_file_ref idref="fl-d3"/>
      </object_component>
      <object_component id="oc-73">
         <name>.debug_info</name>
         <load_address>0x13baa</load_address>
         <run_address>0x13baa</run_address>
         <size>0x214</size>
         <input_file_ref idref="fl-d3"/>
      </object_component>
      <object_component id="oc-106">
         <name>.debug_info</name>
         <load_address>0x13dbe</load_address>
         <run_address>0x13dbe</run_address>
         <size>0x144</size>
         <input_file_ref idref="fl-d4"/>
      </object_component>
      <object_component id="oc-298">
         <name>.debug_info</name>
         <load_address>0x13f02</load_address>
         <run_address>0x13f02</run_address>
         <size>0x132</size>
         <input_file_ref idref="fl-d5"/>
      </object_component>
      <object_component id="oc-10b">
         <name>.debug_info</name>
         <load_address>0x14034</load_address>
         <run_address>0x14034</run_address>
         <size>0x132</size>
         <input_file_ref idref="fl-d6"/>
      </object_component>
      <object_component id="oc-101">
         <name>.debug_info</name>
         <load_address>0x14166</load_address>
         <run_address>0x14166</run_address>
         <size>0x126</size>
         <input_file_ref idref="fl-d7"/>
      </object_component>
      <object_component id="oc-29d">
         <name>.debug_info</name>
         <load_address>0x1428c</load_address>
         <run_address>0x1428c</run_address>
         <size>0x136</size>
         <input_file_ref idref="fl-d8"/>
      </object_component>
      <object_component id="oc-f6">
         <name>.debug_info</name>
         <load_address>0x143c2</load_address>
         <run_address>0x143c2</run_address>
         <size>0x124</size>
         <input_file_ref idref="fl-d9"/>
      </object_component>
      <object_component id="oc-3f2">
         <name>.debug_info</name>
         <load_address>0x144e6</load_address>
         <run_address>0x144e6</run_address>
         <size>0x27b</size>
         <input_file_ref idref="fl-da"/>
      </object_component>
      <object_component id="oc-181">
         <name>.debug_info</name>
         <load_address>0x14761</load_address>
         <run_address>0x14761</run_address>
         <size>0x29e</size>
         <input_file_ref idref="fl-da"/>
      </object_component>
      <object_component id="oc-2f4">
         <name>.debug_info</name>
         <load_address>0x149ff</load_address>
         <run_address>0x149ff</run_address>
         <size>0x39</size>
         <input_file_ref idref="fl-da"/>
      </object_component>
      <object_component id="oc-43">
         <name>.debug_info</name>
         <load_address>0x14a38</load_address>
         <run_address>0x14a38</run_address>
         <size>0x111</size>
         <input_file_ref idref="fl-db"/>
      </object_component>
      <object_component id="oc-7e">
         <name>.debug_info</name>
         <load_address>0x14b49</load_address>
         <run_address>0x14b49</run_address>
         <size>0x3bc</size>
         <input_file_ref idref="fl-dc"/>
      </object_component>
      <object_component id="oc-2c">
         <name>.debug_info</name>
         <load_address>0x14f05</load_address>
         <run_address>0x14f05</run_address>
         <size>0x101</size>
         <input_file_ref idref="fl-dc"/>
      </object_component>
      <object_component id="oc-3f4">
         <name>.debug_info</name>
         <load_address>0x15006</load_address>
         <run_address>0x15006</run_address>
         <size>0x14c</size>
         <input_file_ref idref="fl-dc"/>
      </object_component>
      <object_component id="oc-2fa">
         <name>.debug_info</name>
         <load_address>0x15152</load_address>
         <run_address>0x15152</run_address>
         <size>0x885</size>
         <input_file_ref idref="fl-dc"/>
      </object_component>
      <object_component id="oc-c3">
         <name>.debug_info</name>
         <load_address>0x159d7</load_address>
         <run_address>0x159d7</run_address>
         <size>0x2c</size>
         <input_file_ref idref="fl-dc"/>
      </object_component>
      <object_component id="oc-c8">
         <name>.debug_info</name>
         <load_address>0x15a03</load_address>
         <run_address>0x15a03</run_address>
         <size>0x62</size>
         <input_file_ref idref="fl-dc"/>
      </object_component>
      <object_component id="oc-4f">
         <name>.debug_info</name>
         <load_address>0x15a65</load_address>
         <run_address>0x15a65</run_address>
         <size>0x13f</size>
         <input_file_ref idref="fl-dd"/>
      </object_component>
      <object_component id="oc-5b">
         <name>.debug_info</name>
         <load_address>0x15ba4</load_address>
         <run_address>0x15ba4</run_address>
         <size>0x138</size>
         <input_file_ref idref="fl-de"/>
      </object_component>
      <object_component id="oc-3aa">
         <name>.debug_info</name>
         <load_address>0x15cdc</load_address>
         <run_address>0x15cdc</run_address>
         <size>0x2ff</size>
         <input_file_ref idref="fl-df"/>
      </object_component>
      <object_component id="oc-225">
         <name>.debug_info</name>
         <load_address>0x15fdb</load_address>
         <run_address>0x15fdb</run_address>
         <size>0x198</size>
[...]
         <name>_ZN13TaskSchedulerD2Ev</name>
         <value>0xde1</value>
         <object_component_ref idref="oc-e3"/>
      </symbol>
      <symbol id="sm-3ca">
         <name>_ZNV13TaskScheduler8PopFrontEv</name>
         <value>0xd5d</value>
         <object_component_ref idref="oc-e3"/>
      </symbol>
      <symbol id="sm-3cb">
         <name>_ZNV13TaskScheduler10RemoveTaskEt</name>
         <value>0xd23</value>
         <object_component_ref idref="oc-e3"/>
      </symbol>
      <symbol id="sm-3cc">
         <name>_Z15_TSSyncCallbackv</name>
         <value>0x94d</value>
         <object_component_ref idref="oc-e3"/>
      </symbol>
      <symbol id="sm-3cd">
         <name>_ZN13TaskScheduler15ValidKernModuleEh</name>
         <value>0xac7</value>
         <object_component_ref idref="oc-e3"/>
      </symbol>
      <symbol id="sm-3ce">
         <name>_ZNV13TaskScheduler11SyncTaskPerEhhxii</name>
         <value>0xbfd</value>
         <object_component_ref idref="oc-e3"/>
      </symbol>
      <symbol id="sm-408">
         <name>_ZN7TestMod4GetIEv</name>
         <value>0x1fcf</value>
         <object_component_ref idref="oc-123"/>
      </symbol>
      <symbol id="sm-409">
         <name>_ZN7TestMod10PrintFloatEf</name>
         <value>0x20e1</value>
         <object_component_ref idref="oc-123"/>
      </symbol>
      <symbol id="sm-40a">
         <name>_ZN7TestModD1Ev</name>
         <value>0x216b</value>
         <object_component_ref idref="oc-123"/>
      </symbol>
      <symbol id="sm-40b">
         <name>_Z23_TESTMOD_KernelCallbackv</name>
         <value>0x1f21</value>
         <object_component_ref idref="oc-123"/>
      </symbol>
      <symbol id="sm-40c">
         <name>_ZN7TestModC1Ev</name>
         <value>0x2157</value>
         <object_component_ref idref="oc-123"/>
      </symbol>
      <symbol id="sm-40d">
         <name>_ZN7TestModD2Ev</name>
         <value>0x216b</value>
         <object_component_ref idref="oc-123"/>
      </symbol>
      <symbol id="sm-40e">
         <name>_ZN7TestMod11PrintStringEPc</name>
         <value>0x2071</value>
         <object_component_ref idref="oc-123"/>
      </symbol>
      <symbol id="sm-40f">
         <name>_ZN7TestMod6InitSWEv</name>
         <value>0x2015</value>
         <object_component_ref idref="oc-123"/>
      </symbol>
      <symbol id="sm-410">
         <name>_ZN7TestModC2Ev</name>
         <value>0x2157</value>
         <object_component_ref idref="oc-123"/>
      </symbol>
      <symbol id="sm-411">
         <name>_ZN7TestMod6InitHWEv</name>
         <value>0x2003</value>
         <object_component_ref idref="oc-123"/>
      </symbol>
      <symbol id="sm-412">
         <name>_ZN7TestMod4GetPEv</name>
         <value>0x1ffb</value>
         <object_component_ref idref="oc-123"/>
      </symbol>
      <symbol id="sm-413">
         <name>_ZN7TestMod10PrintInt16Esh</name>
         <value>0x2035</value>
         <object_component_ref idref="oc-123"/>
      </symbol>
      <symbol id="sm-42b">
         <name>_c_int00</name>
         <value>0x3541</value>
         <object_component_ref idref="oc-24"/>
      </symbol>
      <symbol id="sm-42c">
         <name>__stack</name>
         <value>0x2000026c</value>
         <object_component_ref idref="oc-2a"/>
      </symbol>
      <symbol id="sm-44a">
         <name>__TI_decompress_lzss</name>
         <value>0x3419</value>
         <object_component_ref idref="oc-12"/>
      </symbol>
      <symbol id="sm-461">
         <name>__TI_decompress_none</name>
         <value>0x3c63</value>
         <object_component_ref idref="oc-18"/>
      </symbol>
      <symbol id="sm-473">
         <name>__TI_zero_init</name>
         <value>0x3ca1</value>
         <object_component_ref idref="oc-1e"/>
      </symbol>
      <symbol id="sm-481">
         <name>_ZdlPv</name>
         <value>0x3cd5</value>
         <object_component_ref idref="oc-217"/>
      </symbol>
      <symbol id="sm-4b4">
         <name>__dso_handle</name>
         <value>0x20001674</value>
      </symbol>
      <symbol id="sm-4b5">
         <name>__aeabi_atexit</name>
         <value>0x2f6b</value>
         <object_component_ref idref="oc-186"/>
      </symbol>
      <symbol id="sm-4b6">
         <name>__cxa_atexit</name>
         <value>0x2f19</value>
         <object_component_ref idref="oc-186"/>
      </symbol>
      <symbol id="sm-4b7">
         <name>__cxa_finalize</name>
         <value>0x2ed1</value>
         <object_component_ref idref="oc-186"/>
      </symbol>
      <symbol id="sm-4b8">
         <name>atexit</name>
         <value>0x2f5d</value>
         <object_component_ref idref="oc-186"/>
      </symbol>
      <symbol id="sm-4b9">
         <name>__cxa_ia64_exit</name>
         <value>0x2f13</value>
         <object_component_ref idref="oc-186"/>
      </symbol>
      <symbol id="sm-4e2">
         <name>C$$EXIT</name>
         <value>0x3595</value>
         <object_component_ref idref="oc-72"/>
      </symbol>
      <symbol id="sm-4e3">
         <name>abort</name>
         <value>0x3599</value>
         <object_component_ref idref="oc-72"/>
      </symbol>
      <symbol id="sm-4e4">
         <name>exit</name>
         <value>0x35a1</value>
         <object_component_ref idref="oc-72"/>
      </symbol>
      <symbol id="sm-4e5">
         <name>__TI_dtors_ptr</name>
         <value>0x200016ac</value>
         <object_component_ref idref="oc-b6"/>
      </symbol>
      <symbol id="sm-4e6">
         <name>__TI_cleanup_ptr</name>
         <value>0x200016a8</value>
         <object_component_ref idref="oc-b6"/>
      </symbol>
      <symbol id="sm-4e7">
         <name>__TI_enable_exit_profile_output</name>
         <value>0x200016b0</value>
         <object_component_ref idref="oc-b6"/>
      </symbol>
      <symbol id="sm-4fe">
         <name>__aeabi_dsub</name>
         <value>0x2739</value>
         <object_component_ref idref="oc-105"/>
      </symbol>
      <symbol id="sm-4ff">
         <name>__aeabi_dadd</name>
         <value>0x2743</value>
         <object_component_ref idref="oc-105"/>
      </symbol>
      <symbol id="sm-513">
         <name>__aeabi_ddiv</name>
         <value>0x2a61</value>
         <object_component_ref idref="oc-297"/>
      </symbol>
      <symbol id="sm-51e">
         <name>__aeabi_dmul</name>
         <value>0x2dd5</value>
         <object_component_ref idref="oc-10a"/>
      </symbol>
      <symbol id="sm-528">
         <name>__aeabi_d2iz</name>
         <value>0x36c5</value>
         <object_component_ref idref="oc-100"/>
      </symbol>
      <symbol id="sm-534">
         <name>__aeabi_d2f</name>
         <value>0x3341</value>
         <object_component_ref idref="oc-29c"/>
      </symbol>
      <symbol id="sm-53f">
         <name>__aeabi_f2d</name>
         <value>0x38c5</value>
         <object_component_ref idref="oc-f5"/>
      </symbol>
      <symbol id="sm-553">
         <name>__cxa_guard_release</name>
         <value>0x3ac1</value>
         <object_component_ref idref="oc-180"/>
      </symbol>
      <symbol id="sm-554">
         <name>__cxa_guard_abort</name>
         <value>0x3ad7</value>
         <object_component_ref idref="oc-180"/>
      </symbol>
      <symbol id="sm-555">
         <name>__cxa_guard_acquire</name>
         <value>0x3acb</value>
         <object_component_ref idref="oc-180"/>
      </symbol>
      <symbol id="sm-570">
         <name>memcpy</name>
         <value>0x3135</value>
         <object_component_ref idref="oc-42"/>
      </symbol>
      <symbol id="sm-571">
         <name>__aeabi_memcpy</name>
         <value>0x3135</value>
         <object_component_ref idref="oc-42"/>
      </symbol>
      <symbol id="sm-572">
         <name>__aeabi_memcpy8</name>
         <value>0x3135</value>
         <object_component_ref idref="oc-42"/>
      </symbol>
      <symbol id="sm-573">
         <name>__aeabi_memcpy4</name>
         <value>0x3135</value>
         <object_component_ref idref="oc-42"/>
      </symbol>
      <symbol id="sm-5e7">
         <name>_sys_memory</name>
         <value>0x20000a70</value>
         <object_component_ref idref="oc-2b"/>
      </symbol>
      <symbol id="sm-5e8">
         <name>free</name>
         <value>0x1c3b</value>
         <object_component_ref idref="oc-2f9"/>
      </symbol>
      <symbol id="sm-5e9">
         <name>realloc</name>
         <value>0x1cfd</value>
         <object_component_ref idref="oc-2f9"/>
      </symbol>
      <symbol id="sm-5ea">
         <name>memalign</name>
         <value>0x1e05</value>
         <object_component_ref idref="oc-2f9"/>
      </symbol>
      <symbol id="sm-5eb">
         <name>calloc</name>
         <value>0x1ef1</value>
         <object_component_ref idref="oc-2f9"/>
      </symbol>
      <symbol id="sm-5ec">
         <name>malloc</name>
         <value>0x1bd1</value>
         <object_component_ref idref="oc-2f9"/>
      </symbol>
      <symbol id="sm-5ed">
         <name>minit</name>
         <value>0x1b51</value>
         <object_component_ref idref="oc-2f9"/>
      </symbol>
      <symbol id="sm-5fc">
         <name>__aeabi_memset</name>
         <value>0x3259</value>
         <object_component_ref idref="oc-4e"/>
      </symbol>
      <symbol id="sm-5fd">
         <name>memset</name>
         <value>0x325f</value>
         <object_component_ref idref="oc-4e"/>
      </symbol>
      <symbol id="sm-5fe">
         <name>__aeabi_memset8</name>
         <value>0x3259</value>
         <object_component_ref idref="oc-4e"/>
      </symbol>
      <symbol id="sm-5ff">
         <name>__aeabi_memset4</name>
         <value>0x3259</value>
         <object_component_ref idref="oc-4e"/>
      </symbol>
      <symbol id="sm-600">
         <name>__aeabi_memclr8</name>
         <value>0x3257</value>
         <object_component_ref idref="oc-4e"/>
      </symbol>
      <symbol id="sm-601">
         <name>__aeabi_memclr4</name>
         <value>0x3257</value>
         <object_component_ref idref="oc-4e"/>
      </symbol>
      <symbol id="sm-602">
         <name>__aeabi_memclr</name>
         <value>0x3257</value>
         <object_component_ref idref="oc-4e"/>
      </symbol>
      <symbol id="sm-60c">
         <name>__mpu_init</name>
         <value>0x2537</value>
         <object_component_ref idref="oc-5a"/>
      </symbol>
      <symbol id="sm-623">
         <name>_Znwj</name>
         <value>0x3965</value>
         <object_component_ref idref="oc-224"/>
      </symbol>
      <symbol id="sm-62d">
         <name>_Z21__default_new_handlerv</name>
         <value>0x28ef</value>
         <object_component_ref idref="oc-3a3"/>
      </symbol>
      <symbol id="sm-637">
         <name>_system_pre_init</name>
         <value>0x3cf3</value>
         <object_component_ref idref="oc-60"/>
      </symbol>
      <symbol id="sm-650">
         <name>trunc</name>
         <value>0x2fc5</value>
         <object_component_ref idref="oc-fa"/>
      </symbol>
      <symbol id="sm-651">
         <name>truncl</name>
         <value>0x2fc5</value>
         <object_component_ref idref="oc-fa"/>
      </symbol>
      <symbol id="sm-659">
         <name>main_func_sp</name>
         <value>0x200016ec</value>
         <object_component_ref idref="oc-78"/>
      </symbol>
      <symbol id="sm-668">
         <name>__aeabi_uidivmod</name>
         <value>0x3795</value>
         <object_component_ref idref="oc-370"/>
      </symbol>
      <symbol id="sm-669">
         <name>__aeabi_uidiv</name>
         <value>0x3795</value>
         <object_component_ref idref="oc-370"/>
      </symbol>
      <symbol id="sm-671">
         <name>_new_handler</name>
         <value>0x200016f0</value>
         <object_component_ref idref="oc-3a0"/>
      </symbol>
      <symbol id="sm-68a">
         <name>_nop</name>
         <value>0x3bdb</value>
         <object_component_ref idref="oc-14d"/>
      </symbol>
      <symbol id="sm-68b">
         <name>_lock</name>
         <value>0x200016cc</value>
         <object_component_ref idref="oc-b9"/>
      </symbol>
      <symbol id="sm-68c">
         <name>_unlock</name>
         <value>0x200016d0</value>
         <object_component_ref idref="oc-b9"/>
      </symbol>
      <symbol id="sm-68d">
         <name>_register_lock</name>
         <value>0x3bd3</value>
         <object_component_ref idref="oc-14d"/>
      </symbol>
      <symbol id="sm-68e">
         <name>_register_unlock</name>
         <value>0x3bcd</value>
         <object_component_ref idref="oc-14d"/>
      </symbol>
      <symbol id="sm-6a2">
         <name>_args_main</name>
         <value>0x3b51</value>
         <object_component_ref idref="oc-6c"/>
      </symbol>
      <symbol id="sm-6cc">
         <name>__TI_auto_init</name>
         <value>0x32d1</value>
         <object_component_ref idref="oc-66"/>
      </symbol>
      <symbol id="sm-6e6">
         <name>copy_in</name>
         <value>0x35e9</value>
         <object_component_ref idref="oc-a0"/>
      </symbol>
      <symbol id="sm-6f8">
         <name>__aeabi_cdrcmple</name>
         <value>0x31d1</value>
         <object_component_ref idref="oc-241"/>
      </symbol>
      <symbol id="sm-702">
         <name>__aeabi_idiv0</name>
         <value>0x1b4f</value>
         <object_component_ref idref="oc-41b"/>
      </symbol>
      <symbol id="sm-70d">
         <name>_system_post_cinit</name>
         <value>0x33af</value>
         <object_component_ref idref="oc-a6"/>
      </symbol>
      <symbol id="sm-723">
         <name>FPUStackingEnable</name>
         <value>0x3b69</value>
         <object_component_ref idref="oc-28b"/>
      </symbol>
      <symbol id="sm-724">
         <name>FPUEnable</name>
         <value>0x3bf5</value>
         <object_component_ref idref="oc-285"/>
      </symbol>
      <symbol id="sm-756">
         <name>GPIOPinConfigure</name>
         <value>0x3635</value>
         <object_component_ref idref="oc-1c7"/>
      </symbol>
      <symbol id="sm-757">
         <name>GPIOPinTypeUART</name>
         <value>0x3be1</value>
         <object_component_ref idref="oc-1d3"/>
      </symbol>
      <symbol id="sm-758">
         <name>GPIODirModeSet</name>
         <value>0x3995</value>
         <object_component_ref idref="oc-348"/>
      </symbol>
      <symbol id="sm-759">
         <name>GPIOPadConfigSet</name>
         <value>0x2b97</value>
         <object_component_ref idref="oc-34e"/>
      </symbol>
      <symbol id="sm-7b5">
         <name>IntPrioritySet</name>
         <value>0x3a3d</value>
         <object_component_ref idref="oc-2d0"/>
      </symbol>
      <symbol id="sm-7b6">
         <name>IntEnable</name>
         <value>0x33b1</value>
         <object_component_ref idref="oc-1f1"/>
      </symbol>
      <symbol id="sm-7b7">
         <name>IntRegister</name>
         <value>0x38fd</value>
         <object_component_ref idref="oc-387"/>
      </symbol>
      <symbol id="sm-7b8">
         <name>IntMasterDisable</name>
         <value>0x3c05</value>
         <object_component_ref idref="oc-2a2"/>
      </symbol>
      <symbol id="sm-7b9">
         <name>g_pfnRAMVectors</name>
         <value>0x20000000</value>
         <object_component_ref idref="oc-42e"/>
      </symbol>
      <symbol id="sm-7ba">
         <name>IntMasterEnable</name>
         <value>0x3c15</value>
         <object_component_ref idref="oc-1f7"/>
      </symbol>
      <symbol id="sm-7cf">
         <name>PWMPulseWidthSet</name>
         <value>0x3aff</value>
         <object_component_ref idref="oc-2a8"/>
      </symbol>
      <symbol id="sm-7d0">
         <name>PWMPulseWidthGet</name>
         <value>0x3ae1</value>
         <object_component_ref idref="oc-2ae"/>
      </symbol>
      <symbol id="sm-858">
         <name>SysCtlPeripheralPresent</name>
         <value>0x388d</value>
         <object_component_ref idref="oc-355"/>
      </symbol>
      <symbol id="sm-859">
         <name>SysCtlDelay</name>
         <value>0x3cdd</value>
         <object_component_ref idref="oc-2a1"/>
      </symbol>
      <symbol id="sm-85a">
         <name>SysCtlPeripheralEnable</name>
         <value>0x3931</value>
         <object_component_ref idref="oc-1c1"/>
      </symbol>
      <symbol id="sm-85b">
         <name>SysCtlReset</name>
         <value>0x3c25</value>
         <object_component_ref idref="oc-291"/>
      </symbol>
      <symbol id="sm-85c">
         <name>SysCtlClockFreqSet</name>
         <value>0x2539</value>
         <object_component_ref idref="oc-27f"/>
      </symbol>
      <symbol id="sm-893">
         <name>SysTickEnable</name>
         <value>0x3b91</value>
         <object_component_ref idref="oc-2dc"/>
      </symbol>
      <symbol id="sm-894">
         <name>SysTickIntRegister</name>
         <value>0x3b1d</value>
         <object_component_ref idref="oc-2ca"/>
      </symbol>
      <symbol id="sm-895">
         <name>SysTickIntEnable</name>
         <value>0x3ba5</value>
         <object_component_ref idref="oc-2d6"/>
      </symbol>
      <symbol id="sm-896">
         <name>SysTickPeriodSet</name>
         <value>0x3c35</value>
         <object_component_ref idref="oc-2c4"/>
      </symbol>
      <symbol id="sm-897">
         <name>SysTickDisable</name>
         <value>0x3b7d</value>
         <object_component_ref idref="oc-2e2"/>
      </symbol>
      <symbol id="sm-919">
         <name>UARTConfigSetExpClk</name>
         <value>0x370d</value>
         <object_component_ref idref="oc-35b"/>
      </symbol>
      <symbol id="sm-91a">
         <name>UARTDisable</name>
         <value>0x3a61</value>
         <object_component_ref idref="oc-40d"/>
      </symbol>
      <symbol id="sm-91b">
         <name>UARTIntEnable</name>
         <value>0x3ccd</value>
         <object_component_ref idref="oc-1e5"/>
      </symbol>
      <symbol id="sm-91c">
         <name>UARTCharsAvail</name>
         <value>0x3c55</value>
         <object_component_ref idref="oc-1bb"/>
      </symbol>
      <symbol id="sm-91d">
         <name>UARTClockSourceSet</name>
         <value>0x3ce3</value>
         <object_component_ref idref="oc-1cd"/>
      </symbol>
      <symbol id="sm-91e">
         <name>UARTCharPut</name>
         <value>0x3cc3</value>
         <object_component_ref idref="oc-1b5"/>
      </symbol>
      <symbol id="sm-91f">
         <name>UARTEnable</name>
         <value>0x3bb9</value>
         <object_component_ref idref="oc-361"/>
      </symbol>
      <symbol id="sm-920">
         <name>UARTIntClear</name>
         <value>0x3cef</value>
         <object_component_ref idref="oc-1a9"/>
      </symbol>
      <symbol id="sm-921">
         <name>UARTCharGet</name>
         <value>0x3cb9</value>
         <object_component_ref idref="oc-1af"/>
      </symbol>
      <symbol id="sm-922">
         <name>UARTFIFOLevelSet</name>
         <value>0x3ce9</value>
         <object_component_ref idref="oc-1df"/>
      </symbol>
      <symbol id="sm-923">
         <name>UARTIntRegister</name>
         <value>0x3b39</value>
         <object_component_ref idref="oc-1eb"/>
      </symbol>
      <symbol id="sm-935">
         <name>CPUcpsie</name>
         <value>0x3c7d</value>
         <object_component_ref idref="oc-393"/>
      </symbol>
      <symbol id="sm-936">
         <name>CPUcpsid</name>
         <value>0x3c71</value>
         <object_component_ref idref="oc-3d4"/>
      </symbol>
      <symbol id="sm-937">
         <name>__TI_static_base__</name>
         <value>0x0</value>
      </symbol>
      <symbol id="sm-93a">
         <name>SHT$$INIT_ARRAY$$Limit</name>
         <value>0x0</value>
      </symbol>
      <symbol id="sm-93b">
         <name>SHT$$INIT_ARRAY$$Base</name>
         <value>0x0</value>
      </symbol>
      <symbol id="sm-93c">
         <name>_ZdaPv</name>
         <value>0x3cd5</value>
      </symbol>
      <symbol id="sm-93d">
         <name>_Znaj</name>
         <value>0x3965</value>
      </symbol>
   </symbol_table>
   <title>Link successful</title>
</link_info>
