<?xml version="1.0"?>
<link_info>
   <banner>TI ARM Linker Unix v16.9.3.LTS</banner>
   <copyright>Copyright (c) 1996-2017 Texas Instruments Incorporated</copyright>
   <link_time>0x5a7f45bc</link_time>
   <link_errors>0x0</link_errors>
   <output_file>tm4c_operatingSys.out</output_file>
   <entry_point>
      <name>_c_int00</name>
      <address>0x34e5</address>
   </entry_point>
   <input_file_list>
      <input_file id="fl-2">
         <path>./</path>
         <kind>object</kind>
         <file>main.obj</file>
         <name>main.obj</name>
      </input_file>
      <input_file id="fl-3">
         <path>./</path>
         <kind>object</kind>
         <file>tm4c1294ncpdt_startup_ccs.obj</file>
         <name>tm4c1294ncpdt_startup_ccs.obj</name>
      </input_file>
      <input_file id="fl-4">
         <path>./</path>
         <kind>object</kind>
         <file>uartstdio.obj</file>
         <name>uartstdio.obj</name>
      </input_file>
      <input_file id="fl-5">
         <path>./HAL/tm4c1294/</path>
         <kind>object</kind>
         <file>hal_common_tm4c.obj</file>
         <name>hal_common_tm4c.obj</name>
      </input_file>
      <input_file id="fl-6">
         <path>./HAL/tm4c1294/</path>
         <kind>object</kind>
         <file>hal_ts_tm4c.obj</file>
         <name>hal_ts_tm4c.obj</name>
      </input_file>
      <input_file id="fl-7">
         <path>./init/</path>
         <kind>object</kind>
         <file>eventLog.obj</file>
         <name>eventLog.obj</name>
      </input_file>
      <input_file id="fl-8">
         <path>./libs/</path>
         <kind>object</kind>
         <file>myLib.obj</file>
         <name>myLib.obj</name>
      </input_file>
      <input_file id="fl-9">
         <path>./serialPort/</path>
         <kind>object</kind>
         <file>uartHW.obj</file>
         <name>uartHW.obj</name>
      </input_file>
      <input_file id="fl-a">
         <path>./taskScheduler/</path>
         <kind>object</kind>
         <file>linkedList.obj</file>
         <name>linkedList.obj</name>
      </input_file>
      <input_file id="fl-b">
         <path>./taskScheduler/</path>
         <kind>object</kind>
         <file>taskEntry.obj</file>
         <name>taskEntry.obj</name>
      </input_file>
      <input_file id="fl-c">
         <path>./taskScheduler/</path>
         <kind>object</kind>
         <file>taskScheduler.obj</file>
         <name>taskScheduler.obj</name>
      </input_file>
      <input_file id="fl-d">
         <path>./testModule/</path>
         <kind>object</kind>
         <file>testModule.obj</file>
         <name>testModule.obj</name>
      </input_file>
      <input_file id="fl-12">
         <kind>object</kind>
         <file>&lt;internal&gt;</file>
         <name>&lt;internal&gt;</name>
      </input_file>
      <input_file id="fl-c8">
         <path>/home/v125/Programming/ti/ccsv7/tools/compiler/ti-cgt-arm_16.9.3.LTS/lib/</path>
         <kind>archive</kind>
         <file>rtsv7M4_T_le_v4SPD16_eabi.lib</file>
         <name>array_del.obj</name>
      </input_file>
      <input_file id="fl-c9">
         <path>/home/v125/Programming/ti/ccsv7/tools/compiler/ti-cgt-arm_16.9.3.LTS/lib/</path>
         <kind>archive</kind>
         <file>rtsv7M4_T_le_v4SPD16_eabi.lib</file>
         <name>array_new.obj</name>
      </input_file>
      <input_file id="fl-ca">
         <path>/home/v125/Programming/ti/ccsv7/tools/compiler/ti-cgt-arm_16.9.3.LTS/lib/</path>
         <kind>archive</kind>
         <file>rtsv7M4_T_le_v4SPD16_eabi.lib</file>
         <name>boot.obj</name>
      </input_file>
      <input_file id="fl-cb">
         <path>/home/v125/Programming/ti/ccsv7/tools/compiler/ti-cgt-arm_16.9.3.LTS/lib/</path>
         <kind>archive</kind>
         <file>rtsv7M4_T_le_v4SPD16_eabi.lib</file>
         <name>copy_decompress_lzss.obj</name>
      </input_file>
      <input_file id="fl-cc">
         <path>/home/v125/Programming/ti/ccsv7/tools/compiler/ti-cgt-arm_16.9.3.LTS/lib/</path>
         <kind>archive</kind>
         <file>rtsv7M4_T_le_v4SPD16_eabi.lib</file>
         <name>copy_decompress_none.obj</name>
      </input_file>
      <input_file id="fl-cd">
         <path>/home/v125/Programming/ti/ccsv7/tools/compiler/ti-cgt-arm_16.9.3.LTS/lib/</path>
         <kind>archive</kind>
         <file>rtsv7M4_T_le_v4SPD16_eabi.lib</file>
         <name>copy_zero_init.obj</name>
      </input_file>
      <input_file id="fl-ce">
         <path>/home/v125/Programming/ti/ccsv7/tools/compiler/ti-cgt-arm_16.9.3.LTS/lib/</path>
         <kind>archive</kind>
         <file>rtsv7M4_T_le_v4SPD16_eabi.lib</file>
         <name>delete.obj</name>
      </input_file>
      <input_file id="fl-cf">
         <path>/home/v125/Programming/ti/ccsv7/tools/compiler/ti-cgt-arm_16.9.3.LTS/lib/</path>
         <kind>archive</kind>
         <file>rtsv7M4_T_le_v4SPD16_eabi.lib</file>
         <name>dtor_list.obj</name>
      </input_file>
      <input_file id="fl-d0">
         <path>/home/v125/Programming/ti/ccsv7/tools/compiler/ti-cgt-arm_16.9.3.LTS/lib/</path>
         <kind>archive</kind>
         <file>rtsv7M4_T_le_v4SPD16_eabi.lib</file>
         <name>e_powf.obj</name>
      </input_file>
      <input_file id="fl-d1">
         <path>/home/v125/Programming/ti/ccsv7/tools/compiler/ti-cgt-arm_16.9.3.LTS/lib/</path>
         <kind>archive</kind>
         <file>rtsv7M4_T_le_v4SPD16_eabi.lib</file>
         <name>e_sqrtf.obj</name>
      </input_file>
      <input_file id="fl-d2">
         <path>/home/v125/Programming/ti/ccsv7/tools/compiler/ti-cgt-arm_16.9.3.LTS/lib/</path>
         <kind>archive</kind>
         <file>rtsv7M4_T_le_v4SPD16_eabi.lib</file>
         <name>errno.obj</name>
      </input_file>
      <input_file id="fl-d3">
         <path>/home/v125/Programming/ti/ccsv7/tools/compiler/ti-cgt-arm_16.9.3.LTS/lib/</path>
         <kind>archive</kind>
         <file>rtsv7M4_T_le_v4SPD16_eabi.lib</file>
         <name>exit.obj</name>
      </input_file>
      <input_file id="fl-d4">
         <path>/home/v125/Programming/ti/ccsv7/tools/compiler/ti-cgt-arm_16.9.3.LTS/lib/</path>
         <kind>archive</kind>
         <file>rtsv7M4_T_le_v4SPD16_eabi.lib</file>
         <name>fd_add_t2.obj</name>
      </input_file>
      <input_file id="fl-d5">
         <path>/home/v125/Programming/ti/ccsv7/tools/compiler/ti-cgt-arm_16.9.3.LTS/lib/</path>
         <kind>archive</kind>
         <file>rtsv7M4_T_le_v4SPD16_eabi.lib</file>
         <name>fd_div_t2.obj</name>
      </input_file>
      <input_file id="fl-d6">
         <path>/home/v125/Programming/ti/ccsv7/tools/compiler/ti-cgt-arm_16.9.3.LTS/lib/</path>
         <kind>archive</kind>
         <file>rtsv7M4_T_le_v4SPD16_eabi.lib</file>
         <name>fd_mul_t2.obj</name>
      </input_file>
      <input_file id="fl-d7">
         <path>/home/v125/Programming/ti/ccsv7/tools/compiler/ti-cgt-arm_16.9.3.LTS/lib/</path>
         <kind>archive</kind>
         <file>rtsv7M4_T_le_v4SPD16_eabi.lib</file>
         <name>fd_toi_t2.obj</name>
      </input_file>
      <input_file id="fl-d8">
         <path>/home/v125/Programming/ti/ccsv7/tools/compiler/ti-cgt-arm_16.9.3.LTS/lib/</path>
         <kind>archive</kind>
         <file>rtsv7M4_T_le_v4SPD16_eabi.lib</file>
         <name>fd_tos_t2.obj</name>
      </input_file>
      <input_file id="fl-d9">
         <path>/home/v125/Programming/ti/ccsv7/tools/compiler/ti-cgt-arm_16.9.3.LTS/lib/</path>
         <kind>archive</kind>
         <file>rtsv7M4_T_le_v4SPD16_eabi.lib</file>
         <name>fs_tod_t2.obj</name>
      </input_file>
      <input_file id="fl-da">
         <path>/home/v125/Programming/ti/ccsv7/tools/compiler/ti-cgt-arm_16.9.3.LTS/lib/</path>
         <kind>archive</kind>
         <file>rtsv7M4_T_le_v4SPD16_eabi.lib</file>
         <name>guard.obj</name>
      </input_file>
      <input_file id="fl-db">
         <path>/home/v125/Programming/ti/ccsv7/tools/compiler/ti-cgt-arm_16.9.3.LTS/lib/</path>
         <kind>archive</kind>
         <file>rtsv7M4_T_le_v4SPD16_eabi.lib</file>
         <name>memcpy_t2.obj</name>
      </input_file>
      <input_file id="fl-dc">
         <path>/home/v125/Programming/ti/ccsv7/tools/compiler/ti-cgt-arm_16.9.3.LTS/lib/</path>
         <kind>archive</kind>
         <file>rtsv7M4_T_le_v4SPD16_eabi.lib</file>
         <name>memory.obj</name>
      </input_file>
      <input_file id="fl-dd">
         <path>/home/v125/Programming/ti/ccsv7/tools/compiler/ti-cgt-arm_16.9.3.LTS/lib/</path>
         <kind>archive</kind>
         <file>rtsv7M4_T_le_v4SPD16_eabi.lib</file>
         <name>memset_t2.obj</name>
      </input_file>
      <input_file id="fl-de">
         <path>/home/v125/Programming/ti/ccsv7/tools/compiler/ti-cgt-arm_16.9.3.LTS/lib/</path>
         <kind>archive</kind>
         <file>rtsv7M4_T_le_v4SPD16_eabi.lib</file>
         <name>mpu_init.obj</name>
      </input_file>
      <input_file id="fl-df">
         <path>/home/v125/Programming/ti/ccsv7/tools/compiler/ti-cgt-arm_16.9.3.LTS/lib/</path>
         <kind>archive</kind>
         <file>rtsv7M4_T_le_v4SPD16_eabi.lib</file>
         <name>new_.obj</name>
      </input_file>
      <input_file id="fl-e0">
         <path>/home/v125/Programming/ti/ccsv7/tools/compiler/ti-cgt-arm_16.9.3.LTS/lib/</path>
         <kind>archive</kind>
         <file>rtsv7M4_T_le_v4SPD16_eabi.lib</file>
         <name>newhandler.obj</name>
      </input_file>
      <input_file id="fl-e1">
         <path>/home/v125/Programming/ti/ccsv7/tools/compiler/ti-cgt-arm_16.9.3.LTS/lib/</path>
         <kind>archive</kind>
         <file>rtsv7M4_T_le_v4SPD16_eabi.lib</file>
         <name>pre_init.obj</name>
      </input_file>
      <input_file id="fl-e2">
         <path>/home/v125/Programming/ti/ccsv7/tools/compiler/ti-cgt-arm_16.9.3.LTS/lib/</path>
         <kind>archive</kind>
         <file>rtsv7M4_T_le_v4SPD16_eabi.lib</file>
         <name>s_scalbnf.obj</name>
      </input_file>
      <input_file id="fl-e3">
         <path>/home/v125/Programming/ti/ccsv7/tools/compiler/ti-cgt-arm_16.9.3.LTS/lib/</path>
         <kind>archive</kind>
         <file>rtsv7M4_T_le_v4SPD16_eabi.lib</file>
         <name>s_trunc.obj</name>
      </input_file>
      <input_file id="fl-e4">
         <path>/home/v125/Programming/ti/ccsv7/tools/compiler/ti-cgt-arm_16.9.3.LTS/lib/</path>
         <kind>archive</kind>
         <file>rtsv7M4_T_le_v4SPD16_eabi.lib</file>
         <name>stkdepth_vars.obj</name>
      </input_file>
      <input_file id="fl-e5">
         <path>/home/v125/Programming/ti/ccsv7/tools/compiler/ti-cgt-arm_16.9.3.LTS/lib/</path>
         <kind>archive</kind>
         <file>rtsv7M4_T_le_v4SPD16_eabi.lib</file>
         <name>u_divt2.obj</name>
      </input_file>
      <input_file id="fl-e6">
         <path>/home/v125/Programming/ti/ccsv7/tools/compiler/ti-cgt-arm_16.9.3.LTS/lib/</path>
         <kind>archive</kind>
         <file>rtsv7M4_T_le_v4SPD16_eabi.lib</file>
         <name>vars.obj</name>
      </input_file>
      <input_file id="fl-e7">
         <path>/home/v125/Programming/ti/ccsv7/tools/compiler/ti-cgt-arm_16.9.3.LTS/lib/</path>
         <kind>archive</kind>
         <file>rtsv7M4_T_le_v4SPD16_eabi.lib</file>
         <name>_lock.obj</name>
      </input_file>
      <input_file id="fl-e8">
         <path>/home/v125/Programming/ti/ccsv7/tools/compiler/ti-cgt-arm_16.9.3.LTS/lib/</path>
         <kind>archive</kind>
         <file>rtsv7M4_T_le_v4SPD16_eabi.lib</file>
         <name>args_main.obj</name>
      </input_file>
      <input_file id="fl-e9">
         <path>/home/v125/Programming/ti/ccsv7/tools/compiler/ti-cgt-arm_16.9.3.LTS/lib/</path>
         <kind>archive</kind>
         <file>rtsv7M4_T_le_v4SPD16_eabi.lib</file>
         <name>autoinit.obj</name>
      </input_file>
      <input_file id="fl-ea">
         <path>/home/v125/Programming/ti/ccsv7/tools/compiler/ti-cgt-arm_16.9.3.LTS/lib/</path>
         <kind>archive</kind>
         <file>rtsv7M4_T_le_v4SPD16_eabi.lib</file>
         <name>cpy_tbl.obj</name>
      </input_file>
      <input_file id="fl-eb">
         <path>/home/v125/Programming/ti/ccsv7/tools/compiler/ti-cgt-arm_16.9.3.LTS/lib/</path>
         <kind>archive</kind>
         <file>rtsv7M4_T_le_v4SPD16_eabi.lib</file>
         <name>fd_cmp_t2.obj</name>
      </input_file>
      <input_file id="fl-ec">
         <path>/home/v125/Programming/ti/ccsv7/tools/compiler/ti-cgt-arm_16.9.3.LTS/lib/</path>
         <kind>archive</kind>
         <file>rtsv7M4_T_le_v4SPD16_eabi.lib</file>
         <name>i_div0.obj</name>
      </input_file>
      <input_file id="fl-ed">
         <path>/home/v125/Programming/ti/ccsv7/tools/compiler/ti-cgt-arm_16.9.3.LTS/lib/</path>
         <kind>archive</kind>
         <file>rtsv7M4_T_le_v4SPD16_eabi.lib</file>
         <name>s_copysignf.obj</name>
      </input_file>
      <input_file id="fl-ee">
         <path>/home/v125/Programming/ti/ccsv7/tools/compiler/ti-cgt-arm_16.9.3.LTS/lib/</path>
         <kind>archive</kind>
         <file>rtsv7M4_T_le_v4SPD16_eabi.lib</file>
         <name>startup.obj</name>
      </input_file>
      <input_file id="fl-ef">
         <path>/media/v125/shared/Programming/ti/TivaWare_C_Series-2.1.4.178/driverlib/ccs/Debug/</path>
         <kind>archive</kind>
         <file>driverlib.lib</file>
         <name>fpu.obj</name>
      </input_file>
      <input_file id="fl-f0">
         <path>/media/v125/shared/Programming/ti/TivaWare_C_Series-2.1.4.178/driverlib/ccs/Debug/</path>
         <kind>archive</kind>
         <file>driverlib.lib</file>
         <name>gpio.obj</name>
      </input_file>
      <input_file id="fl-f1">
         <path>/media/v125/shared/Programming/ti/TivaWare_C_Series-2.1.4.178/driverlib/ccs/Debug/</path>
         <kind>archive</kind>
         <file>driverlib.lib</file>
         <name>interrupt.obj</name>
      </input_file>
      <input_file id="fl-f2">
         <path>/media/v125/shared/Programming/ti/TivaWare_C_Series-2.1.4.178/driverlib/ccs/Debug/</path>
         <kind>archive</kind>
         <file>driverlib.lib</file>
         <name>pwm.obj</name>
      </input_file>
      <input_file id="fl-f3">
         <path>/media/v125/shared/Programming/ti/TivaWare_C_Series-2.1.4.178/driverlib/ccs/Debug/</path>
         <kind>archive</kind>
         <file>driverlib.lib</file>
         <name>sysctl.obj</name>
      </input_file>
      <input_file id="fl-f4">
         <path>/media/v125/shared/Programming/ti/TivaWare_C_Series-2.1.4.178/driverlib/ccs/Debug/</path>
         <kind>archive</kind>
         <file>driverlib.lib</file>
         <name>systick.obj</name>
      </input_file>
      <input_file id="fl-f5">
         <path>/media/v125/shared/Programming/ti/TivaWare_C_Series-2.1.4.178/driverlib/ccs/Debug/</path>
         <kind>archive</kind>
         <file>driverlib.lib</file>
         <name>uart.obj</name>
      </input_file>
      <input_file id="fl-f6">
         <path>/media/v125/shared/Programming/ti/TivaWare_C_Series-2.1.4.178/driverlib/ccs/Debug/</path>
         <kind>archive</kind>
         <file>driverlib.lib</file>
         <name>cpu.obj</name>
      </input_file>
   </input_file_list>
   <object_component_list>
      <object_component id="oc-f">
         <name>.intvecs</name>
         <load_address>0x0</load_address>
         <run_address>0x0</run_address>
         <size>0x208</size>
         <input_file_ref idref="fl-3"/>
      </object_component>
      <object_component id="oc-ae">
         <name>.text</name>
         <load_address>0x208</load_address>
         <run_address>0x208</run_address>
         <size>0x69c</size>
         <input_file_ref idref="fl-2"/>
      </object_component>
      <object_component id="oc-e3">
         <name>.text</name>
         <load_address>0x8a4</load_address>
         <run_address>0x8a4</run_address>
         <size>0x4fc</size>
         <input_file_ref idref="fl-c"/>
      </object_component>
      <object_component id="oc-10f">
         <name>.text</name>
         <load_address>0xda0</load_address>
         <run_address>0xda0</run_address>
         <size>0x4e0</size>
         <input_file_ref idref="fl-7"/>
      </object_component>
      <object_component id="oc-1e7">
         <name>.text</name>
         <load_address>0x1280</load_address>
         <run_address>0x1280</run_address>
         <size>0x49c</size>
         <input_file_ref idref="fl-4"/>
      </object_component>
      <object_component id="oc-19d">
         <name>.text</name>
         <load_address>0x171c</load_address>
         <run_address>0x171c</run_address>
         <size>0x3d6</size>
         <input_file_ref idref="fl-a"/>
      </object_component>
      <object_component id="oc-430">
         <name>.text</name>
         <load_address>0x1af2</load_address>
         <run_address>0x1af2</run_address>
         <size>0x2</size>
         <input_file_ref idref="fl-ec"/>
      </object_component>
      <object_component id="oc-30e">
         <name>.text</name>
         <load_address>0x1af4</load_address>
         <run_address>0x1af4</run_address>
         <size>0x3d0</size>
         <input_file_ref idref="fl-dc"/>
      </object_component>
      <object_component id="oc-123">
         <name>.text</name>
         <load_address>0x1ec4</load_address>
         <run_address>0x1ec4</run_address>
         <size>0x330</size>
         <input_file_ref idref="fl-d"/>
      </object_component>
      <object_component id="oc-ef">
         <name>.text</name>
         <load_address>0x21f4</load_address>
         <run_address>0x21f4</run_address>
         <size>0x2e6</size>
         <input_file_ref idref="fl-b"/>
      </object_component>
      <object_component id="oc-5a">
         <name>.text</name>
         <load_address>0x24da</load_address>
         <run_address>0x24da</run_address>
         <size>0x2</size>
         <input_file_ref idref="fl-de"/>
      </object_component>
      <object_component id="oc-294">
         <name>.text:SysCtlClockFreqSet</name>
         <load_address>0x24dc</load_address>
         <run_address>0x24dc</run_address>
         <size>0x200</size>
         <input_file_ref idref="fl-f3"/>
      </object_component>
      <object_component id="oc-105">
         <name>.text</name>
         <load_address>0x26dc</load_address>
         <run_address>0x26dc</run_address>
         <size>0x1b6</size>
         <input_file_ref idref="fl-d4"/>
      </object_component>
      <object_component id="oc-3b8">
         <name>.text</name>
         <load_address>0x2892</load_address>
         <run_address>0x2892</run_address>
         <size>0x2</size>
         <input_file_ref idref="fl-e0"/>
      </object_component>
      <object_component id="oc-e9">
         <name>.text</name>
         <load_address>0x2894</load_address>
         <run_address>0x2894</run_address>
         <size>0x170</size>
         <input_file_ref idref="fl-9"/>
      </object_component>
      <object_component id="oc-2ac">
         <name>.text</name>
         <load_address>0x2a04</load_address>
         <run_address>0x2a04</run_address>
         <size>0x136</size>
         <input_file_ref idref="fl-d5"/>
      </object_component>
      <object_component id="oc-363">
         <name>.text:GPIOPadConfigSet</name>
         <load_address>0x2b3a</load_address>
         <run_address>0x2b3a</run_address>
         <size>0x132</size>
         <input_file_ref idref="fl-f0"/>
      </object_component>
      <object_component id="oc-11d">
         <name>.text</name>
         <load_address>0x2c6c</load_address>
         <run_address>0x2c6c</run_address>
         <size>0x10c</size>
         <input_file_ref idref="fl-5"/>
      </object_component>
      <object_component id="oc-10a">
         <name>.text</name>
         <load_address>0x2d78</load_address>
         <run_address>0x2d78</run_address>
         <size>0xfc</size>
         <input_file_ref idref="fl-d6"/>
      </object_component>
      <object_component id="oc-194">
         <name>.text</name>
         <load_address>0x2e74</load_address>
         <run_address>0x2e74</run_address>
         <size>0xf4</size>
         <input_file_ref idref="fl-cf"/>
      </object_component>
      <object_component id="oc-fa">
         <name>.text</name>
         <load_address>0x2f68</load_address>
         <run_address>0x2f68</run_address>
         <size>0xbc</size>
         <input_file_ref idref="fl-e3"/>
      </object_component>
      <object_component id="oc-165">
         <name>.text</name>
         <load_address>0x3024</load_address>
         <run_address>0x3024</run_address>
         <size>0xb4</size>
         <input_file_ref idref="fl-6"/>
      </object_component>
      <object_component id="oc-42">
         <name>.text</name>
         <load_address>0x30d8</load_address>
         <run_address>0x30d8</run_address>
         <size>0x9c</size>
         <input_file_ref idref="fl-db"/>
      </object_component>
      <object_component id="oc-256">
         <name>.text:__aeabi_cdrcmple</name>
         <load_address>0x3174</load_address>
         <run_address>0x3174</run_address>
         <size>0x86</size>
         <input_file_ref idref="fl-eb"/>
      </object_component>
      <object_component id="oc-4e">
         <name>.text</name>
         <load_address>0x31fa</load_address>
         <run_address>0x31fa</run_address>
         <size>0x7a</size>
         <input_file_ref idref="fl-dd"/>
      </object_component>
      <object_component id="oc-66">
         <name>.text</name>
         <load_address>0x3274</load_address>
         <run_address>0x3274</run_address>
         <size>0x70</size>
         <input_file_ref idref="fl-e9"/>
      </object_component>
      <object_component id="oc-2b1">
         <name>.text</name>
         <load_address>0x32e4</load_address>
         <run_address>0x32e4</run_address>
         <size>0x6e</size>
         <input_file_ref idref="fl-d8"/>
      </object_component>
      <object_component id="oc-a6">
         <name>.text</name>
         <load_address>0x3352</load_address>
         <run_address>0x3352</run_address>
         <size>0x2</size>
         <input_file_ref idref="fl-ee"/>
      </object_component>
      <object_component id="oc-1ff">
         <name>.text:IntEnable</name>
         <load_address>0x3354</load_address>
         <run_address>0x3354</run_address>
         <size>0x68</size>
         <input_file_ref idref="fl-f1"/>
      </object_component>
      <object_component id="oc-12">
         <name>.text:decompress:lzss</name>
         <load_address>0x33bc</load_address>
         <run_address>0x33bc</run_address>
         <size>0x68</size>
         <input_file_ref idref="fl-cb"/>
      </object_component>
      <object_component id="oc-180">
         <name>.text:_ZN11Performance11TaskEndHookERKy</name>
         <load_address>0x3424</load_address>
         <run_address>0x3424</run_address>
         <size>0x64</size>
         <input_file_ref idref="fl-c"/>
      </object_component>
      <object_component id="oc-179">
         <name>.text:_ZN11Performance13TaskStartHookERKyS1_S1_</name>
         <load_address>0x3488</load_address>
         <run_address>0x3488</run_address>
         <size>0x5c</size>
         <input_file_ref idref="fl-c"/>
      </object_component>
      <object_component id="oc-24">
         <name>.text</name>
         <load_address>0x34e4</load_address>
         <run_address>0x34e4</run_address>
         <size>0x54</size>
         <input_file_ref idref="fl-ca"/>
      </object_component>
      <object_component id="oc-72">
         <name>.text</name>
         <load_address>0x3538</load_address>
         <run_address>0x3538</run_address>
         <size>0x54</size>
         <input_file_ref idref="fl-d3"/>
      </object_component>
      <object_component id="oc-a0">
         <name>.text</name>
         <load_address>0x358c</load_address>
         <run_address>0x358c</run_address>
         <size>0x4c</size>
         <input_file_ref idref="fl-ea"/>
      </object_component>
      <object_component id="oc-172">
         <name>.text:_ZNV13TaskScheduler8PopFrontEv</name>
         <load_address>0x35d8</load_address>
         <run_address>0x35d8</run_address>
         <size>0x4a</size>
         <input_file_ref idref="fl-c"/>
      </object_component>
      <object_component id="oc-1d5">
         <name>.text:GPIOPinConfigure</name>
         <load_address>0x3624</load_address>
         <run_address>0x3624</run_address>
         <size>0x48</size>
         <input_file_ref idref="fl-f0"/>
      </object_component>
      <object_component id="oc-3d4">
         <name>.text:_SysCtlFrequencyGet</name>
         <load_address>0x366c</load_address>
         <run_address>0x366c</run_address>
         <size>0x48</size>
         <input_file_ref idref="fl-f3"/>
      </object_component>
      <object_component id="oc-100">
         <name>.text</name>
         <load_address>0x36b4</load_address>
         <run_address>0x36b4</run_address>
         <size>0x48</size>
         <input_file_ref idref="fl-d7"/>
      </object_component>
      <object_component id="oc-370">
         <name>.text:UARTConfigSetExpClk</name>
         <load_address>0x36fc</load_address>
         <run_address>0x36fc</run_address>
         <size>0x46</size>
         <input_file_ref idref="fl-f5"/>
      </object_component>
      <object_component id="oc-396">
         <name>.text:_UARTIntNumberGet</name>
         <load_address>0x3744</load_address>
         <run_address>0x3744</run_address>
         <size>0x40</size>
         <input_file_ref idref="fl-f5"/>
      </object_component>
      <object_component id="oc-385">
         <name>.text</name>
         <load_address>0x3784</load_address>
         <run_address>0x3784</run_address>
         <size>0x40</size>
         <input_file_ref idref="fl-e5"/>
      </object_component>
      <object_component id="oc-238">
         <name>.text:_ZN11PerformanceaSERKS_</name>
         <load_address>0x37c4</load_address>
         <run_address>0x37c4</run_address>
         <size>0x3e</size>
         <input_file_ref idref="fl-b"/>
      </object_component>
      <object_component id="oc-23f">
         <name>.text:_ZN11PerformanceaSERVKS_</name>
         <load_address>0x3802</load_address>
         <run_address>0x3802</run_address>
         <size>0x3e</size>
         <input_file_ref idref="fl-b"/>
      </object_component>
      <object_component id="oc-21e">
         <name>.text:_ZN11PerformanceC1Ev</name>
         <load_address>0x3840</load_address>
         <run_address>0x3840</run_address>
         <size>0x3c</size>
         <input_file_ref idref="fl-b"/>
      </object_component>
      <object_component id="oc-246">
         <name>.text:_ZNV11PerformanceaSERVKS_</name>
         <load_address>0x387c</load_address>
         <run_address>0x387c</run_address>
         <size>0x3c</size>
         <input_file_ref idref="fl-b"/>
      </object_component>
      <object_component id="oc-36a">
         <name>.text:SysCtlPeripheralPresent</name>
         <load_address>0x38b8</load_address>
         <run_address>0x38b8</run_address>
         <size>0x38</size>
         <input_file_ref idref="fl-f3"/>
      </object_component>
      <object_component id="oc-f5">
         <name>.text</name>
         <load_address>0x38f0</load_address>
         <run_address>0x38f0</run_address>
         <size>0x38</size>
         <input_file_ref idref="fl-d9"/>
      </object_component>
      <object_component id="oc-39c">
         <name>.text:IntRegister</name>
         <load_address>0x3928</load_address>
         <run_address>0x3928</run_address>
         <size>0x34</size>
         <input_file_ref idref="fl-f1"/>
      </object_component>
      <object_component id="oc-1cf">
         <name>.text:SysCtlPeripheralEnable</name>
         <load_address>0x395c</load_address>
         <run_address>0x395c</run_address>
         <size>0x34</size>
         <input_file_ref idref="fl-f3"/>
      </object_component>
      <object_component id="oc-232">
         <name>.text</name>
         <load_address>0x3990</load_address>
         <run_address>0x3990</run_address>
         <size>0x30</size>
         <input_file_ref idref="fl-df"/>
      </object_component>
      <object_component id="oc-35d">
         <name>.text:GPIODirModeSet</name>
         <load_address>0x39c0</load_address>
         <run_address>0x39c0</run_address>
         <size>0x2a</size>
         <input_file_ref idref="fl-f0"/>
      </object_component>
      <object_component id="oc-129">
         <name>.text:_ZNV13TaskScheduler6AddArgIfEEvT_</name>
         <load_address>0x39ea</load_address>
         <run_address>0x39ea</run_address>
         <size>0x2a</size>
         <input_file_ref idref="fl-2"/>
      </object_component>
      <object_component id="oc-137">
         <name>.text:_ZNV13TaskScheduler6AddArgIhEEvT_</name>
         <load_address>0x3a14</load_address>
         <run_address>0x3a14</run_address>
         <size>0x2a</size>
         <input_file_ref idref="fl-2"/>
      </object_component>
      <object_component id="oc-130">
         <name>.text:_ZNV13TaskScheduler6AddArgIsEEvT_</name>
         <load_address>0x3a3e</load_address>
         <run_address>0x3a3e</run_address>
         <size>0x2a</size>
         <input_file_ref idref="fl-2"/>
      </object_component>
      <object_component id="oc-2e5">
         <name>.text:IntPrioritySet</name>
         <load_address>0x3a68</load_address>
         <run_address>0x3a68</run_address>
         <size>0x24</size>
         <input_file_ref idref="fl-f1"/>
      </object_component>
      <object_component id="oc-422">
         <name>.text:UARTDisable</name>
         <load_address>0x3a8c</load_address>
         <run_address>0x3a8c</run_address>
         <size>0x20</size>
         <input_file_ref idref="fl-f5"/>
      </object_component>
      <object_component id="oc-3ce">
         <name>.text:_SysCtlMemTimingGet</name>
         <load_address>0x3aac</load_address>
         <run_address>0x3aac</run_address>
         <size>0x20</size>
         <input_file_ref idref="fl-f3"/>
      </object_component>
      <object_component id="oc-301">
         <name>.text:_ZNV10LinkedList7IsEmptyEv</name>
         <load_address>0x3acc</load_address>
         <run_address>0x3acc</run_address>
         <size>0x20</size>
         <input_file_ref idref="fl-a"/>
      </object_component>
      <object_component id="oc-18e">
         <name>.text</name>
         <load_address>0x3aec</load_address>
         <run_address>0x3aec</run_address>
         <size>0x20</size>
         <input_file_ref idref="fl-da"/>
      </object_component>
      <object_component id="oc-2c3">
         <name>.text:PWMPulseWidthGet</name>
         <load_address>0x3b0c</load_address>
         <run_address>0x3b0c</run_address>
         <size>0x1e</size>
         <input_file_ref idref="fl-f2"/>
      </object_component>
      <object_component id="oc-2bd">
         <name>.text:PWMPulseWidthSet</name>
         <load_address>0x3b2a</load_address>
         <run_address>0x3b2a</run_address>
         <size>0x1e</size>
         <input_file_ref idref="fl-f2"/>
      </object_component>
      <object_component id="oc-2df">
         <name>.text:SysTickIntRegister</name>
         <load_address>0x3b48</load_address>
         <run_address>0x3b48</run_address>
         <size>0x1c</size>
         <input_file_ref idref="fl-f4"/>
      </object_component>
      <object_component id="oc-1f9">
         <name>.text:UARTIntRegister</name>
         <load_address>0x3b64</load_address>
         <run_address>0x3b64</run_address>
         <size>0x18</size>
         <input_file_ref idref="fl-f5"/>
      </object_component>
      <object_component id="oc-6c">
         <name>.text</name>
         <load_address>0x3b7c</load_address>
         <run_address>0x3b7c</run_address>
         <size>0x18</size>
         <input_file_ref idref="fl-e8"/>
      </object_component>
      <object_component id="oc-2a0">
         <name>.text:FPUStackingEnable</name>
         <load_address>0x3b94</load_address>
         <run_address>0x3b94</run_address>
         <size>0x14</size>
         <input_file_ref idref="fl-ef"/>
      </object_component>
      <object_component id="oc-2f7">
         <name>.text:SysTickDisable</name>
         <load_address>0x3ba8</load_address>
         <run_address>0x3ba8</run_address>
         <size>0x14</size>
         <input_file_ref idref="fl-f4"/>
      </object_component>
      <object_component id="oc-2f1">
         <name>.text:SysTickEnable</name>
         <load_address>0x3bbc</load_address>
         <run_address>0x3bbc</run_address>
         <size>0x14</size>
         <input_file_ref idref="fl-f4"/>
      </object_component>
      <object_component id="oc-2eb">
         <name>.text:SysTickIntEnable</name>
         <load_address>0x3bd0</load_address>
         <run_address>0x3bd0</run_address>
         <size>0x14</size>
         <input_file_ref idref="fl-f4"/>
      </object_component>
      <object_component id="oc-376">
         <name>.text:UARTEnable</name>
         <load_address>0x3be4</load_address>
         <run_address>0x3be4</run_address>
         <size>0x14</size>
         <input_file_ref idref="fl-f5"/>
      </object_component>
      <object_component id="oc-14d">
         <name>.text</name>
         <load_address>0x3bf8</load_address>
         <run_address>0x3bf8</run_address>
         <size>0x14</size>
         <input_file_ref idref="fl-e7"/>
      </object_component>
      <object_component id="oc-1e1">
         <name>.text:GPIOPinTypeUART</name>
         <load_address>0x3c0c</load_address>
         <run_address>0x3c0c</run_address>
         <size>0x12</size>
         <input_file_ref idref="fl-f0"/>
      </object_component>
      <object_component id="oc-29a">
         <name>.text:FPUEnable</name>
         <load_address>0x3c20</load_address>
         <run_address>0x3c20</run_address>
         <size>0x10</size>
         <input_file_ref idref="fl-ef"/>
      </object_component>
      <object_component id="oc-2b7">
         <name>.text:IntMasterDisable</name>
         <load_address>0x3c30</load_address>
         <run_address>0x3c30</run_address>
         <size>0x10</size>
         <input_file_ref idref="fl-f1"/>
      </object_component>
      <object_component id="oc-205">
         <name>.text:IntMasterEnable</name>
         <load_address>0x3c40</load_address>
         <run_address>0x3c40</run_address>
         <size>0x10</size>
         <input_file_ref idref="fl-f1"/>
      </object_component>
      <object_component id="oc-2a6">
         <name>.text:SysCtlReset</name>
         <load_address>0x3c50</load_address>
         <run_address>0x3c50</run_address>
         <size>0x10</size>
         <input_file_ref idref="fl-f3"/>
      </object_component>
      <object_component id="oc-2d9">
         <name>.text:SysTickPeriodSet</name>
         <load_address>0x3c60</load_address>
         <run_address>0x3c60</run_address>
         <size>0x10</size>
         <input_file_ref idref="fl-f4"/>
      </object_component>
      <object_component id="oc-324">
         <name>.text:_ZN7_llnodeD1Ev</name>
         <load_address>0x3c70</load_address>
         <run_address>0x3c70</run_address>
         <size>0x10</size>
         <input_file_ref idref="fl-a"/>
      </object_component>
      <object_component id="oc-187">
         <name>.text:_ZNV13TaskScheduler9PeekFrontEv</name>
         <load_address>0x3c80</load_address>
         <run_address>0x3c80</run_address>
         <size>0x10</size>
         <input_file_ref idref="fl-c"/>
      </object_component>
      <object_component id="oc-1c9">
         <name>.text:UARTCharsAvail</name>
         <load_address>0x3c90</load_address>
         <run_address>0x3c90</run_address>
         <size>0xe</size>
         <input_file_ref idref="fl-f5"/>
      </object_component>
      <object_component id="oc-18">
         <name>.text:decompress:none</name>
         <load_address>0x3c9e</load_address>
         <run_address>0x3c9e</run_address>
         <size>0xe</size>
         <input_file_ref idref="fl-cc"/>
      </object_component>
      <object_component id="oc-3e9">
         <name>.text:CPUcpsid</name>
         <load_address>0x3cac</load_address>
         <run_address>0x3cac</run_address>
         <size>0xc</size>
         <input_file_ref idref="fl-f6"/>
      </object_component>
      <object_component id="oc-3a8">
         <name>.text:CPUcpsie</name>
         <load_address>0x3cb8</load_address>
         <run_address>0x3cb8</run_address>
         <size>0xc</size>
         <input_file_ref idref="fl-f6"/>
      </object_component>
      <object_component id="oc-22b">
         <name>.text:_ZN11PerformanceD1Ev</name>
         <load_address>0x3cc4</load_address>
         <run_address>0x3cc4</run_address>
         <size>0xc</size>
         <input_file_ref idref="fl-b"/>
      </object_component>
      <object_component id="oc-16b">
         <name>.text:_ZNV13TaskScheduler7IsEmptyEv</name>
         <load_address>0x3cd0</load_address>
         <run_address>0x3cd0</run_address>
         <size>0xc</size>
         <input_file_ref idref="fl-c"/>
      </object_component>
      <object_component id="oc-1e">
         <name>.text:decompress:ZI</name>
         <load_address>0x3cdc</load_address>
         <run_address>0x3cdc</run_address>
         <size>0xc</size>
         <input_file_ref idref="fl-cd"/>
      </object_component>
      <object_component id="oc-2e">
         <name>.text</name>
         <load_address>0x3ce8</load_address>
         <run_address>0x3ce8</run_address>
         <size>0xc</size>
         <input_file_ref idref="fl-3"/>
      </object_component>
      <object_component id="oc-1bd">
         <name>.text:UARTCharGet</name>
         <load_address>0x3cf4</load_address>
         <run_address>0x3cf4</run_address>
         <size>0xa</size>
         <input_file_ref idref="fl-f5"/>
      </object_component>
      <object_component id="oc-1c3">
         <name>.text:UARTCharPut</name>
         <load_address>0x3cfe</load_address>
         <run_address>0x3cfe</run_address>
         <size>0xa</size>
         <input_file_ref idref="fl-f5"/>
      </object_component>
      <object_component id="oc-1f3">
         <name>.text:UARTIntEnable</name>
         <load_address>0x3d08</load_address>
         <run_address>0x3d08</run_address>
         <size>0x8</size>
         <input_file_ref idref="fl-f5"/>
      </object_component>
      <object_component id="oc-225">
         <name>.text</name>
         <load_address>0x3d10</load_address>
         <run_address>0x3d10</run_address>
         <size>0x8</size>
         <input_file_ref idref="fl-ce"/>
      </object_component>
      <object_component id="oc-2b6">
         <name>.text:SysCtlDelay</name>
         <load_address>0x3d18</load_address>
         <run_address>0x3d18</run_address>
         <size>0x6</size>
         <input_file_ref idref="fl-f3"/>
      </object_component>
      <object_component id="oc-1db">
         <name>.text:UARTClockSourceSet</name>
         <load_address>0x3d1e</load_address>
         <run_address>0x3d1e</run_address>
         <size>0x6</size>
         <input_file_ref idref="fl-f5"/>
      </object_component>
      <object_component id="oc-1ed">
         <name>.text:UARTFIFOLevelSet</name>
         <load_address>0x3d24</load_address>
         <run_address>0x3d24</run_address>
         <size>0x6</size>
         <input_file_ref idref="fl-f5"/>
      </object_component>
      <object_component id="oc-1b7">
         <name>.text:UARTIntClear</name>
         <load_address>0x3d2a</load_address>
         <run_address>0x3d2a</run_address>
         <size>0x4</size>
         <input_file_ref idref="fl-f5"/>
      </object_component>
      <object_component id="oc-60">
         <name>.text</name>
         <load_address>0x3d2e</load_address>
         <run_address>0x3d2e</run_address>
         <size>0x4</size>
         <input_file_ref idref="fl-e1"/>
      </object_component>
      <object_component id="oc-3dd">
         <name>.const:g_pppui32XTALtoVCO</name>
         <load_address>0x3d34</load_address>
         <run_address>0x3d34</run_address>
         <size>0x1b0</size>
         <input_file_ref idref="fl-f3"/>
      </object_component>
      <object_component id="oc-3fe">
         <name>.const:g_pui32Regs</name>
         <load_address>0x3ee4</load_address>
         <run_address>0x3ee4</run_address>
         <size>0x9c</size>
         <input_file_ref idref="fl-f1"/>
      </object_component>
      <object_component id="oc-357">
         <name>.const:g_pui32GPIOBaseAddrs</name>
         <load_address>0x3f80</load_address>
         <run_address>0x3f80</run_address>
         <size>0x90</size>
         <input_file_ref idref="fl-f0"/>
      </object_component>
      <object_component id="oc-3a3">
         <name>.const</name>
         <load_address>0x4010</load_address>
         <run_address>0x4010</run_address>
         <size>0x70</size>
         <input_file_ref idref="fl-f1"/>
      </object_component>
      <object_component id="oc-3da">
         <name>.const:g_pui32Xtals</name>
         <load_address>0x4080</load_address>
         <run_address>0x4080</run_address>
         <size>0x6c</size>
         <input_file_ref idref="fl-f3"/>
      </object_component>
      <object_component id="oc-118">
         <name>.const:evName$1</name>
         <load_address>0x40ec</load_address>
         <run_address>0x40ec</run_address>
         <size>0x69</size>
         <input_file_ref idref="fl-2"/>
      </object_component>
      <object_component id="oc-43c">
         <name>.const:g_ppui32UARTIntMap</name>
         <load_address>0x4158</load_address>
         <run_address>0x4158</run_address>
         <size>0x40</size>
         <input_file_ref idref="fl-f5"/>
      </object_component>
      <object_component id="oc-43f">
         <name>.const:g_ppui32UARTIntMapSnowflake</name>
         <load_address>0x4198</load_address>
         <run_address>0x4198</run_address>
         <size>0x40</size>
         <input_file_ref idref="fl-f5"/>
      </object_component>
      <object_component id="oc-453">
         <name>.const:g_sXTALtoMEMTIM</name>
         <load_address>0x41d8</load_address>
         <run_address>0x41d8</run_address>
         <size>0x30</size>
         <input_file_ref idref="fl-f3"/>
      </object_component>
      <object_component id="oc-437">
         <name>.const:.string</name>
         <load_address>0x4208</load_address>
         <run_address>0x4208</run_address>
         <size>0x12</size>
         <input_file_ref idref="fl-4"/>
      </object_component>
      <object_component id="oc-382">
         <name>.const:g_ui32UARTBase</name>
         <load_address>0x421c</load_address>
         <run_address>0x421c</run_address>
         <size>0xc</size>
         <input_file_ref idref="fl-4"/>
      </object_component>
      <object_component id="oc-37c">
         <name>.const:g_ui32UARTPeriph</name>
         <load_address>0x4228</load_address>
         <run_address>0x4228</run_address>
         <size>0xc</size>
         <input_file_ref idref="fl-4"/>
      </object_component>
      <object_component id="oc-3e0">
         <name>.const</name>
         <load_address>0x4234</load_address>
         <run_address>0x4234</run_address>
         <size>0x8</size>
         <input_file_ref idref="fl-f3"/>
      </object_component>
      <object_component id="oc-38a">
         <name>.const</name>
         <load_address>0x423c</load_address>
         <run_address>0x423c</run_address>
         <size>0x4</size>
         <input_file_ref idref="fl-4"/>
      </object_component>
      <object_component id="oc-495">
         <name>.cinit..data.load</name>
         <load_address>0x4240</load_address>
         <run_address>0x4240</run_address>
         <size>0x24</size>
      </object_component>
      <object_component id="oc-492">
         <name>__TI_handler_table</name>
         <load_address>0x4264</load_address>
         <run_address>0x4264</run_address>
         <size>0xc</size>
      </object_component>
      <object_component id="oc-496">
         <name>.cinit..bss.load</name>
         <load_address>0x4270</load_address>
         <run_address>0x4270</run_address>
         <size>0x8</size>
      </object_component>
      <object_component id="oc-494">
         <name>.cinit..vtable.load</name>
         <load_address>0x4278</load_address>
         <run_address>0x4278</run_address>
         <size>0x8</size>
      </object_component>
      <object_component id="oc-493">
         <name>__TI_cinit_table</name>
         <load_address>0x4280</load_address>
         <run_address>0x4280</run_address>
         <size>0x18</size>
      </object_component>
      <object_component id="oc-443">
         <name>.vtable</name>
         <uninitialized>true</uninitialized>
         <run_address>0x20000000</run_address>
         <size>0x26c</size>
         <input_file_ref idref="fl-f1"/>
      </object_component>
      <object_component id="oc-37f">
         <name>.data</name>
         <load_address>0x200016dc</load_address>
         <run_address>0x200016dc</run_address>
         <size>0x5</size>
         <input_file_ref idref="fl-4"/>
      </object_component>
      <object_component id="oc-2fd">
         <name>.data</name>
         <load_address>0x200016d4</load_address>
         <run_address>0x200016d4</run_address>
         <size>0x8</size>
         <input_file_ref idref="fl-6"/>
      </object_component>
      <object_component id="oc-269">
         <name>.data</name>
         <load_address>0x200016e4</load_address>
         <run_address>0x200016e4</run_address>
         <size>0x4</size>
         <input_file_ref idref="fl-7"/>
      </object_component>
      <object_component id="oc-20c">
         <name>.data</name>
         <load_address>0x200016f4</load_address>
         <run_address>0x200016f4</run_address>
         <size>0x2</size>
         <input_file_ref idref="fl-9"/>
      </object_component>
      <object_component id="oc-32b">
         <name>.data</name>
         <load_address>0x200016e2</load_address>
         <run_address>0x200016e2</run_address>
         <size>0x2</size>
         <input_file_ref idref="fl-a"/>
      </object_component>
      <object_component id="oc-19a">
         <name>.data:__kernelVector</name>
         <load_address>0x20001680</load_address>
         <run_address>0x20001680</run_address>
         <size>0x28</size>
         <input_file_ref idref="fl-c"/>
      </object_component>
      <object_component id="oc-115">
         <name>.data</name>
         <load_address>0x200016c0</load_address>
         <run_address>0x200016c0</run_address>
         <size>0xc</size>
         <input_file_ref idref="fl-c"/>
      </object_component>
      <object_component id="oc-314">
         <name>.data</name>
         <load_address>0x200016e8</load_address>
         <run_address>0x200016e8</run_address>
         <size>0x4</size>
         <input_file_ref idref="fl-cf"/>
      </object_component>
      <object_component id="oc-b6">
         <name>.data:$O1$$</name>
         <load_address>0x200016a8</load_address>
         <run_address>0x200016a8</run_address>
         <size>0xc</size>
         <input_file_ref idref="fl-d3"/>
      </object_component>
      <object_component id="oc-408">
         <name>.data:$O1$$</name>
         <load_address>0x200016b4</load_address>
         <run_address>0x200016b4</run_address>
         <size>0xc</size>
         <input_file_ref idref="fl-dc"/>
      </object_component>
      <object_component id="oc-78">
         <name>.data</name>
         <load_address>0x200016ec</load_address>
         <run_address>0x200016ec</run_address>
         <size>0x4</size>
         <input_file_ref idref="fl-e4"/>
      </object_component>
      <object_component id="oc-3b5">
         <name>.data</name>
         <load_address>0x200016f0</load_address>
         <run_address>0x200016f0</run_address>
         <size>0x4</size>
         <input_file_ref idref="fl-e6"/>
      </object_component>
      <object_component id="oc-b9">
         <name>.data:$O1$$</name>
         <load_address>0x200016cc</load_address>
         <run_address>0x200016cc</run_address>
         <size>0x8</size>
         <input_file_ref idref="fl-e7"/>
      </object_component>
      <object_component id="oc-266">
         <name>.bss:_ZZN8EventLog4GetIEvE17singletonInstance</name>
         <uninitialized>true</uninitialized>
         <run_address>0x20001470</run_address>
         <size>0x168</size>
         <input_file_ref idref="fl-7"/>
      </object_component>
      <object_component id="oc-265">
         <name>.bss</name>
         <uninitialized>true</uninitialized>
         <run_address>0x20001664</run_address>
         <size>0x4</size>
         <input_file_ref idref="fl-7"/>
      </object_component>
      <object_component id="oc-20e">
         <name>.bss:_ZZN10SerialPort4GetIEvE17singletonInstance</name>
         <uninitialized>true</uninitialized>
         <run_address>0x20001660</run_address>
         <size>0x4</size>
         <input_file_ref idref="fl-9"/>
      </object_component>
      <object_component id="oc-20b">
         <name>.bss:txBuffer$1</name>
         <uninitialized>true</uninitialized>
         <run_address>0x20001270</run_address>
         <size>0x200</size>
         <input_file_ref idref="fl-9"/>
      </object_component>
      <object_component id="oc-20d">
         <name>.bss</name>
         <uninitialized>true</uninitialized>
         <run_address>0x20001670</run_address>
         <size>0x4</size>
         <input_file_ref idref="fl-9"/>
      </object_component>
      <object_component id="oc-1a4">
         <name>.bss:_ZZN13TaskScheduler4GetIEvE17singletonInstance</name>
         <uninitialized>true</uninitialized>
         <run_address>0x200015d8</run_address>
         <size>0x60</size>
         <input_file_ref idref="fl-c"/>
      </object_component>
      <object_component id="oc-1a3">
         <name>.bss</name>
         <uninitialized>true</uninitialized>
         <run_address>0x20001668</run_address>
         <size>0x4</size>
         <input_file_ref idref="fl-c"/>
      </object_component>
      <object_component id="oc-2d0">
         <name>.bss:_ZZN7TestMod4GetIEvE17singletonInstance</name>
         <uninitialized>true</uninitialized>
         <run_address>0x20001638</run_address>
         <size>0x14</size>
         <input_file_ref idref="fl-d"/>
      </object_component>
      <object_component id="oc-2cf">
         <name>.bss</name>
         <uninitialized>true</uninitialized>
         <run_address>0x2000166c</run_address>
         <size>0x4</size>
         <input_file_ref idref="fl-d"/>
      </object_component>
      <object_component id="oc-119">
         <name>.common:_kerInterface</name>
         <uninitialized>true</uninitialized>
         <run_address>0x2000164c</run_address>
         <size>0x14</size>
      </object_component>
      <object_component id="oc-2c9">
         <name>.common:g_ui32SysClock</name>
         <uninitialized>true</uninitialized>
         <run_address>0x20001678</run_address>
         <size>0x4</size>
      </object_component>
      <object_component id="oc-1a7">
         <name>.common:__dso_handle</name>
         <uninitialized>true</uninitialized>
         <run_address>0x20001674</run_address>
         <size>0x4</size>
      </object_component>
      <object_component id="oc-2b">
         <name>.sysmem</name>
         <uninitialized>true</uninitialized>
         <run_address>0x20000a70</run_address>
         <size>0x8</size>
         <input_file_ref idref="fl-dc"/>
      </object_component>
      <object_component id="oc-498">
         <name>.sysmem</name>
         <uninitialized>true</uninitialized>
         <run_address>0x20000a70</run_address>
         <size>0x0</size>
      </object_component>
      <object_component id="oc-2a">
         <name>.stack</name>
         <uninitialized>true</uninitialized>
         <run_address>0x2000026c</run_address>
         <size>0x0</size>
         <input_file_ref idref="fl-ca"/>
      </object_component>
      <object_component id="oc-497">
         <name>.stack</name>
         <uninitialized>true</uninitialized>
         <run_address>0x2000026c</run_address>
         <size>0x0</size>
      </object_component>
      <object_component id="oc-11a">
         <name>.debug_info</name>
         <load_address>0x0</load_address>
         <run_address>0x0</run_address>
         <size>0xf61</size>
         <input_file_ref idref="fl-2"/>
      </object_component>
      <object_component id="oc-12a">
         <name>.debug_info</name>
         <load_address>0xf61</load_address>
         <run_address>0xf61</run_address>
         <size>0x25a</size>
         <input_file_ref idref="fl-2"/>
      </object_component>
      <object_component id="oc-131">
         <name>.debug_info</name>
         <load_address>0x11bb</load_address>
         <run_address>0x11bb</run_address>
         <size>0x259</size>
         <input_file_ref idref="fl-2"/>
      </object_component>
      <object_component id="oc-138">
         <name>.debug_info</name>
         <load_address>0x1414</load_address>
         <run_address>0x1414</run_address>
         <size>0x259</size>
         <input_file_ref idref="fl-2"/>
      </object_component>
      <object_component id="oc-af">
         <name>.debug_info</name>
         <load_address>0x166d</load_address>
         <run_address>0x166d</run_address>
         <size>0xd6e</size>
         <input_file_ref idref="fl-2"/>
      </object_component>
      <object_component id="oc-26d">
         <name>.debug_info</name>
         <load_address>0x23db</load_address>
         <run_address>0x23db</run_address>
         <size>0x2dc</size>
         <input_file_ref idref="fl-2"/>
      </object_component>
      <object_component id="oc-276">
         <name>.debug_info</name>
         <load_address>0x26b7</load_address>
         <run_address>0x26b7</run_address>
         <size>0x252</size>
         <input_file_ref idref="fl-2"/>
      </object_component>
      <object_component id="oc-27b">
         <name>.debug_info</name>
         <load_address>0x2909</load_address>
         <run_address>0x2909</run_address>
         <size>0x178</size>
         <input_file_ref idref="fl-2"/>
      </object_component>
      <object_component id="oc-212">
         <name>.debug_info</name>
         <load_address>0x2a81</load_address>
         <run_address>0x2a81</run_address>
         <size>0xdf</size>
         <input_file_ref idref="fl-2"/>
      </object_component>
      <object_component id="oc-280">
         <name>.debug_info</name>
         <load_address>0x2b60</load_address>
         <run_address>0x2b60</run_address>
         <size>0x2a2</size>
         <input_file_ref idref="fl-2"/>
      </object_component>
      <object_component id="oc-285">
         <name>.debug_info</name>
         <load_address>0x2e02</load_address>
         <run_address>0x2e02</run_address>
         <size>0x2e0</size>
         <input_file_ref idref="fl-2"/>
      </object_component>
      <object_component id="oc-28a">
         <name>.debug_info</name>
         <load_address>0x30e2</load_address>
         <run_address>0x30e2</run_address>
         <size>0x107</size>
         <input_file_ref idref="fl-2"/>
      </object_component>
      <object_component id="oc-cf">
         <name>.debug_info</name>
         <load_address>0x31e9</load_address>
         <run_address>0x31e9</run_address>
         <size>0x8b</size>
         <input_file_ref idref="fl-2"/>
      </object_component>
      <object_component id="oc-28f">
         <name>.debug_info</name>
         <load_address>0x3274</load_address>
         <run_address>0x3274</run_address>
         <size>0x14d</size>
         <input_file_ref idref="fl-2"/>
      </object_component>
      <object_component id="oc-13f">
         <name>.debug_info</name>
         <load_address>0x33c1</load_address>
         <run_address>0x33c1</run_address>
         <size>0x18b</size>
         <input_file_ref idref="fl-2"/>
      </object_component>
      <object_component id="oc-34b">
         <name>.debug_info</name>
         <load_address>0x354c</load_address>
         <run_address>0x354c</run_address>
         <size>0x2c</size>
         <input_file_ref idref="fl-2"/>
      </object_component>
      <object_component id="oc-36">
         <name>.debug_info</name>
         <load_address>0x3578</load_address>
         <run_address>0x3578</run_address>
         <size>0x2a7</size>
         <input_file_ref idref="fl-3"/>
      </object_component>
      <object_component id="oc-10">
         <name>.debug_info</name>
         <load_address>0x381f</load_address>
         <run_address>0x381f</run_address>
         <size>0xf8</size>
         <input_file_ref idref="fl-3"/>
      </object_component>
      <object_component id="oc-2f">
         <name>.debug_info</name>
         <load_address>0x3917</load_address>
         <run_address>0x3917</run_address>
         <size>0x277</size>
         <input_file_ref idref="fl-3"/>
      </object_component>
      <object_component id="oc-3d">
         <name>.debug_info</name>
         <load_address>0x3b8e</load_address>
         <run_address>0x3b8e</run_address>
         <size>0x84</size>
         <input_file_ref idref="fl-3"/>
      </object_component>
      <object_component id="oc-83">
         <name>.debug_info</name>
         <load_address>0x3c12</load_address>
         <run_address>0x3c12</run_address>
         <size>0x18b</size>
         <input_file_ref idref="fl-3"/>
      </object_component>
      <object_component id="oc-38e">
         <name>.debug_info</name>
         <load_address>0x3d9d</load_address>
         <run_address>0x3d9d</run_address>
         <size>0x421</size>
         <input_file_ref idref="fl-4"/>
      </object_component>
      <object_component id="oc-380">
         <name>.debug_info</name>
         <load_address>0x41be</load_address>
         <run_address>0x41be</run_address>
         <size>0x124</size>
         <input_file_ref idref="fl-4"/>
      </object_component>
      <object_component id="oc-38b">
         <name>.debug_info</name>
         <load_address>0x42e2</load_address>
         <run_address>0x42e2</run_address>
         <size>0x11e</size>
         <input_file_ref idref="fl-4"/>
      </object_component>
      <object_component id="oc-383">
         <name>.debug_info</name>
         <load_address>0x4400</load_address>
         <run_address>0x4400</run_address>
         <size>0x12c</size>
         <input_file_ref idref="fl-4"/>
      </object_component>
      <object_component id="oc-37d">
         <name>.debug_info</name>
         <load_address>0x452c</load_address>
         <run_address>0x452c</run_address>
         <size>0x130</size>
         <input_file_ref idref="fl-4"/>
      </object_component>
      <object_component id="oc-1e8">
         <name>.debug_info</name>
         <load_address>0x465c</load_address>
         <run_address>0x465c</run_address>
         <size>0xad9</size>
         <input_file_ref idref="fl-4"/>
      </object_component>
      <object_component id="oc-38f">
         <name>.debug_info</name>
         <load_address>0x5135</load_address>
         <run_address>0x5135</run_address>
         <size>0x4e</size>
         <input_file_ref idref="fl-4"/>
      </object_component>
      <object_component id="oc-2ca">
         <name>.debug_info</name>
         <load_address>0x5183</load_address>
         <run_address>0x5183</run_address>
         <size>0x4b1</size>
         <input_file_ref idref="fl-5"/>
      </object_component>
      <object_component id="oc-11e">
         <name>.debug_info</name>
         <load_address>0x5634</load_address>
         <run_address>0x5634</run_address>
         <size>0x6ed</size>
         <input_file_ref idref="fl-5"/>
      </object_component>
      <object_component id="oc-97">
         <name>.debug_info</name>
         <load_address>0x5d21</load_address>
         <run_address>0x5d21</run_address>
         <size>0x2c</size>
         <input_file_ref idref="fl-5"/>
      </object_component>
      <object_component id="oc-2cc">
         <name>.debug_info</name>
         <load_address>0x5d4d</load_address>
         <run_address>0x5d4d</run_address>
         <size>0x41b</size>
         <input_file_ref idref="fl-6"/>
      </object_component>
      <object_component id="oc-2fe">
         <name>.debug_info</name>
         <load_address>0x6168</load_address>
         <run_address>0x6168</run_address>
         <size>0x118</size>
         <input_file_ref idref="fl-6"/>
      </object_component>
      <object_component id="oc-166">
         <name>.debug_info</name>
         <load_address>0x6280</load_address>
         <run_address>0x6280</run_address>
         <size>0x3d3</size>
         <input_file_ref idref="fl-6"/>
      </object_component>
      <object_component id="oc-26b">
         <name>.debug_info</name>
         <load_address>0x6653</load_address>
         <run_address>0x6653</run_address>
         <size>0x91e</size>
         <input_file_ref idref="fl-7"/>
      </object_component>
      <object_component id="oc-267">
         <name>.debug_info</name>
         <load_address>0x6f71</load_address>
         <run_address>0x6f71</run_address>
         <size>0x10b</size>
         <input_file_ref idref="fl-7"/>
      </object_component>
      <object_component id="oc-110">
         <name>.debug_info</name>
         <load_address>0x707c</load_address>
         <run_address>0x707c</run_address>
         <size>0xf6d</size>
         <input_file_ref idref="fl-7"/>
      </object_component>
      <object_component id="oc-346">
         <name>.debug_info</name>
         <load_address>0x7fe9</load_address>
         <run_address>0x7fe9</run_address>
         <size>0x252</size>
         <input_file_ref idref="fl-7"/>
      </object_component>
      <object_component id="oc-1b2">
         <name>.debug_info</name>
         <load_address>0x823b</load_address>
         <run_address>0x823b</run_address>
         <size>0x2a2</size>
         <input_file_ref idref="fl-7"/>
      </object_component>
      <object_component id="oc-1ad">
         <name>.debug_info</name>
         <load_address>0x84dd</load_address>
         <run_address>0x84dd</run_address>
         <size>0x2a1</size>
         <input_file_ref idref="fl-7"/>
      </object_component>
      <object_component id="oc-217">
         <name>.debug_info</name>
         <load_address>0x877e</load_address>
         <run_address>0x877e</run_address>
         <size>0x7a3</size>
         <input_file_ref idref="fl-9"/>
      </object_component>
      <object_component id="oc-20f">
         <name>.debug_info</name>
         <load_address>0x8f21</load_address>
         <run_address>0x8f21</run_address>
         <size>0x114</size>
         <input_file_ref idref="fl-9"/>
      </object_component>
      <object_component id="oc-ea">
         <name>.debug_info</name>
         <load_address>0x9035</load_address>
         <run_address>0x9035</run_address>
         <size>0x82e</size>
         <input_file_ref idref="fl-9"/>
      </object_component>
      <object_component id="oc-219">
         <name>.debug_info</name>
         <load_address>0x9863</load_address>
         <run_address>0x9863</run_address>
         <size>0x67</size>
         <input_file_ref idref="fl-9"/>
      </object_component>
      <object_component id="oc-334">
         <name>.debug_info</name>
         <load_address>0x98ca</load_address>
         <run_address>0x98ca</run_address>
         <size>0x69b</size>
         <input_file_ref idref="fl-a"/>
      </object_component>
      <object_component id="oc-32c">
         <name>.debug_info</name>
         <load_address>0x9f65</load_address>
         <run_address>0x9f65</run_address>
         <size>0xf2</size>
         <input_file_ref idref="fl-a"/>
      </object_component>
      <object_component id="oc-325">
         <name>.debug_info</name>
         <load_address>0xa057</load_address>
         <run_address>0xa057</run_address>
         <size>0x145</size>
         <input_file_ref idref="fl-a"/>
      </object_component>
      <object_component id="oc-302">
         <name>.debug_info</name>
         <load_address>0xa19c</load_address>
         <run_address>0xa19c</run_address>
         <size>0x17a</size>
         <input_file_ref idref="fl-a"/>
      </object_component>
      <object_component id="oc-19e">
         <name>.debug_info</name>
         <load_address>0xa316</load_address>
         <run_address>0xa316</run_address>
         <size>0xa8b</size>
         <input_file_ref idref="fl-a"/>
      </object_component>
      <object_component id="oc-32f">
         <name>.debug_info</name>
         <load_address>0xada1</load_address>
         <run_address>0xada1</run_address>
         <size>0x252</size>
         <input_file_ref idref="fl-a"/>
      </object_component>
      <object_component id="oc-336">
         <name>.debug_info</name>
         <load_address>0xaff3</load_address>
         <run_address>0xaff3</run_address>
         <size>0x2ab</size>
         <input_file_ref idref="fl-a"/>
      </object_component>
      <object_component id="oc-253">
         <name>.debug_info</name>
         <load_address>0xb29e</load_address>
         <run_address>0xb29e</run_address>
         <size>0x54e</size>
         <input_file_ref idref="fl-b"/>
      </object_component>
      <object_component id="oc-21f">
         <name>.debug_info</name>
         <load_address>0xb7ec</load_address>
         <run_address>0xb7ec</run_address>
         <size>0x177</size>
         <input_file_ref idref="fl-b"/>
      </object_component>
      <object_component id="oc-22c">
         <name>.debug_info</name>
         <load_address>0xb963</load_address>
         <run_address>0xb963</run_address>
         <size>0x178</size>
         <input_file_ref idref="fl-b"/>
      </object_component>
      <object_component id="oc-239">
         <name>.debug_info</name>
         <load_address>0xbadb</load_address>
         <run_address>0xbadb</run_address>
         <size>0x198</size>
         <input_file_ref idref="fl-b"/>
      </object_component>
      <object_component id="oc-240">
         <name>.debug_info</name>
         <load_address>0xbc73</load_address>
         <run_address>0xbc73</run_address>
         <size>0x199</size>
         <input_file_ref idref="fl-b"/>
      </object_component>
      <object_component id="oc-247">
         <name>.debug_info</name>
         <load_address>0xbe0c</load_address>
         <run_address>0xbe0c</run_address>
         <size>0x19a</size>
         <input_file_ref idref="fl-b"/>
      </object_component>
      <object_component id="oc-f0">
         <name>.debug_info</name>
         <load_address>0xbfa6</load_address>
         <run_address>0xbfa6</run_address>
         <size>0xcf2</size>
         <input_file_ref idref="fl-b"/>
      </object_component>
      <object_component id="oc-24e">
         <name>.debug_info</name>
         <load_address>0xcc98</load_address>
         <run_address>0xcc98</run_address>
         <size>0x2b4</size>
         <input_file_ref idref="fl-b"/>
      </object_component>
      <object_component id="oc-1ab">
         <name>.debug_info</name>
         <load_address>0xcf4c</load_address>
         <run_address>0xcf4c</run_address>
         <size>0xcd6</size>
         <input_file_ref idref="fl-c"/>
      </object_component>
      <object_component id="oc-19b">
         <name>.debug_info</name>
         <load_address>0xdc22</load_address>
         <run_address>0xdc22</run_address>
         <size>0xff</size>
         <input_file_ref idref="fl-c"/>
      </object_component>
      <object_component id="oc-1a5">
         <name>.debug_info</name>
         <load_address>0xdd21</load_address>
         <run_address>0xdd21</run_address>
         <size>0x124</size>
         <input_file_ref idref="fl-c"/>
      </object_component>
      <object_component id="oc-116">
         <name>.debug_info</name>
         <load_address>0xde45</load_address>
         <run_address>0xde45</run_address>
         <size>0x101</size>
         <input_file_ref idref="fl-c"/>
      </object_component>
      <object_component id="oc-17a">
         <name>.debug_info</name>
         <load_address>0xdf46</load_address>
         <run_address>0xdf46</run_address>
         <size>0x243</size>
         <input_file_ref idref="fl-c"/>
      </object_component>
      <object_component id="oc-181">
         <name>.debug_info</name>
         <load_address>0xe189</load_address>
         <run_address>0xe189</run_address>
         <size>0x1cd</size>
         <input_file_ref idref="fl-c"/>
      </object_component>
      <object_component id="oc-16c">
         <name>.debug_info</name>
         <load_address>0xe356</load_address>
         <run_address>0xe356</run_address>
         <size>0x1a7</size>
         <input_file_ref idref="fl-c"/>
      </object_component>
      <object_component id="oc-173">
         <name>.debug_info</name>
         <load_address>0xe4fd</load_address>
         <run_address>0xe4fd</run_address>
         <size>0x2bb</size>
         <input_file_ref idref="fl-c"/>
      </object_component>
      <object_component id="oc-188">
         <name>.debug_info</name>
         <load_address>0xe7b8</load_address>
         <run_address>0xe7b8</run_address>
         <size>0x18a</size>
         <input_file_ref idref="fl-c"/>
      </object_component>
      <object_component id="oc-e4">
         <name>.debug_info</name>
         <load_address>0xe942</load_address>
         <run_address>0xe942</run_address>
         <size>0x1901</size>
         <input_file_ref idref="fl-c"/>
      </object_component>
      <object_component id="oc-2d4">
         <name>.debug_info</name>
         <load_address>0x10243</load_address>
         <run_address>0x10243</run_address>
         <size>0xa5c</size>
         <input_file_ref idref="fl-d"/>
      </object_component>
      <object_component id="oc-2d1">
         <name>.debug_info</name>
         <load_address>0x10c9f</load_address>
         <run_address>0x10c9f</run_address>
         <size>0x111</size>
         <input_file_ref idref="fl-d"/>
      </object_component>
      <object_component id="oc-124">
         <name>.debug_info</name>
         <load_address>0x10db0</load_address>
         <run_address>0x10db0</run_address>
         <size>0xc25</size>
         <input_file_ref idref="fl-d"/>
      </object_component>
      <object_component id="oc-33f">
         <name>.debug_info</name>
         <load_address>0x119d5</load_address>
         <run_address>0x119d5</run_address>
         <size>0x2c</size>
         <input_file_ref idref="fl-c9"/>
      </object_component>
      <object_component id="oc-25">
         <name>.debug_info</name>
         <load_address>0x11a01</load_address>
         <run_address>0x11a01</run_address>
         <size>0x160</size>
         <input_file_ref idref="fl-ca"/>
      </object_component>
      <object_component id="oc-8d">
         <name>.debug_info</name>
         <load_address>0x11b61</load_address>
         <run_address>0x11b61</run_address>
         <size>0x293</size>
         <input_file_ref idref="fl-cb"/>
      </object_component>
      <object_component id="oc-13">
         <name>.debug_info</name>
         <load_address>0x11df4</load_address>
         <run_address>0x11df4</run_address>
         <size>0x245</size>
         <input_file_ref idref="fl-cb"/>
      </object_component>
      <object_component id="oc-38">
         <name>.debug_info</name>
         <load_address>0x12039</load_address>
         <run_address>0x12039</run_address>
         <size>0x60</size>
         <input_file_ref idref="fl-cb"/>
      </object_component>
      <object_component id="oc-88">
         <name>.debug_info</name>
         <load_address>0x12099</load_address>
         <run_address>0x12099</run_address>
         <size>0x46</size>
         <input_file_ref idref="fl-cb"/>
      </object_component>
      <object_component id="oc-4d">
         <name>.debug_info</name>
         <load_address>0x120df</load_address>
         <run_address>0x120df</run_address>
         <size>0x2da</size>
         <input_file_ref idref="fl-cc"/>
      </object_component>
      <object_component id="oc-19">
         <name>.debug_info</name>
         <load_address>0x123b9</load_address>
         <run_address>0x123b9</run_address>
         <size>0x1df</size>
         <input_file_ref idref="fl-cc"/>
      </object_component>
      <object_component id="oc-48">
         <name>.debug_info</name>
         <load_address>0x12598</load_address>
         <run_address>0x12598</run_address>
         <size>0x46</size>
         <input_file_ref idref="fl-cc"/>
      </object_component>
      <object_component id="oc-8f">
         <name>.debug_info</name>
         <load_address>0x125de</load_address>
         <run_address>0x125de</run_address>
         <size>0x2c</size>
         <input_file_ref idref="fl-cc"/>
      </object_component>
      <object_component id="oc-59">
         <name>.debug_info</name>
         <load_address>0x1260a</load_address>
         <run_address>0x1260a</run_address>
         <size>0x2c9</size>
         <input_file_ref idref="fl-cd"/>
      </object_component>
      <object_component id="oc-1f">
         <name>.debug_info</name>
         <load_address>0x128d3</load_address>
         <run_address>0x128d3</run_address>
         <size>0x1aa</size>
         <input_file_ref idref="fl-cd"/>
      </object_component>
      <object_component id="oc-54">
         <name>.debug_info</name>
         <load_address>0x12a7d</load_address>
         <run_address>0x12a7d</run_address>
         <size>0x46</size>
         <input_file_ref idref="fl-cd"/>
      </object_component>
      <object_component id="oc-3b4">
         <name>.debug_info</name>
         <load_address>0x12ac3</load_address>
         <run_address>0x12ac3</run_address>
         <size>0x296</size>
         <input_file_ref idref="fl-ce"/>
      </object_component>
      <object_component id="oc-226">
         <name>.debug_info</name>
         <load_address>0x12d59</load_address>
         <run_address>0x12d59</run_address>
         <size>0x164</size>
         <input_file_ref idref="fl-ce"/>
      </object_component>
      <object_component id="oc-1a8">
         <name>.debug_info</name>
         <load_address>0x12ebd</load_address>
         <run_address>0x12ebd</run_address>
         <size>0x3ab</size>
         <input_file_ref idref="fl-cf"/>
      </object_component>
      <object_component id="oc-315">
         <name>.debug_info</name>
         <load_address>0x13268</load_address>
         <run_address>0x13268</run_address>
         <size>0x11d</size>
         <input_file_ref idref="fl-cf"/>
      </object_component>
      <object_component id="oc-195">
         <name>.debug_info</name>
         <load_address>0x13385</load_address>
         <run_address>0x13385</run_address>
         <size>0x596</size>
         <input_file_ref idref="fl-cf"/>
      </object_component>
      <object_component id="oc-318">
         <name>.debug_info</name>
         <load_address>0x1391b</load_address>
         <run_address>0x1391b</run_address>
         <size>0x46</size>
         <input_file_ref idref="fl-cf"/>
      </object_component>
      <object_component id="oc-31d">
         <name>.debug_info</name>
         <load_address>0x13961</load_address>
         <run_address>0x13961</run_address>
         <size>0xa3</size>
         <input_file_ref idref="fl-cf"/>
      </object_component>
      <object_component id="oc-25d">
         <name>.debug_info</name>
         <load_address>0x13a04</load_address>
         <run_address>0x13a04</run_address>
         <size>0x39</size>
         <input_file_ref idref="fl-d0"/>
      </object_component>
      <object_component id="oc-bd">
         <name>.debug_info</name>
         <load_address>0x13a3d</load_address>
         <run_address>0x13a3d</run_address>
         <size>0x3ce</size>
         <input_file_ref idref="fl-d3"/>
      </object_component>
      <object_component id="oc-b7">
         <name>.debug_info</name>
         <load_address>0x13e0b</load_address>
         <run_address>0x13e0b</run_address>
         <size>0x185</size>
         <input_file_ref idref="fl-d3"/>
      </object_component>
      <object_component id="oc-73">
         <name>.debug_info</name>
         <load_address>0x13f90</load_address>
         <run_address>0x13f90</run_address>
         <size>0x214</size>
         <input_file_ref idref="fl-d3"/>
      </object_component>
      <object_component id="oc-106">
         <name>.debug_info</name>
         <load_address>0x141a4</load_address>
         <run_address>0x141a4</run_address>
         <size>0x144</size>
         <input_file_ref idref="fl-d4"/>
      </object_component>
      <object_component id="oc-2ad">
         <name>.debug_info</name>
         <load_address>0x142e8</load_address>
         <run_address>0x142e8</run_address>
         <size>0x132</size>
         <input_file_ref idref="fl-d5"/>
      </object_component>
      <object_component id="oc-10b">
         <name>.debug_info</name>
         <load_address>0x1441a</load_address>
         <run_address>0x1441a</run_address>
         <size>0x132</size>
         <input_file_ref idref="fl-d6"/>
      </object_component>
      <object_component id="oc-101">
         <name>.debug_info</name>
         <load_address>0x1454c</load_address>
         <run_address>0x1454c</run_address>
         <size>0x126</size>
         <input_file_ref idref="fl-d7"/>
      </object_component>
      <object_component id="oc-2b2">
         <name>.debug_info</name>
         <load_address>0x14672</load_address>
         <run_address>0x14672</run_address>
         <size>0x136</size>
         <input_file_ref idref="fl-d8"/>
      </object_component>
      <object_component id="oc-f6">
         <name>.debug_info</name>
         <load_address>0x147a8</load_address>
         <run_address>0x147a8</run_address>
         <size>0x124</size>
         <input_file_ref idref="fl-d9"/>
      </object_component>
      <object_component id="oc-407">
         <name>.debug_info</name>
         <load_address>0x148cc</load_address>
         <run_address>0x148cc</run_address>
         <size>0x27b</size>
         <input_file_ref idref="fl-da"/>
      </object_component>
      <object_component id="oc-18f">
         <name>.debug_info</name>
         <load_address>0x14b47</load_address>
         <run_address>0x14b47</run_address>
         <size>0x29e</size>
         <input_file_ref idref="fl-da"/>
      </object_component>
      <object_component id="oc-309">
         <name>.debug_info</name>
         <load_address>0x14de5</load_address>
         <run_address>0x14de5</run_address>
         <size>0x39</size>
         <input_file_ref idref="fl-da"/>
      </object_component>
      <object_component id="oc-43">
         <name>.debug_info</name>
         <load_address>0x14e1e</load_address>
         <run_address>0x14e1e</run_address>
         <size>0x111</size>
         <input_file_ref idref="fl-db"/>
      </object_component>
      <object_component id="oc-7e">
         <name>.debug_info</name>
         <load_address>0x14f2f</load_address>
         <run_address>0x14f2f</run_address>
         <size>0x3bc</size>
         <input_file_ref idref="fl-dc"/>
      </object_component>
      <object_component id="oc-2c">
         <name>.debug_info</name>
         <load_address>0x152eb</load_address>
         <run_address>0x152eb</run_address>
         <size>0x101</size>
         <input_file_ref idref="fl-dc"/>
      </object_component>
      <object_component id="oc-409">
         <name>.debug_info</name>
         <load_address>0x153ec</load_address>
         <run_address>0x153ec</run_address>
         <size>0x14c</size>
         <input_file_ref idref="fl-dc"/>
      </object_component>
      <object_component id="oc-30f">
         <name>.debug_info</name>
         <load_address>0x15538</load_address>
[...]
         <name>_ZN13TaskSchedulerD2Ev</name>
         <value>0xd7d</value>
         <object_component_ref idref="oc-e3"/>
      </symbol>
      <symbol id="sm-3e1">
         <name>_ZNV13TaskScheduler8PopFrontEv</name>
         <value>0x35d9</value>
         <object_component_ref idref="oc-172"/>
      </symbol>
      <symbol id="sm-3e2">
         <name>_ZNV13TaskScheduler10RemoveTaskEt</name>
         <value>0xd23</value>
         <object_component_ref idref="oc-e3"/>
      </symbol>
      <symbol id="sm-3e3">
         <name>_Z15_TSSyncCallbackv</name>
         <value>0x94d</value>
         <object_component_ref idref="oc-e3"/>
      </symbol>
      <symbol id="sm-3e4">
         <name>_ZN13TaskScheduler15ValidKernModuleEh</name>
         <value>0xac7</value>
         <object_component_ref idref="oc-e3"/>
      </symbol>
      <symbol id="sm-3e5">
         <name>_ZNV13TaskScheduler11SyncTaskPerEhhxii</name>
         <value>0xbfd</value>
         <object_component_ref idref="oc-e3"/>
      </symbol>
      <symbol id="sm-41f">
         <name>_ZN7TestMod4GetIEv</name>
         <value>0x1f73</value>
         <object_component_ref idref="oc-123"/>
      </symbol>
      <symbol id="sm-420">
         <name>_ZN7TestMod10PrintFloatEf</name>
         <value>0x2085</value>
         <object_component_ref idref="oc-123"/>
      </symbol>
      <symbol id="sm-421">
         <name>_ZN7TestModD1Ev</name>
         <value>0x210f</value>
         <object_component_ref idref="oc-123"/>
      </symbol>
      <symbol id="sm-422">
         <name>_Z23_TESTMOD_KernelCallbackv</name>
         <value>0x1ec5</value>
         <object_component_ref idref="oc-123"/>
      </symbol>
      <symbol id="sm-423">
         <name>_ZN7TestModC1Ev</name>
         <value>0x20fb</value>
         <object_component_ref idref="oc-123"/>
      </symbol>
      <symbol id="sm-424">
         <name>_ZN7TestModD2Ev</name>
         <value>0x210f</value>
         <object_component_ref idref="oc-123"/>
      </symbol>
      <symbol id="sm-425">
         <name>_ZN7TestMod11PrintStringEPc</name>
         <value>0x2015</value>
         <object_component_ref idref="oc-123"/>
      </symbol>
      <symbol id="sm-426">
         <name>_ZN7TestMod6InitSWEv</name>
         <value>0x1fb9</value>
         <object_component_ref idref="oc-123"/>
      </symbol>
      <symbol id="sm-427">
         <name>_ZN7TestModC2Ev</name>
         <value>0x20fb</value>
         <object_component_ref idref="oc-123"/>
      </symbol>
      <symbol id="sm-428">
         <name>_ZN7TestMod6InitHWEv</name>
         <value>0x1fa7</value>
         <object_component_ref idref="oc-123"/>
      </symbol>
      <symbol id="sm-429">
         <name>_ZN7TestMod4GetPEv</name>
         <value>0x1f9f</value>
         <object_component_ref idref="oc-123"/>
      </symbol>
      <symbol id="sm-42a">
         <name>_ZN7TestMod10PrintInt16Esh</name>
         <value>0x1fd9</value>
         <object_component_ref idref="oc-123"/>
      </symbol>
      <symbol id="sm-442">
         <name>_c_int00</name>
         <value>0x34e5</value>
         <object_component_ref idref="oc-24"/>
      </symbol>
      <symbol id="sm-443">
         <name>__stack</name>
         <value>0x2000026c</value>
         <object_component_ref idref="oc-2a"/>
      </symbol>
      <symbol id="sm-461">
         <name>__TI_decompress_lzss</name>
         <value>0x33bd</value>
         <object_component_ref idref="oc-12"/>
      </symbol>
      <symbol id="sm-478">
         <name>__TI_decompress_none</name>
         <value>0x3c9f</value>
         <object_component_ref idref="oc-18"/>
      </symbol>
      <symbol id="sm-48a">
         <name>__TI_zero_init</name>
         <value>0x3cdd</value>
         <object_component_ref idref="oc-1e"/>
      </symbol>
      <symbol id="sm-498">
         <name>_ZdlPv</name>
         <value>0x3d11</value>
         <object_component_ref idref="oc-225"/>
      </symbol>
      <symbol id="sm-4cb">
         <name>__dso_handle</name>
         <value>0x20001674</value>
      </symbol>
      <symbol id="sm-4cc">
         <name>__aeabi_atexit</name>
         <value>0x2f0f</value>
         <object_component_ref idref="oc-194"/>
      </symbol>
      <symbol id="sm-4cd">
         <name>__cxa_atexit</name>
         <value>0x2ebd</value>
         <object_component_ref idref="oc-194"/>
      </symbol>
      <symbol id="sm-4ce">
         <name>__cxa_finalize</name>
         <value>0x2e75</value>
         <object_component_ref idref="oc-194"/>
      </symbol>
      <symbol id="sm-4cf">
         <name>atexit</name>
         <value>0x2f01</value>
         <object_component_ref idref="oc-194"/>
      </symbol>
      <symbol id="sm-4d0">
         <name>__cxa_ia64_exit</name>
         <value>0x2eb7</value>
         <object_component_ref idref="oc-194"/>
      </symbol>
      <symbol id="sm-4f9">
         <name>C$$EXIT</name>
         <value>0x3539</value>
         <object_component_ref idref="oc-72"/>
      </symbol>
      <symbol id="sm-4fa">
         <name>abort</name>
         <value>0x353d</value>
         <object_component_ref idref="oc-72"/>
      </symbol>
      <symbol id="sm-4fb">
         <name>exit</name>
         <value>0x3545</value>
         <object_component_ref idref="oc-72"/>
      </symbol>
      <symbol id="sm-4fc">
         <name>__TI_dtors_ptr</name>
         <value>0x200016ac</value>
         <object_component_ref idref="oc-b6"/>
      </symbol>
      <symbol id="sm-4fd">
         <name>__TI_cleanup_ptr</name>
         <value>0x200016a8</value>
         <object_component_ref idref="oc-b6"/>
      </symbol>
      <symbol id="sm-4fe">
         <name>__TI_enable_exit_profile_output</name>
         <value>0x200016b0</value>
         <object_component_ref idref="oc-b6"/>
      </symbol>
      <symbol id="sm-515">
         <name>__aeabi_dsub</name>
         <value>0x26dd</value>
         <object_component_ref idref="oc-105"/>
      </symbol>
      <symbol id="sm-516">
         <name>__aeabi_dadd</name>
         <value>0x26e7</value>
         <object_component_ref idref="oc-105"/>
      </symbol>
      <symbol id="sm-52a">
         <name>__aeabi_ddiv</name>
         <value>0x2a05</value>
         <object_component_ref idref="oc-2ac"/>
      </symbol>
      <symbol id="sm-535">
         <name>__aeabi_dmul</name>
         <value>0x2d79</value>
         <object_component_ref idref="oc-10a"/>
      </symbol>
      <symbol id="sm-53f">
         <name>__aeabi_d2iz</name>
         <value>0x36b5</value>
         <object_component_ref idref="oc-100"/>
      </symbol>
      <symbol id="sm-54b">
         <name>__aeabi_d2f</name>
         <value>0x32e5</value>
         <object_component_ref idref="oc-2b1"/>
      </symbol>
      <symbol id="sm-556">
         <name>__aeabi_f2d</name>
         <value>0x38f1</value>
         <object_component_ref idref="oc-f5"/>
      </symbol>
      <symbol id="sm-56a">
         <name>__cxa_guard_release</name>
         <value>0x3aed</value>
         <object_component_ref idref="oc-18e"/>
      </symbol>
      <symbol id="sm-56b">
         <name>__cxa_guard_abort</name>
         <value>0x3b03</value>
         <object_component_ref idref="oc-18e"/>
      </symbol>
      <symbol id="sm-56c">
         <name>__cxa_guard_acquire</name>
         <value>0x3af7</value>
         <object_component_ref idref="oc-18e"/>
      </symbol>
      <symbol id="sm-587">
         <name>memcpy</name>
         <value>0x30d9</value>
         <object_component_ref idref="oc-42"/>
      </symbol>
      <symbol id="sm-588">
         <name>__aeabi_memcpy</name>
         <value>0x30d9</value>
         <object_component_ref idref="oc-42"/>
      </symbol>
      <symbol id="sm-589">
         <name>__aeabi_memcpy8</name>
         <value>0x30d9</value>
         <object_component_ref idref="oc-42"/>
      </symbol>
      <symbol id="sm-58a">
         <name>__aeabi_memcpy4</name>
         <value>0x30d9</value>
         <object_component_ref idref="oc-42"/>
      </symbol>
      <symbol id="sm-5fe">
         <name>_sys_memory</name>
         <value>0x20000a70</value>
         <object_component_ref idref="oc-2b"/>
      </symbol>
      <symbol id="sm-5ff">
         <name>free</name>
         <value>0x1bdf</value>
         <object_component_ref idref="oc-30e"/>
      </symbol>
      <symbol id="sm-600">
         <name>realloc</name>
         <value>0x1ca1</value>
         <object_component_ref idref="oc-30e"/>
      </symbol>
      <symbol id="sm-601">
         <name>memalign</name>
         <value>0x1da9</value>
         <object_component_ref idref="oc-30e"/>
      </symbol>
      <symbol id="sm-602">
         <name>calloc</name>
         <value>0x1e95</value>
         <object_component_ref idref="oc-30e"/>
      </symbol>
      <symbol id="sm-603">
         <name>malloc</name>
         <value>0x1b75</value>
         <object_component_ref idref="oc-30e"/>
      </symbol>
      <symbol id="sm-604">
         <name>minit</name>
         <value>0x1af5</value>
         <object_component_ref idref="oc-30e"/>
      </symbol>
      <symbol id="sm-613">
         <name>__aeabi_memset</name>
         <value>0x31fd</value>
         <object_component_ref idref="oc-4e"/>
      </symbol>
      <symbol id="sm-614">
         <name>memset</name>
         <value>0x3203</value>
         <object_component_ref idref="oc-4e"/>
      </symbol>
      <symbol id="sm-615">
         <name>__aeabi_memset8</name>
         <value>0x31fd</value>
         <object_component_ref idref="oc-4e"/>
      </symbol>
      <symbol id="sm-616">
         <name>__aeabi_memset4</name>
         <value>0x31fd</value>
         <object_component_ref idref="oc-4e"/>
      </symbol>
      <symbol id="sm-617">
         <name>__aeabi_memclr8</name>
         <value>0x31fb</value>
         <object_component_ref idref="oc-4e"/>
      </symbol>
      <symbol id="sm-618">
         <name>__aeabi_memclr4</name>
         <value>0x31fb</value>
         <object_component_ref idref="oc-4e"/>
      </symbol>
      <symbol id="sm-619">
         <name>__aeabi_memclr</name>
         <value>0x31fb</value>
         <object_component_ref idref="oc-4e"/>
      </symbol>
      <symbol id="sm-623">
         <name>__mpu_init</name>
         <value>0x24db</value>
         <object_component_ref idref="oc-5a"/>
      </symbol>
      <symbol id="sm-63a">
         <name>_Znwj</name>
         <value>0x3991</value>
         <object_component_ref idref="oc-232"/>
      </symbol>
      <symbol id="sm-644">
         <name>_Z21__default_new_handlerv</name>
         <value>0x2893</value>
         <object_component_ref idref="oc-3b8"/>
      </symbol>
      <symbol id="sm-64e">
         <name>_system_pre_init</name>
         <value>0x3d2f</value>
         <object_component_ref idref="oc-60"/>
      </symbol>
      <symbol id="sm-667">
         <name>trunc</name>
         <value>0x2f69</value>
         <object_component_ref idref="oc-fa"/>
      </symbol>
      <symbol id="sm-668">
         <name>truncl</name>
         <value>0x2f69</value>
         <object_component_ref idref="oc-fa"/>
      </symbol>
      <symbol id="sm-670">
         <name>main_func_sp</name>
         <value>0x200016ec</value>
         <object_component_ref idref="oc-78"/>
      </symbol>
      <symbol id="sm-67f">
         <name>__aeabi_uidivmod</name>
         <value>0x3785</value>
         <object_component_ref idref="oc-385"/>
      </symbol>
      <symbol id="sm-680">
         <name>__aeabi_uidiv</name>
         <value>0x3785</value>
         <object_component_ref idref="oc-385"/>
      </symbol>
      <symbol id="sm-688">
         <name>_new_handler</name>
         <value>0x200016f0</value>
         <object_component_ref idref="oc-3b5"/>
      </symbol>
      <symbol id="sm-6a1">
         <name>_nop</name>
         <value>0x3c07</value>
         <object_component_ref idref="oc-14d"/>
      </symbol>
      <symbol id="sm-6a2">
         <name>_lock</name>
         <value>0x200016cc</value>
         <object_component_ref idref="oc-b9"/>
      </symbol>
      <symbol id="sm-6a3">
         <name>_unlock</name>
         <value>0x200016d0</value>
         <object_component_ref idref="oc-b9"/>
      </symbol>
      <symbol id="sm-6a4">
         <name>_register_lock</name>
         <value>0x3bff</value>
         <object_component_ref idref="oc-14d"/>
      </symbol>
      <symbol id="sm-6a5">
         <name>_register_unlock</name>
         <value>0x3bf9</value>
         <object_component_ref idref="oc-14d"/>
      </symbol>
      <symbol id="sm-6b9">
         <name>_args_main</name>
         <value>0x3b7d</value>
         <object_component_ref idref="oc-6c"/>
      </symbol>
      <symbol id="sm-6e3">
         <name>__TI_auto_init</name>
         <value>0x3275</value>
         <object_component_ref idref="oc-66"/>
      </symbol>
      <symbol id="sm-6fd">
         <name>copy_in</name>
         <value>0x358d</value>
         <object_component_ref idref="oc-a0"/>
      </symbol>
      <symbol id="sm-70f">
         <name>__aeabi_cdrcmple</name>
         <value>0x3175</value>
         <object_component_ref idref="oc-256"/>
      </symbol>
      <symbol id="sm-719">
         <name>__aeabi_idiv0</name>
         <value>0x1af3</value>
         <object_component_ref idref="oc-430"/>
      </symbol>
      <symbol id="sm-724">
         <name>_system_post_cinit</name>
         <value>0x3353</value>
         <object_component_ref idref="oc-a6"/>
      </symbol>
      <symbol id="sm-73a">
         <name>FPUStackingEnable</name>
         <value>0x3b95</value>
         <object_component_ref idref="oc-2a0"/>
      </symbol>
      <symbol id="sm-73b">
         <name>FPUEnable</name>
         <value>0x3c21</value>
         <object_component_ref idref="oc-29a"/>
      </symbol>
      <symbol id="sm-76d">
         <name>GPIOPinConfigure</name>
         <value>0x3625</value>
         <object_component_ref idref="oc-1d5"/>
      </symbol>
      <symbol id="sm-76e">
         <name>GPIOPinTypeUART</name>
         <value>0x3c0d</value>
         <object_component_ref idref="oc-1e1"/>
      </symbol>
      <symbol id="sm-76f">
         <name>GPIODirModeSet</name>
         <value>0x39c1</value>
         <object_component_ref idref="oc-35d"/>
      </symbol>
      <symbol id="sm-770">
         <name>GPIOPadConfigSet</name>
         <value>0x2b3b</value>
         <object_component_ref idref="oc-363"/>
      </symbol>
      <symbol id="sm-7cc">
         <name>IntPrioritySet</name>
         <value>0x3a69</value>
         <object_component_ref idref="oc-2e5"/>
      </symbol>
      <symbol id="sm-7cd">
         <name>IntEnable</name>
         <value>0x3355</value>
         <object_component_ref idref="oc-1ff"/>
      </symbol>
      <symbol id="sm-7ce">
         <name>IntRegister</name>
         <value>0x3929</value>
         <object_component_ref idref="oc-39c"/>
      </symbol>
      <symbol id="sm-7cf">
         <name>IntMasterDisable</name>
         <value>0x3c31</value>
         <object_component_ref idref="oc-2b7"/>
      </symbol>
      <symbol id="sm-7d0">
         <name>g_pfnRAMVectors</name>
         <value>0x20000000</value>
         <object_component_ref idref="oc-443"/>
      </symbol>
      <symbol id="sm-7d1">
         <name>IntMasterEnable</name>
         <value>0x3c41</value>
         <object_component_ref idref="oc-205"/>
      </symbol>
      <symbol id="sm-7e6">
         <name>PWMPulseWidthSet</name>
         <value>0x3b2b</value>
         <object_component_ref idref="oc-2bd"/>
      </symbol>
      <symbol id="sm-7e7">
         <name>PWMPulseWidthGet</name>
         <value>0x3b0d</value>
         <object_component_ref idref="oc-2c3"/>
      </symbol>
      <symbol id="sm-86f">
         <name>SysCtlPeripheralPresent</name>
         <value>0x38b9</value>
         <object_component_ref idref="oc-36a"/>
      </symbol>
      <symbol id="sm-870">
         <name>SysCtlDelay</name>
         <value>0x3d19</value>
         <object_component_ref idref="oc-2b6"/>
      </symbol>
      <symbol id="sm-871">
         <name>SysCtlPeripheralEnable</name>
         <value>0x395d</value>
         <object_component_ref idref="oc-1cf"/>
      </symbol>
      <symbol id="sm-872">
         <name>SysCtlReset</name>
         <value>0x3c51</value>
         <object_component_ref idref="oc-2a6"/>
      </symbol>
      <symbol id="sm-873">
         <name>SysCtlClockFreqSet</name>
         <value>0x24dd</value>
         <object_component_ref idref="oc-294"/>
      </symbol>
      <symbol id="sm-8aa">
         <name>SysTickEnable</name>
         <value>0x3bbd</value>
         <object_component_ref idref="oc-2f1"/>
      </symbol>
      <symbol id="sm-8ab">
         <name>SysTickIntRegister</name>
         <value>0x3b49</value>
         <object_component_ref idref="oc-2df"/>
      </symbol>
      <symbol id="sm-8ac">
         <name>SysTickIntEnable</name>
         <value>0x3bd1</value>
         <object_component_ref idref="oc-2eb"/>
      </symbol>
      <symbol id="sm-8ad">
         <name>SysTickPeriodSet</name>
         <value>0x3c61</value>
         <object_component_ref idref="oc-2d9"/>
      </symbol>
      <symbol id="sm-8ae">
         <name>SysTickDisable</name>
         <value>0x3ba9</value>
         <object_component_ref idref="oc-2f7"/>
      </symbol>
      <symbol id="sm-930">
         <name>UARTConfigSetExpClk</name>
         <value>0x36fd</value>
         <object_component_ref idref="oc-370"/>
      </symbol>
      <symbol id="sm-931">
         <name>UARTDisable</name>
         <value>0x3a8d</value>
         <object_component_ref idref="oc-422"/>
      </symbol>
      <symbol id="sm-932">
         <name>UARTIntEnable</name>
         <value>0x3d09</value>
         <object_component_ref idref="oc-1f3"/>
      </symbol>
      <symbol id="sm-933">
         <name>UARTCharsAvail</name>
         <value>0x3c91</value>
         <object_component_ref idref="oc-1c9"/>
      </symbol>
      <symbol id="sm-934">
         <name>UARTClockSourceSet</name>
         <value>0x3d1f</value>
         <object_component_ref idref="oc-1db"/>
      </symbol>
      <symbol id="sm-935">
         <name>UARTCharPut</name>
         <value>0x3cff</value>
         <object_component_ref idref="oc-1c3"/>
      </symbol>
      <symbol id="sm-936">
         <name>UARTEnable</name>
         <value>0x3be5</value>
         <object_component_ref idref="oc-376"/>
      </symbol>
      <symbol id="sm-937">
         <name>UARTIntClear</name>
         <value>0x3d2b</value>
         <object_component_ref idref="oc-1b7"/>
      </symbol>
      <symbol id="sm-938">
         <name>UARTCharGet</name>
         <value>0x3cf5</value>
         <object_component_ref idref="oc-1bd"/>
      </symbol>
      <symbol id="sm-939">
         <name>UARTFIFOLevelSet</name>
         <value>0x3d25</value>
         <object_component_ref idref="oc-1ed"/>
      </symbol>
      <symbol id="sm-93a">
         <name>UARTIntRegister</name>
         <value>0x3b65</value>
         <object_component_ref idref="oc-1f9"/>
      </symbol>
      <symbol id="sm-94c">
         <name>CPUcpsie</name>
         <value>0x3cb9</value>
         <object_component_ref idref="oc-3a8"/>
      </symbol>
      <symbol id="sm-94d">
         <name>CPUcpsid</name>
         <value>0x3cad</value>
         <object_component_ref idref="oc-3e9"/>
      </symbol>
      <symbol id="sm-94e">
         <name>__TI_static_base__</name>
         <value>0x0</value>
      </symbol>
      <symbol id="sm-951">
         <name>SHT$$INIT_ARRAY$$Limit</name>
         <value>0x0</value>
      </symbol>
      <symbol id="sm-952">
         <name>SHT$$INIT_ARRAY$$Base</name>
         <value>0x0</value>
      </symbol>
      <symbol id="sm-953">
         <name>_ZdaPv</name>
         <value>0x3d11</value>
      </symbol>
      <symbol id="sm-954">
         <name>_Znaj</name>
         <value>0x3991</value>
      </symbol>
   </symbol_table>
   <title>Link successful</title>
</link_info>
